Archive member included to satisfy reference by file (symbol)

c:/st/stm32cubeide_1.4.0/stm32cubeide/plugins/com.st.stm32cube.ide.mcu.externaltools.gnu-tools-for-stm32.7-2018-q2-update.win32_1.4.0.202007081208/tools/bin/../lib/gcc/arm-none-eabi/7.3.1/../../../../arm-none-eabi/lib/thumb/v7-m\libc_nano.a(lib_a-errno.o)
                              Src/syscalls.o (__errno)
c:/st/stm32cubeide_1.4.0/stm32cubeide/plugins/com.st.stm32cube.ide.mcu.externaltools.gnu-tools-for-stm32.7-2018-q2-update.win32_1.4.0.202007081208/tools/bin/../lib/gcc/arm-none-eabi/7.3.1/../../../../arm-none-eabi/lib/thumb/v7-m\libc_nano.a(lib_a-exit.o)
                              c:/st/stm32cubeide_1.4.0/stm32cubeide/plugins/com.st.stm32cube.ide.mcu.externaltools.gnu-tools-for-stm32.7-2018-q2-update.win32_1.4.0.202007081208/tools/bin/../lib/gcc/arm-none-eabi/7.3.1/../../../../arm-none-eabi/lib/thumb/v7-m/crt0.o (exit)
c:/st/stm32cubeide_1.4.0/stm32cubeide/plugins/com.st.stm32cube.ide.mcu.externaltools.gnu-tools-for-stm32.7-2018-q2-update.win32_1.4.0.202007081208/tools/bin/../lib/gcc/arm-none-eabi/7.3.1/../../../../arm-none-eabi/lib/thumb/v7-m\libc_nano.a(lib_a-impure.o)
                              c:/st/stm32cubeide_1.4.0/stm32cubeide/plugins/com.st.stm32cube.ide.mcu.externaltools.gnu-tools-for-stm32.7-2018-q2-update.win32_1.4.0.202007081208/tools/bin/../lib/gcc/arm-none-eabi/7.3.1/../../../../arm-none-eabi/lib/thumb/v7-m\libc_nano.a(lib_a-exit.o) (_global_impure_ptr)
c:/st/stm32cubeide_1.4.0/stm32cubeide/plugins/com.st.stm32cube.ide.mcu.externaltools.gnu-tools-for-stm32.7-2018-q2-update.win32_1.4.0.202007081208/tools/bin/../lib/gcc/arm-none-eabi/7.3.1/../../../../arm-none-eabi/lib/thumb/v7-m\libc_nano.a(lib_a-init.o)
                              c:/st/stm32cubeide_1.4.0/stm32cubeide/plugins/com.st.stm32cube.ide.mcu.externaltools.gnu-tools-for-stm32.7-2018-q2-update.win32_1.4.0.202007081208/tools/bin/../lib/gcc/arm-none-eabi/7.3.1/../../../../arm-none-eabi/lib/thumb/v7-m/crt0.o (__libc_init_array)
c:/st/stm32cubeide_1.4.0/stm32cubeide/plugins/com.st.stm32cube.ide.mcu.externaltools.gnu-tools-for-stm32.7-2018-q2-update.win32_1.4.0.202007081208/tools/bin/../lib/gcc/arm-none-eabi/7.3.1/../../../../arm-none-eabi/lib/thumb/v7-m\libc_nano.a(lib_a-memset.o)
                              c:/st/stm32cubeide_1.4.0/stm32cubeide/plugins/com.st.stm32cube.ide.mcu.externaltools.gnu-tools-for-stm32.7-2018-q2-update.win32_1.4.0.202007081208/tools/bin/../lib/gcc/arm-none-eabi/7.3.1/../../../../arm-none-eabi/lib/thumb/v7-m/crt0.o (memset)

Allocating common symbols
Common symbol       size              file

I2C_Cfg             0x38              stm32f103x6_Drivers/I2C/stm32f103x6_I2C_driver.o
P_SPI_Cfg1          0x14              stm32f103x6_Drivers/SPI/stm32f103x6_SPI_driver.o
PinCfg              0x4               HAL/KeyPad/keypad.o
P_SPI_Cfg2          0x14              stm32f103x6_Drivers/SPI/stm32f103x6_SPI_driver.o
GP_IRQ_CallBack     0x3c              stm32f103x6_Drivers/EXTI/stm32f103x6_EXTI_driver.o

Discarded input sections

 .text          0x0000000000000000        0x0 c:/st/stm32cubeide_1.4.0/stm32cubeide/plugins/com.st.stm32cube.ide.mcu.externaltools.gnu-tools-for-stm32.7-2018-q2-update.win32_1.4.0.202007081208/tools/bin/../lib/gcc/arm-none-eabi/7.3.1/thumb/v7-m/crti.o
 .data          0x0000000000000000        0x0 c:/st/stm32cubeide_1.4.0/stm32cubeide/plugins/com.st.stm32cube.ide.mcu.externaltools.gnu-tools-for-stm32.7-2018-q2-update.win32_1.4.0.202007081208/tools/bin/../lib/gcc/arm-none-eabi/7.3.1/thumb/v7-m/crti.o
 .bss           0x0000000000000000        0x0 c:/st/stm32cubeide_1.4.0/stm32cubeide/plugins/com.st.stm32cube.ide.mcu.externaltools.gnu-tools-for-stm32.7-2018-q2-update.win32_1.4.0.202007081208/tools/bin/../lib/gcc/arm-none-eabi/7.3.1/thumb/v7-m/crti.o
 .data          0x0000000000000000        0x4 c:/st/stm32cubeide_1.4.0/stm32cubeide/plugins/com.st.stm32cube.ide.mcu.externaltools.gnu-tools-for-stm32.7-2018-q2-update.win32_1.4.0.202007081208/tools/bin/../lib/gcc/arm-none-eabi/7.3.1/thumb/v7-m/crtbegin.o
 .text          0x0000000000000000       0x74 c:/st/stm32cubeide_1.4.0/stm32cubeide/plugins/com.st.stm32cube.ide.mcu.externaltools.gnu-tools-for-stm32.7-2018-q2-update.win32_1.4.0.202007081208/tools/bin/../lib/gcc/arm-none-eabi/7.3.1/../../../../arm-none-eabi/lib/thumb/v7-m/crt0.o
 .data          0x0000000000000000        0x0 c:/st/stm32cubeide_1.4.0/stm32cubeide/plugins/com.st.stm32cube.ide.mcu.externaltools.gnu-tools-for-stm32.7-2018-q2-update.win32_1.4.0.202007081208/tools/bin/../lib/gcc/arm-none-eabi/7.3.1/../../../../arm-none-eabi/lib/thumb/v7-m/crt0.o
 .bss           0x0000000000000000        0x0 c:/st/stm32cubeide_1.4.0/stm32cubeide/plugins/com.st.stm32cube.ide.mcu.externaltools.gnu-tools-for-stm32.7-2018-q2-update.win32_1.4.0.202007081208/tools/bin/../lib/gcc/arm-none-eabi/7.3.1/../../../../arm-none-eabi/lib/thumb/v7-m/crt0.o
[...]
Memory Configuration

Name             Origin             Length             Attributes
RAM              0x0000000020000000 0x0000000000002800 xrw
ROM              0x0000000008000000 0x0000000000008000 xr
*default*        0x0000000000000000 0xffffffffffffffff

Linker script and memory map

LOAD c:/st/stm32cubeide_1.4.0/stm32cubeide/plugins/com.st.stm32cube.ide.mcu.externaltools.gnu-tools-for-stm32.7-2018-q2-update.win32_1.4.0.202007081208/tools/bin/../lib/gcc/arm-none-eabi/7.3.1/thumb/v7-m/crti.o
LOAD c:/st/stm32cubeide_1.4.0/stm32cubeide/plugins/com.st.stm32cube.ide.mcu.externaltools.gnu-tools-for-stm32.7-2018-q2-update.win32_1.4.0.202007081208/tools/bin/../lib/gcc/arm-none-eabi/7.3.1/thumb/v7-m/crtbegin.o
LOAD c:/st/stm32cubeide_1.4.0/stm32cubeide/plugins/com.st.stm32cube.ide.mcu.externaltools.gnu-tools-for-stm32.7-2018-q2-update.win32_1.4.0.202007081208/tools/bin/../lib/gcc/arm-none-eabi/7.3.1/../../../../arm-none-eabi/lib/thumb/v7-m/crt0.o
LOAD HAL/E2PROM/I2C_Slave_EEPROM.o
LOAD HAL/KeyPad/keypad.o
LOAD HAL/LCD/lcd.o
LOAD Src/main.o
LOAD Src/syscalls.o
LOAD Src/sysmem.o
LOAD Startup/startup_stm32f103c6tx.o
LOAD stm32f103x6_Drivers/EXTI/stm32f103x6_EXTI_driver.o
LOAD stm32f103x6_Drivers/GPIO/stm32f103x6_gpio_driver.o
LOAD stm32f103x6_Drivers/I2C/stm32f103x6_I2C_driver.o
LOAD stm32f103x6_Drivers/RCC/stm32f103x6_RCC_driver.o
LOAD stm32f103x6_Drivers/SPI/stm32f103x6_SPI_driver.o
LOAD stm32f103x6_Drivers/USART/stm32f103x6_USART_driver.o
START GROUP
LOAD c:/st/stm32cubeide_1.4.0/stm32cubeide/plugins/com.st.stm32cube.ide.mcu.externaltools.gnu-tools-for-stm32.7-2018-q2-update.win32_1.4.0.202007081208/tools/bin/../lib/gcc/arm-none-eabi/7.3.1/../../../../arm-none-eabi/lib/thumb/v7-m\libc_nano.a
LOAD c:/st/stm32cubeide_1.4.0/stm32cubeide/plugins/com.st.stm32cube.ide.mcu.externaltools.gnu-tools-for-stm32.7-2018-q2-update.win32_1.4.0.202007081208/tools/bin/../lib/gcc/arm-none-eabi/7.3.1/../../../../arm-none-eabi/lib/thumb/v7-m\libm.a
END GROUP
START GROUP
LOAD c:/st/stm32cubeide_1.4.0/stm32cubeide/plugins/com.st.stm32cube.ide.mcu.externaltools.gnu-tools-for-stm32.7-2018-q2-update.win32_1.4.0.202007081208/tools/bin/../lib/gcc/arm-none-eabi/7.3.1/thumb/v7-m\libgcc.a
LOAD c:/st/stm32cubeide_1.4.0/stm32cubeide/plugins/com.st.stm32cube.ide.mcu.externaltools.gnu-tools-for-stm32.7-2018-q2-update.win32_1.4.0.202007081208/tools/bin/../lib/gcc/arm-none-eabi/7.3.1/../../../../arm-none-eabi/lib/thumb/v7-m\libg_nano.a
LOAD c:/st/stm32cubeide_1.4.0/stm32cubeide/plugins/com.st.stm32cube.ide.mcu.externaltools.gnu-tools-for-stm32.7-2018-q2-update.win32_1.4.0.202007081208/tools/bin/../lib/gcc/arm-none-eabi/7.3.1/../../../../arm-none-eabi/lib/thumb/v7-m\libc_nano.a
END GROUP
START GROUP
LOAD c:/st/stm32cubeide_1.4.0/stm32cubeide/plugins/com.st.stm32cube.ide.mcu.externaltools.gnu-tools-for-stm32.7-2018-q2-update.win32_1.4.0.202007081208/tools/bin/../lib/gcc/arm-none-eabi/7.3.1/thumb/v7-m\libgcc.a
LOAD c:/st/stm32cubeide_1.4.0/stm32cubeide/plugins/com.st.stm32cube.ide.mcu.externaltools.gnu-tools-for-stm32.7-2018-q2-update.win32_1.4.0.202007081208/tools/bin/../lib/gcc/arm-none-eabi/7.3.1/../../../../arm-none-eabi/lib/thumb/v7-m\libc_nano.a
LOAD c:/st/stm32cubeide_1.4.0/stm32cubeide/plugins/com.st.stm32cube.ide.mcu.externaltools.gnu-tools-for-stm32.7-2018-q2-update.win32_1.4.0.202007081208/tools/bin/../lib/gcc/arm-none-eabi/7.3.1/../../../../arm-none-eabi/lib/thumb/v7-m\libnosys.a
END GROUP
START GROUP
LOAD c:/st/stm32cubeide_1.4.0/stm32cubeide/plugins/com.st.stm32cube.ide.mcu.externaltools.gnu-tools-for-stm32.7-2018-q2-update.win32_1.4.0.202007081208/tools/bin/../lib/gcc/arm-none-eabi/7.3.1/thumb/v7-m\libgcc.a
LOAD c:/st/stm32cubeide_1.4.0/stm32cubeide/plugins/com.st.stm32cube.ide.mcu.externaltools.gnu-tools-for-stm32.7-2018-q2-update.win32_1.4.0.202007081208/tools/bin/../lib/gcc/arm-none-eabi/7.3.1/../../../../arm-none-eabi/lib/thumb/v7-m\libc_nano.a
LOAD c:/st/stm32cubeide_1.4.0/stm32cubeide/plugins/com.st.stm32cube.ide.mcu.externaltools.gnu-tools-for-stm32.7-2018-q2-update.win32_1.4.0.202007081208/tools/bin/../lib/gcc/arm-none-eabi/7.3.1/../../../../arm-none-eabi/lib/thumb/v7-m\libnosys.a
END GROUP
LOAD c:/st/stm32cubeide_1.4.0/stm32cubeide/plugins/com.st.stm32cube.ide.mcu.externaltools.gnu-tools-for-stm32.7-2018-q2-update.win32_1.4.0.202007081208/tools/bin/../lib/gcc/arm-none-eabi/7.3.1/thumb/v7-m/crtend.o
LOAD c:/st/stm32cubeide_1.4.0/stm32cubeide/plugins/com.st.stm32cube.ide.mcu.externaltools.gnu-tools-for-stm32.7-2018-q2-update.win32_1.4.0.202007081208/tools/bin/../lib/gcc/arm-none-eabi/7.3.1/thumb/v7-m/crtn.o
                0x0000000020002800                _estack = (ORIGIN (RAM) + LENGTH (RAM))
                0x0000000000000200                _Min_Heap_Size = 0x200
                0x0000000000000400                _Min_Stack_Size = 0x400

.isr_vector     0x0000000008000000      0x130
                0x0000000008000000                . = ALIGN (0x4)
 *(.isr_vector)
 .isr_vector    0x0000000008000000      0x130 Startup/startup_stm32f103c6tx.o
                0x0000000008000000                g_pfnVectors
                0x0000000008000130                . = ALIGN (0x4)

.text           0x0000000008000130      0xea8
                0x0000000008000130                . = ALIGN (0x4)
 *(.text)
 .text          0x0000000008000130       0x40 c:/st/stm32cubeide_1.4.0/stm32cubeide/plugins/com.st.stm32cube.ide.mcu.externaltools.gnu-tools-for-stm32.7-2018-q2-update.win32_1.4.0.202007081208/tools/bin/../lib/gcc/arm-none-eabi/7.3.1/thumb/v7-m/crtbegin.o
 *(.text*)
 .text.EEPROM_Init
                0x0000000008000170       0x40 HAL/E2PROM/I2C_Slave_EEPROM.o
                0x0000000008000170                EEPROM_Init
 .text.EEPROM_Write_NBytes
                0x00000000080001b0       0x9c HAL/E2PROM/I2C_Slave_EEPROM.o
                0x00000000080001b0                EEPROM_Write_NBytes
 .text.EEPROM_ReadByte
                0x000000000800024c       0x54 HAL/E2PROM/I2C_Slave_EEPROM.o
                0x000000000800024c                EEPROM_ReadByte
 .text.clk_init
                0x00000000080002a0       0x34 Src/main.o
                0x00000000080002a0                clk_init
 .text.main     0x00000000080002d4       0x7c Src/main.o
                0x00000000080002d4                main
 .text.Reset_Handler
                0x0000000008000350       0x50 Startup/startup_stm32f103c6tx.o
                0x0000000008000350                Reset_Handler
 .text.Default_Handler
                0x00000000080003a0        0x2 Startup/startup_stm32f103c6tx.o
                0x00000000080003a0                TIM8_TRG_COM_IRQHandler
                0x00000000080003a0                TIM8_CC_IRQHandler
                0x00000000080003a0                DebugMon_Handler
                0x00000000080003a0                TIM1_CC_IRQHandler
                0x00000000080003a0                HardFault_Handler
                0x00000000080003a0                TIM6_IRQHandler
                0x00000000080003a0                SysTick_Handler
                0x00000000080003a0                PVD_IRQHandler
                0x00000000080003a0                SDIO_IRQHandler
                0x00000000080003a0                PendSV_Handler
                0x00000000080003a0                NMI_Handler
                0x00000000080003a0                USB_HP_CAN_TX_IRQHandler
                0x00000000080003a0                UsageFault_Handler
                0x00000000080003a0                ADC1_2_IRQHandler
                0x00000000080003a0                CAN_SCE_IRQHandler
                0x00000000080003a0                TAMPER_IRQHandler
                0x00000000080003a0                TIM8_UP_IRQHandler
                0x00000000080003a0                DMA2_Channel2_IRQHandler
                0x00000000080003a0                DMA1_Channel4_IRQHandler
                0x00000000080003a0                RTC_IRQHandler
                0x00000000080003a0                DMA1_Channel7_IRQHandler
                0x00000000080003a0                UART5_IRQHandler
                0x00000000080003a0                ADC3_IRQHandler
                0x00000000080003a0                TIM4_IRQHandler
                0x00000000080003a0                CAN_RX1_IRQHandler
                0x00000000080003a0                DMA2_Channel1_IRQHandler
                0x00000000080003a0                DMA1_Channel6_IRQHandler
                0x00000000080003a0                UART4_IRQHandler
                0x00000000080003a0                TIM3_IRQHandler
                0x00000000080003a0                RCC_IRQHandler
                0x00000000080003a0                TIM1_TRG_COM_IRQHandler
                0x00000000080003a0                DMA1_Channel1_IRQHandler
                0x00000000080003a0                Default_Handler
                0x00000000080003a0                TIM7_IRQHandler
                0x00000000080003a0                TIM5_IRQHandler
                0x00000000080003a0                USB_LP_CAN_RX0_IRQHandler
                0x00000000080003a0                MemManage_Handler
                0x00000000080003a0                SVC_Handler
                0x00000000080003a0                DMA1_Channel5_IRQHandler
                0x00000000080003a0                DMA1_Channel3_IRQHandler
                0x00000000080003a0                FSMC_IRQHandler
                0x00000000080003a0                TIM1_UP_IRQHandler
                0x00000000080003a0                WWDG_IRQHandler
                0x00000000080003a0                TIM2_IRQHandler
                0x00000000080003a0                TIM1_BRK_IRQHandler
                0x00000000080003a0                RTCAlarm_IRQHandler
                0x00000000080003a0                DMA2_Channel4_5_IRQHandler
                0x00000000080003a0                DMA1_Channel2_IRQHandler
                0x00000000080003a0                TIM8_BRK_IRQHandler
                0x00000000080003a0                FLASH_IRQHandler
                0x00000000080003a0                BusFault_Handler
                0x00000000080003a0                SPI3_IRQHandler
                0x00000000080003a0                DMA2_Channel3_IRQHandler
 *fill*         0x00000000080003a2        0x2 
 .text.EXTI0_IRQHandler
                0x00000000080003a4       0x24 stm32f103x6_Drivers/EXTI/stm32f103x6_EXTI_driver.o
                0x00000000080003a4                EXTI0_IRQHandler
 .text.EXTI1_IRQHandler
                0x00000000080003c8       0x24 stm32f103x6_Drivers/EXTI/stm32f103x6_EXTI_driver.o
                0x00000000080003c8                EXTI1_IRQHandler
 .text.EXTI2_IRQHandler
                0x00000000080003ec       0x24 stm32f103x6_Drivers/EXTI/stm32f103x6_EXTI_driver.o
                0x00000000080003ec                EXTI2_IRQHandler
 .text.EXTI3_IRQHandler
                0x0000000008000410       0x24 stm32f103x6_Drivers/EXTI/stm32f103x6_EXTI_driver.o
                0x0000000008000410                EXTI3_IRQHandler
 .text.EXTI4_IRQHandler
                0x0000000008000434       0x24 stm32f103x6_Drivers/EXTI/stm32f103x6_EXTI_driver.o
                0x0000000008000434                EXTI4_IRQHandler
 .text.EXTI9_5_IRQHandler
                0x0000000008000458       0xa8 stm32f103x6_Drivers/EXTI/stm32f103x6_EXTI_driver.o
                0x0000000008000458                EXTI9_5_IRQHandler
 .text.EXTI15_10_IRQHandler
                0x0000000008000500       0xc4 stm32f103x6_Drivers/EXTI/stm32f103x6_EXTI_driver.o
                0x0000000008000500                EXTI15_10_IRQHandler
 .text.Get_CRHL_Position
                0x00000000080005c4       0xc6 stm32f103x6_Drivers/GPIO/stm32f103x6_gpio_driver.o
                0x00000000080005c4                Get_CRHL_Position
 .text.MCAL_GPIO_Init
                0x000000000800068a       0xf6 stm32f103x6_Drivers/GPIO/stm32f103x6_gpio_driver.o
                0x000000000800068a                MCAL_GPIO_Init
 .text.I2C_Get_FlagStatus
                0x0000000008000780      0x114 stm32f103x6_Drivers/I2C/stm32f103x6_I2C_driver.o
                0x0000000008000780                I2C_Get_FlagStatus
 .text.I2C_generate_Start
                0x0000000008000894       0x4e stm32f103x6_Drivers/I2C/stm32f103x6_I2C_driver.o
                0x0000000008000894                I2C_generate_Start
 .text.I2C_generate_ACK
                0x00000000080008e2       0x36 stm32f103x6_Drivers/I2C/stm32f103x6_I2C_driver.o
                0x00000000080008e2                I2C_generate_ACK
 .text.I2C_generate_Stop
                0x0000000008000918       0x36 stm32f103x6_Drivers/I2C/stm32f103x6_I2C_driver.o
                0x0000000008000918                I2C_generate_Stop
 .text.I2C_Send_Address
                0x000000000800094e       0x30 stm32f103x6_Drivers/I2C/stm32f103x6_I2C_driver.o
                0x000000000800094e                I2C_Send_Address
 *fill*         0x000000000800097e        0x2 
 .text.MCAL_I2C_Init
                0x0000000008000980      0x214 stm32f103x6_Drivers/I2C/stm32f103x6_I2C_driver.o
                0x0000000008000980                MCAL_I2C_Init
 .text.MCAL_I2C_SetPin
                0x0000000008000b94       0x94 stm32f103x6_Drivers/I2C/stm32f103x6_I2C_driver.o
                0x0000000008000b94                MCAL_I2C_SetPin
 .text.MCAL_I2C_Master_Tx
                0x0000000008000c28       0xb8 stm32f103x6_Drivers/I2C/stm32f103x6_I2C_driver.o
                0x0000000008000c28                MCAL_I2C_Master_Tx
 .text.MCAL_I2C_Master_Rx
                0x0000000008000ce0       0xe4 stm32f103x6_Drivers/I2C/stm32f103x6_I2C_driver.o
                0x0000000008000ce0                MCAL_I2C_Master_Rx
 .text.I2C1_EV_IRQHandler
                0x0000000008000dc4        0xc stm32f103x6_Drivers/I2C/stm32f103x6_I2C_driver.o
                0x0000000008000dc4                I2C1_EV_IRQHandler
 .text.I2C1_ER_IRQHandler
                0x0000000008000dd0        0xc stm32f103x6_Drivers/I2C/stm32f103x6_I2C_driver.o
                0x0000000008000dd0                I2C1_ER_IRQHandler
 .text.I2C2_EV_IRQHandler
                0x0000000008000ddc        0xc stm32f103x6_Drivers/I2C/stm32f103x6_I2C_driver.o
                0x0000000008000ddc                I2C2_EV_IRQHandler
 .text.I2C2_ER_IRQHandler
                0x0000000008000de8        0xc stm32f103x6_Drivers/I2C/stm32f103x6_I2C_driver.o
                0x0000000008000de8                I2C2_ER_IRQHandler
 .text.MCAL_RCC_GetSYS_ClkFreq
                0x0000000008000df4       0x40 stm32f103x6_Drivers/RCC/stm32f103x6_RCC_driver.o
                0x0000000008000df4                MCAL_RCC_GetSYS_ClkFreq
 .text.MCAL_RCC_GetHClkFreq
                0x0000000008000e34       0x28 stm32f103x6_Drivers/RCC/stm32f103x6_RCC_driver.o
                0x0000000008000e34                MCAL_RCC_GetHClkFreq
 .text.MCAL_RCC_GetPClk1Freq
                0x0000000008000e5c       0x28 stm32f103x6_Drivers/RCC/stm32f103x6_RCC_driver.o
                0x0000000008000e5c                MCAL_RCC_GetPClk1Freq
 .text.SPI1_IRQHandler
                0x0000000008000e84       0x5c stm32f103x6_Drivers/SPI/stm32f103x6_SPI_driver.o
                0x0000000008000e84                SPI1_IRQHandler
 .text.SPI2_IRQHandler
                0x0000000008000ee0       0x5c stm32f103x6_Drivers/SPI/stm32f103x6_SPI_driver.o
                0x0000000008000ee0                SPI2_IRQHandler
 .text.USART1_IRQHandler
                0x0000000008000f3c       0x14 stm32f103x6_Drivers/USART/stm32f103x6_USART_driver.o
                0x0000000008000f3c                USART1_IRQHandler
 .text.USART2_IRQHandler
                0x0000000008000f50       0x14 stm32f103x6_Drivers/USART/stm32f103x6_USART_driver.o
                0x0000000008000f50                USART2_IRQHandler
 .text.USART3_IRQHandler
                0x0000000008000f64       0x14 stm32f103x6_Drivers/USART/stm32f103x6_USART_driver.o
                0x0000000008000f64                USART3_IRQHandler
 .text.__libc_init_array
                0x0000000008000f78       0x48 c:/st/stm32cubeide_1.4.0/stm32cubeide/plugins/com.st.stm32cube.ide.mcu.externaltools.gnu-tools-for-stm32.7-2018-q2-update.win32_1.4.0.202007081208/tools/bin/../lib/gcc/arm-none-eabi/7.3.1/../../../../arm-none-eabi/lib/thumb/v7-m\libc_nano.a(lib_a-init.o)
                0x0000000008000f78                __libc_init_array
 *(.glue_7)
 .glue_7        0x0000000008000fc0        0x0 linker stubs
 *(.glue_7t)
 .glue_7t       0x0000000008000fc0        0x0 linker stubs
 *(.eh_frame)
 .eh_frame      0x0000000008000fc0        0x0 c:/st/stm32cubeide_1.4.0/stm32cubeide/plugins/com.st.stm32cube.ide.mcu.externaltools.gnu-tools-for-stm32.7-2018-q2-update.win32_1.4.0.202007081208/tools/bin/../lib/gcc/arm-none-eabi/7.3.1/thumb/v7-m/crtbegin.o
 *(.init)
 .init          0x0000000008000fc0        0x4 c:/st/stm32cubeide_1.4.0/stm32cubeide/plugins/com.st.stm32cube.ide.mcu.externaltools.gnu-tools-for-stm32.7-2018-q2-update.win32_1.4.0.202007081208/tools/bin/../lib/gcc/arm-none-eabi/7.3.1/thumb/v7-m/crti.o
                0x0000000008000fc0                _init
 .init          0x0000000008000fc4        0x8 c:/st/stm32cubeide_1.4.0/stm32cubeide/plugins/com.st.stm32cube.ide.mcu.externaltools.gnu-tools-for-stm32.7-2018-q2-update.win32_1.4.0.202007081208/tools/bin/../lib/gcc/arm-none-eabi/7.3.1/thumb/v7-m/crtn.o
 *(.fini)
 .fini          0x0000000008000fcc        0x4 c:/st/stm32cubeide_1.4.0/stm32cubeide/plugins/com.st.stm32cube.ide.mcu.externaltools.gnu-tools-for-stm32.7-2018-q2-update.win32_1.4.0.202007081208/tools/bin/../lib/gcc/arm-none-eabi/7.3.1/thumb/v7-m/crti.o
                0x0000000008000fcc                _fini
 .fini          0x0000000008000fd0        0x8 c:/st/stm32cubeide_1.4.0/stm32cubeide/plugins/com.st.stm32cube.ide.mcu.externaltools.gnu-tools-for-stm32.7-2018-q2-update.win32_1.4.0.202007081208/tools/bin/../lib/gcc/arm-none-eabi/7.3.1/thumb/v7-m/crtn.o
                0x0000000008000fd8                . = ALIGN (0x4)
                0x0000000008000fd8                _etext = .

.vfp11_veneer   0x0000000008000fd8        0x0
 .vfp11_veneer  0x0000000008000fd8        0x0 linker stubs

.v4_bx          0x0000000008000fd8        0x0
 .v4_bx         0x0000000008000fd8        0x0 linker stubs

.iplt           0x0000000008000fd8        0x0
 .iplt          0x0000000008000fd8        0x0 c:/st/stm32cubeide_1.4.0/stm32cubeide/plugins/com.st.stm32cube.ide.mcu.externaltools.gnu-tools-for-stm32.7-2018-q2-update.win32_1.4.0.202007081208/tools/bin/../lib/gcc/arm-none-eabi/7.3.1/thumb/v7-m/crtbegin.o

.rodata         0x0000000008000fd8       0x20
                0x0000000008000fd8                . = ALIGN (0x4)
 *(.rodata)
 .rodata        0x0000000008000fd8        0x7 Src/main.o
 *(.rodata*)
 *fill*         0x0000000008000fdf        0x1 
 .rodata.AHBPreSc_Table
                0x0000000008000fe0       0x10 stm32f103x6_Drivers/RCC/stm32f103x6_RCC_driver.o
                0x0000000008000fe0                AHBPreSc_Table
 .rodata.APBPreSc_Table
                0x0000000008000ff0        0x8 stm32f103x6_Drivers/RCC/stm32f103x6_RCC_driver.o
                0x0000000008000ff0                APBPreSc_Table
                0x0000000008000ff8                . = ALIGN (0x4)

.rel.dyn        0x0000000008000ff8        0x0
 .rel.iplt      0x0000000008000ff8        0x0 c:/st/stm32cubeide_1.4.0/stm32cubeide/plugins/com.st.stm32cube.ide.mcu.externaltools.gnu-tools-for-stm32.7-2018-q2-update.win32_1.4.0.202007081208/tools/bin/../lib/gcc/arm-none-eabi/7.3.1/thumb/v7-m/crtbegin.o

.ARM.extab      0x0000000008000ff8        0x0
                0x0000000008000ff8                . = ALIGN (0x4)
 *(.ARM.extab* .gnu.linkonce.armextab.*)
                0x0000000008000ff8                . = ALIGN (0x4)

.ARM            0x0000000008000ff8        0x0
                0x0000000008000ff8                . = ALIGN (0x4)
                0x0000000008000ff8                __exidx_start = .
 *(.ARM.exidx*)
                0x0000000008000ff8                __exidx_end = .
                0x0000000008000ff8                . = ALIGN (0x4)

.preinit_array  0x0000000008000ff8        0x0
                0x0000000008000ff8                . = ALIGN (0x4)
                0x0000000008000ff8                PROVIDE (__preinit_array_start = .)
 *(.preinit_array*)
                0x0000000008000ff8                PROVIDE (__preinit_array_end = .)
                0x0000000008000ff8                . = ALIGN (0x4)

.init_array     0x0000000008000ff8        0x4
                0x0000000008000ff8                . = ALIGN (0x4)
                0x0000000008000ff8                PROVIDE (__init_array_start = .)
 *(SORT_BY_NAME(.init_array.*))
 *(.init_array*)
 .init_array    0x0000000008000ff8        0x4 c:/st/stm32cubeide_1.4.0/stm32cubeide/plugins/com.st.stm32cube.ide.mcu.externaltools.gnu-tools-for-stm32.7-2018-q2-update.win32_1.4.0.202007081208/tools/bin/../lib/gcc/arm-none-eabi/7.3.1/thumb/v7-m/crtbegin.o
                0x0000000008000ffc                PROVIDE (__init_array_end = .)
                0x0000000008000ffc                . = ALIGN (0x4)

.fini_array     0x0000000008000ffc        0x4
                0x0000000008000ffc                . = ALIGN (0x4)
                [!provide]                        PROVIDE (__fini_array_start = .)
 *(SORT_BY_NAME(.fini_array.*))
 *(.fini_array*)
 .fini_array    0x0000000008000ffc        0x4 c:/st/stm32cubeide_1.4.0/stm32cubeide/plugins/com.st.stm32cube.ide.mcu.externaltools.gnu-tools-for-stm32.7-2018-q2-update.win32_1.4.0.202007081208/tools/bin/../lib/gcc/arm-none-eabi/7.3.1/thumb/v7-m/crtbegin.o
                [!provide]                        PROVIDE (__fini_array_end = .)
                0x0000000008001000                . = ALIGN (0x4)
                0x0000000008001000                _sidata = LOADADDR (.data)

.data           0x0000000020000000        0x0 load address 0x0000000008001000
                0x0000000020000000                . = ALIGN (0x4)
                0x0000000020000000                _sdata = .
 *(.data)
 *(.data*)
                0x0000000020000000                . = ALIGN (0x4)
                0x0000000020000000                _edata = .

.igot.plt       0x0000000020000000        0x0 load address 0x0000000008001000
 .igot.plt      0x0000000020000000        0x0 c:/st/stm32cubeide_1.4.0/stm32cubeide/plugins/com.st.stm32cube.ide.mcu.externaltools.gnu-tools-for-stm32.7-2018-q2-update.win32_1.4.0.202007081208/tools/bin/../lib/gcc/arm-none-eabi/7.3.1/thumb/v7-m/crtbegin.o
                0x0000000020000000                . = ALIGN (0x4)

.bss            0x0000000020000000       0xa4 load address 0x0000000008001000
                0x0000000020000000                _sbss = .
                0x0000000020000000                __bss_start__ = _sbss
 *(.bss)
 .bss           0x0000000020000000       0x1c c:/st/stm32cubeide_1.4.0/stm32cubeide/plugins/com.st.stm32cube.ide.mcu.externaltools.gnu-tools-for-stm32.7-2018-q2-update.win32_1.4.0.202007081208/tools/bin/../lib/gcc/arm-none-eabi/7.3.1/thumb/v7-m/crtbegin.o
 *(.bss*)
 .bss.P_SPI_Cfg
                0x000000002000001c        0x8 stm32f103x6_Drivers/SPI/stm32f103x6_SPI_driver.o
                0x000000002000001c                P_SPI_Cfg
 .bss.P_UART_Cfg
                0x0000000020000024        0xc stm32f103x6_Drivers/USART/stm32f103x6_USART_driver.o
                0x0000000020000024                P_UART_Cfg
 *(COMMON)
 COMMON         0x0000000020000030       0x3c stm32f103x6_Drivers/EXTI/stm32f103x6_EXTI_driver.o
                0x0000000020000030                GP_IRQ_CallBack
 COMMON         0x000000002000006c       0x38 stm32f103x6_Drivers/I2C/stm32f103x6_I2C_driver.o
                0x000000002000006c                I2C_Cfg
                0x00000000200000a4                . = ALIGN (0x4)
                0x00000000200000a4                _ebss = .
                0x00000000200000a4                __bss_end__ = _ebss

._user_heap_stack
                0x00000000200000a4      0x604 load address 0x0000000008001000
                0x00000000200000a8                . = ALIGN (0x8)
 *fill*         0x00000000200000a4        0x4 
                [!provide]                        PROVIDE (end = .)
                0x00000000200000a8                PROVIDE (_end = .)
                0x00000000200002a8                . = (. + _Min_Heap_Size)
 *fill*         0x00000000200000a8      0x200 
                0x00000000200006a8                . = (. + _Min_Stack_Size)
 *fill*         0x00000000200002a8      0x400 
                0x00000000200006a8                . = ALIGN (0x8)

/DISCARD/
 libc.a(*)
 libm.a(*)
 libgcc.a(*)

.ARM.attributes
                0x0000000000000000       0x29
 *(.ARM.attributes)
 .ARM.attributes
                0x0000000000000000       0x1d c:/st/stm32cubeide_1.4.0/stm32cubeide/plugins/com.st.stm32cube.ide.mcu.externaltools.gnu-tools-for-stm32.7-2018-q2-update.win32_1.4.0.202007081208/tools/bin/../lib/gcc/arm-none-eabi/7.3.1/thumb/v7-m/crti.o
 .ARM.attributes
                0x000000000000001d       0x2d c:/st/stm32cubeide_1.4.0/stm32cubeide/plugins/com.st.stm32cube.ide.mcu.externaltools.gnu-tools-for-stm32.7-2018-q2-update.win32_1.4.0.202007081208/tools/bin/../lib/gcc/arm-none-eabi/7.3.1/thumb/v7-m/crtbegin.o
 .ARM.attributes
                0x000000000000004a       0x33 HAL/E2PROM/I2C_Slave_EEPROM.o
 .ARM.attributes
                0x000000000000007d       0x33 Src/main.o
 .ARM.attributes
                0x00000000000000b0       0x21 Startup/startup_stm32f103c6tx.o
 .ARM.attributes
                0x00000000000000d1       0x33 stm32f103x6_Drivers/EXTI/stm32f103x6_EXTI_driver.o
 .ARM.attributes
                0x0000000000000104       0x33 stm32f103x6_Drivers/GPIO/stm32f103x6_gpio_driver.o
 .ARM.attributes
                0x0000000000000137       0x33 stm32f103x6_Drivers/I2C/stm32f103x6_I2C_driver.o
 .ARM.attributes
                0x000000000000016a       0x33 stm32f103x6_Drivers/RCC/stm32f103x6_RCC_driver.o
 .ARM.attributes
                0x000000000000019d       0x33 stm32f103x6_Drivers/SPI/stm32f103x6_SPI_driver.o
 .ARM.attributes
                0x00000000000001d0       0x33 stm32f103x6_Drivers/USART/stm32f103x6_USART_driver.o
 .ARM.attributes
                0x0000000000000203       0x2d c:/st/stm32cubeide_1.4.0/stm32cubeide/plugins/com.st.stm32cube.ide.mcu.externaltools.gnu-tools-for-stm32.7-2018-q2-update.win32_1.4.0.202007081208/tools/bin/../lib/gcc/arm-none-eabi/7.3.1/../../../../arm-none-eabi/lib/thumb/v7-m\libc_nano.a(lib_a-init.o)
 .ARM.attributes
                0x0000000000000230       0x1d c:/st/stm32cubeide_1.4.0/stm32cubeide/plugins/com.st.stm32cube.ide.mcu.externaltools.gnu-tools-for-stm32.7-2018-q2-update.win32_1.4.0.202007081208/tools/bin/../lib/gcc/arm-none-eabi/7.3.1/thumb/v7-m/crtn.o
OUTPUT(Drivers.elf elf32-littlearm)

.debug_info     0x0000000000000000     0x6ce1
 .debug_info    0x0000000000000000      0xc7e HAL/E2PROM/I2C_Slave_EEPROM.o
 .debug_info    0x0000000000000c7e      0xaca Src/main.o
 .debug_info    0x0000000000001748       0x22 Startup/startup_stm32f103c6tx.o
 .debug_info    0x000000000000176a      0xd94 stm32f103x6_Drivers/EXTI/stm32f103x6_EXTI_driver.o
 .debug_info    0x00000000000024fe      0xd64 stm32f103x6_Drivers/GPIO/stm32f103x6_gpio_driver.o
 .debug_info    0x0000000000003262     0x11fe stm32f103x6_Drivers/I2C/stm32f103x6_I2C_driver.o
 .debug_info    0x0000000000004460      0xb21 stm32f103x6_Drivers/RCC/stm32f103x6_RCC_driver.o
 .debug_info    0x0000000000004f81      0xf1f stm32f103x6_Drivers/SPI/stm32f103x6_SPI_driver.o
 .debug_info    0x0000000000005ea0      0xe41 stm32f103x6_Drivers/USART/stm32f103x6_USART_driver.o

.debug_abbrev   0x0000000000000000     0x1015
 .debug_abbrev  0x0000000000000000      0x1cd HAL/E2PROM/I2C_Slave_EEPROM.o
 .debug_abbrev  0x00000000000001cd      0x197 Src/main.o
 .debug_abbrev  0x0000000000000364       0x12 Startup/startup_stm32f103c6tx.o
 .debug_abbrev  0x0000000000000376      0x21f stm32f103x6_Drivers/EXTI/stm32f103x6_EXTI_driver.o
 .debug_abbrev  0x0000000000000595      0x232 stm32f103x6_Drivers/GPIO/stm32f103x6_gpio_driver.o
 .debug_abbrev  0x00000000000007c7      0x292 stm32f103x6_Drivers/I2C/stm32f103x6_I2C_driver.o
 .debug_abbrev  0x0000000000000a59      0x197 stm32f103x6_Drivers/RCC/stm32f103x6_RCC_driver.o
 .debug_abbrev  0x0000000000000bf0      0x22b stm32f103x6_Drivers/SPI/stm32f103x6_SPI_driver.o
 .debug_abbrev  0x0000000000000e1b      0x1fa stm32f103x6_Drivers/USART/stm32f103x6_USART_driver.o

.debug_loc      0x0000000000000000     0x129e
 .debug_loc     0x0000000000000000       0xf2 HAL/E2PROM/I2C_Slave_EEPROM.o
 .debug_loc     0x00000000000000f2       0x7c Src/main.o
 .debug_loc     0x000000000000016e      0x2d0 stm32f103x6_Drivers/EXTI/stm32f103x6_EXTI_driver.o
 .debug_loc     0x000000000000043e      0x330 stm32f103x6_Drivers/GPIO/stm32f103x6_gpio_driver.o
 .debug_loc     0x000000000000076e      0x524 stm32f103x6_Drivers/I2C/stm32f103x6_I2C_driver.o
 .debug_loc     0x0000000000000c92       0xc8 stm32f103x6_Drivers/RCC/stm32f103x6_RCC_driver.o
 .debug_loc     0x0000000000000d5a      0x2b0 stm32f103x6_Drivers/SPI/stm32f103x6_SPI_driver.o
 .debug_loc     0x000000000000100a      0x294 stm32f103x6_Drivers/USART/stm32f103x6_USART_driver.o

.debug_aranges  0x0000000000000000      0x2e0
 .debug_aranges
                0x0000000000000000       0x30 HAL/E2PROM/I2C_Slave_EEPROM.o
 .debug_aranges
                0x0000000000000030       0x28 Src/main.o
 .debug_aranges
                0x0000000000000058       0x28 Startup/startup_stm32f103c6tx.o
 .debug_aranges
                0x0000000000000080       0x78 stm32f103x6_Drivers/EXTI/stm32f103x6_EXTI_driver.o
 .debug_aranges
                0x00000000000000f8       0x60 stm32f103x6_Drivers/GPIO/stm32f103x6_gpio_driver.o
 .debug_aranges
                0x0000000000000158       0x98 stm32f103x6_Drivers/I2C/stm32f103x6_I2C_driver.o
 .debug_aranges
                0x00000000000001f0       0x38 stm32f103x6_Drivers/RCC/stm32f103x6_RCC_driver.o
 .debug_aranges
                0x0000000000000228       0x58 stm32f103x6_Drivers/SPI/stm32f103x6_SPI_driver.o
 .debug_aranges
                0x0000000000000280       0x60 stm32f103x6_Drivers/USART/stm32f103x6_USART_driver.o

.debug_ranges   0x0000000000000000      0x258
 .debug_ranges  0x0000000000000000       0x20 HAL/E2PROM/I2C_Slave_EEPROM.o
 .debug_ranges  0x0000000000000020       0x18 Src/main.o
 .debug_ranges  0x0000000000000038       0x20 Startup/startup_stm32f103c6tx.o
 .debug_ranges  0x0000000000000058       0x68 stm32f103x6_Drivers/EXTI/stm32f103x6_EXTI_driver.o
 .debug_ranges  0x00000000000000c0       0x50 stm32f103x6_Drivers/GPIO/stm32f103x6_gpio_driver.o
 .debug_ranges  0x0000000000000110       0x88 stm32f103x6_Drivers/I2C/stm32f103x6_I2C_driver.o
 .debug_ranges  0x0000000000000198       0x28 stm32f103x6_Drivers/RCC/stm32f103x6_RCC_driver.o
 .debug_ranges  0x00000000000001c0       0x48 stm32f103x6_Drivers/SPI/stm32f103x6_SPI_driver.o
 .debug_ranges  0x0000000000000208       0x50 stm32f103x6_Drivers/USART/stm32f103x6_USART_driver.o

.debug_macro    0x0000000000000000     0x3002
 .debug_macro   0x0000000000000000      0x167 HAL/E2PROM/I2C_Slave_EEPROM.o
 .debug_macro   0x0000000000000167      0xa60 HAL/E2PROM/I2C_Slave_EEPROM.o
 .debug_macro   0x0000000000000bc7       0x18 HAL/E2PROM/I2C_Slave_EEPROM.o
 .debug_macro   0x0000000000000bdf       0x22 HAL/E2PROM/I2C_Slave_EEPROM.o
 .debug_macro   0x0000000000000c01       0x40 HAL/E2PROM/I2C_Slave_EEPROM.o
 .debug_macro   0x0000000000000c41       0x94 HAL/E2PROM/I2C_Slave_EEPROM.o
 .debug_macro   0x0000000000000cd5       0x3c HAL/E2PROM/I2C_Slave_EEPROM.o
 .debug_macro   0x0000000000000d11       0x34 HAL/E2PROM/I2C_Slave_EEPROM.o
 .debug_macro   0x0000000000000d45       0x16 HAL/E2PROM/I2C_Slave_EEPROM.o
 .debug_macro   0x0000000000000d5b      0x10e HAL/E2PROM/I2C_Slave_EEPROM.o
 .debug_macro   0x0000000000000e69       0x8d HAL/E2PROM/I2C_Slave_EEPROM.o
 .debug_macro   0x0000000000000ef6       0x57 HAL/E2PROM/I2C_Slave_EEPROM.o
 .debug_macro   0x0000000000000f4d       0x52 HAL/E2PROM/I2C_Slave_EEPROM.o
 .debug_macro   0x0000000000000f9f       0x1f HAL/E2PROM/I2C_Slave_EEPROM.o
 .debug_macro   0x0000000000000fbe       0x43 HAL/E2PROM/I2C_Slave_EEPROM.o
 .debug_macro   0x0000000000001001       0x20 HAL/E2PROM/I2C_Slave_EEPROM.o
 .debug_macro   0x0000000000001021      0x1a3 HAL/E2PROM/I2C_Slave_EEPROM.o
 .debug_macro   0x00000000000011c4      0x330 HAL/E2PROM/I2C_Slave_EEPROM.o
 .debug_macro   0x00000000000014f4       0x16 HAL/E2PROM/I2C_Slave_EEPROM.o
 .debug_macro   0x000000000000150a       0x29 HAL/E2PROM/I2C_Slave_EEPROM.o
 .debug_macro   0x0000000000001533       0xef HAL/E2PROM/I2C_Slave_EEPROM.o
 .debug_macro   0x0000000000001622       0x6a HAL/E2PROM/I2C_Slave_EEPROM.o
 .debug_macro   0x000000000000168c      0x1df HAL/E2PROM/I2C_Slave_EEPROM.o
 .debug_macro   0x000000000000186b      0x6e2 HAL/E2PROM/I2C_Slave_EEPROM.o
 .debug_macro   0x0000000000001f4d       0xd6 HAL/E2PROM/I2C_Slave_EEPROM.o
 .debug_macro   0x0000000000002023       0x16 HAL/E2PROM/I2C_Slave_EEPROM.o
 .debug_macro   0x0000000000002039       0x62 HAL/E2PROM/I2C_Slave_EEPROM.o
 .debug_macro   0x000000000000209b      0x1a1 Src/main.o
 .debug_macro   0x000000000000223c      0x223 Src/main.o
 .debug_macro   0x000000000000245f       0x1c Src/main.o
 .debug_macro   0x000000000000247b       0xd6 Src/main.o
 .debug_macro   0x0000000000002551       0xc4 Src/main.o
 .debug_macro   0x0000000000002615       0x68 Src/main.o
 .debug_macro   0x000000000000267d       0x10 Src/main.o
 .debug_macro   0x000000000000268d       0xa6 Src/main.o
 .debug_macro   0x0000000000002733       0x40 Src/main.o
 .debug_macro   0x0000000000002773      0x14e stm32f103x6_Drivers/EXTI/stm32f103x6_EXTI_driver.o
 .debug_macro   0x00000000000028c1      0x13f stm32f103x6_Drivers/GPIO/stm32f103x6_gpio_driver.o
 .debug_macro   0x0000000000002a00      0x157 stm32f103x6_Drivers/I2C/stm32f103x6_I2C_driver.o
 .debug_macro   0x0000000000002b57      0x148 stm32f103x6_Drivers/RCC/stm32f103x6_RCC_driver.o
 .debug_macro   0x0000000000002c9f      0x154 stm32f103x6_Drivers/SPI/stm32f103x6_SPI_driver.o
 .debug_macro   0x0000000000002df3       0xbe stm32f103x6_Drivers/SPI/stm32f103x6_SPI_driver.o
 .debug_macro   0x0000000000002eb1      0x151 stm32f103x6_Drivers/USART/stm32f103x6_USART_driver.o

.debug_line     0x0000000000000000     0x360d
 .debug_line    0x0000000000000000      0x61f HAL/E2PROM/I2C_Slave_EEPROM.o
 .debug_line    0x000000000000061f      0x65a Src/main.o
 .debug_line    0x0000000000000c79       0x84 Startup/startup_stm32f103c6tx.o
 .debug_line    0x0000000000000cfd      0x727 stm32f103x6_Drivers/EXTI/stm32f103x6_EXTI_driver.o
 .debug_line    0x0000000000001424      0x680 stm32f103x6_Drivers/GPIO/stm32f103x6_gpio_driver.o
 .debug_line    0x0000000000001aa4      0x813 stm32f103x6_Drivers/I2C/stm32f103x6_I2C_driver.o
 .debug_line    0x00000000000022b7      0x5c1 stm32f103x6_Drivers/RCC/stm32f103x6_RCC_driver.o
 .debug_line    0x0000000000002878      0x68f stm32f103x6_Drivers/SPI/stm32f103x6_SPI_driver.o
 .debug_line    0x0000000000002f07      0x706 stm32f103x6_Drivers/USART/stm32f103x6_USART_driver.o

.debug_str      0x0000000000000000     0xc2dc
 .debug_str     0x0000000000000000     0x98a0 HAL/E2PROM/I2C_Slave_EEPROM.o
                                       0x9b06 (size before relaxing)
 .debug_str     0x00000000000098a0     0x1f7b Src/main.o
                                       0xb895 (size before relaxing)
 .debug_str     0x000000000000b81b       0x31 Startup/startup_stm32f103c6tx.o
                                         0x67 (size before relaxing)
 .debug_str     0x000000000000b84c      0x2bb stm32f103x6_Drivers/EXTI/stm32f103x6_EXTI_driver.o
                                       0xab68 (size before relaxing)
 .debug_str     0x000000000000bb07      0x113 stm32f103x6_Drivers/GPIO/stm32f103x6_gpio_driver.o
                                       0x9887 (size before relaxing)
 .debug_str     0x000000000000bc1a      0x261 stm32f103x6_Drivers/I2C/stm32f103x6_I2C_driver.o
                                       0x9d88 (size before relaxing)
 .debug_str     0x000000000000be7b       0xab stm32f103x6_Drivers/RCC/stm32f103x6_RCC_driver.o
                                       0x9823 (size before relaxing)
 .debug_str     0x000000000000bf26      0x225 stm32f103x6_Drivers/SPI/stm32f103x6_SPI_driver.o
                                       0x9df9 (size before relaxing)
 .debug_str     0x000000000000c14b      0x191 stm32f103x6_Drivers/USART/stm32f103x6_USART_driver.o
                                       0x9f99 (size before relaxing)

.comment        0x0000000000000000       0x7b
 .comment       0x0000000000000000       0x7b HAL/E2PROM/I2C_Slave_EEPROM.o
                                         0x7c (size before relaxing)
 .comment       0x000000000000007b       0x7c Src/main.o
 .comment       0x000000000000007b       0x7c stm32f103x6_Drivers/EXTI/stm32f103x6_EXTI_driver.o
 .comment       0x000000000000007b       0x7c stm32f103x6_Drivers/GPIO/stm32f103x6_gpio_driver.o
 .comment       0x000000000000007b       0x7c stm32f103x6_Drivers/I2C/stm32f103x6_I2C_driver.o
 .comment       0x000000000000007b       0x7c stm32f103x6_Drivers/RCC/stm32f103x6_RCC_driver.o
 .comment       0x000000000000007b       0x7c stm32f103x6_Drivers/SPI/stm32f103x6_SPI_driver.o
 .comment       0x000000000000007b       0x7c stm32f103x6_Drivers/USART/stm32f103x6_USART_driver.o

.debug_frame    0x0000000000000000      0x970
 .debug_frame   0x0000000000000000       0x80 HAL/E2PROM/I2C_Slave_EEPROM.o
 .debug_frame   0x0000000000000080       0x50 Src/main.o
 .debug_frame   0x00000000000000d0      0x18c stm32f103x6_Drivers/EXTI/stm32f103x6_EXTI_driver.o
 .debug_frame   0x000000000000025c      0x174 stm32f103x6_Drivers/GPIO/stm32f103x6_gpio_driver.o
 .debug_frame   0x00000000000003d0      0x260 stm32f103x6_Drivers/I2C/stm32f103x6_I2C_driver.o
 .debug_frame   0x0000000000000630       0x84 stm32f103x6_Drivers/RCC/stm32f103x6_RCC_driver.o
 .debug_frame   0x00000000000006b4      0x144 stm32f103x6_Drivers/SPI/stm32f103x6_SPI_driver.o
 .debug_frame   0x00000000000007f8      0x14c stm32f103x6_Drivers/USART/stm32f103x6_USART_driver.o
 .debug_frame   0x0000000000000944       0x2c c:/st/stm32cubeide_1.4.0/stm32cubeide/plugins/com.st.stm32cube.ide.mcu.externaltools.gnu-tools-for-stm32.7-2018-q2-update.win32_1.4.0.202007081208/tools/bin/../lib/gcc/arm-none-eabi/7.3.1/../../../../arm-none-eabi/lib/thumb/v7-m\libc_nano.a(lib_a-init.o)
