Archive member included to satisfy reference by file (symbol)

c:/st/stm32cubeide_1.4.0/stm32cubeide/plugins/com.st.stm32cube.ide.mcu.externaltools.gnu-tools-for-stm32.7-2018-q2-update.win32_1.4.0.202007081208/tools/bin/../lib/gcc/arm-none-eabi/7.3.1/../../../../arm-none-eabi/lib/thumb/v7-m\libc_nano.a(lib_a-errno.o)
                              Src/syscalls.o (__errno)
c:/st/stm32cubeide_1.4.0/stm32cubeide/plugins/com.st.stm32cube.ide.mcu.externaltools.gnu-tools-for-stm32.7-2018-q2-update.win32_1.4.0.202007081208/tools/bin/../lib/gcc/arm-none-eabi/7.3.1/../../../../arm-none-eabi/lib/thumb/v7-m\libc_nano.a(lib_a-exit.o)
                              c:/st/stm32cubeide_1.4.0/stm32cubeide/plugins/com.st.stm32cube.ide.mcu.externaltools.gnu-tools-for-stm32.7-2018-q2-update.win32_1.4.0.202007081208/tools/bin/../lib/gcc/arm-none-eabi/7.3.1/../../../../arm-none-eabi/lib/thumb/v7-m/crt0.o (exit)
c:/st/stm32cubeide_1.4.0/stm32cubeide/plugins/com.st.stm32cube.ide.mcu.externaltools.gnu-tools-for-stm32.7-2018-q2-update.win32_1.4.0.202007081208/tools/bin/../lib/gcc/arm-none-eabi/7.3.1/../../../../arm-none-eabi/lib/thumb/v7-m\libc_nano.a(lib_a-impure.o)
                              c:/st/stm32cubeide_1.4.0/stm32cubeide/plugins/com.st.stm32cube.ide.mcu.externaltools.gnu-tools-for-stm32.7-2018-q2-update.win32_1.4.0.202007081208/tools/bin/../lib/gcc/arm-none-eabi/7.3.1/../../../../arm-none-eabi/lib/thumb/v7-m\libc_nano.a(lib_a-exit.o) (_global_impure_ptr)
c:/st/stm32cubeide_1.4.0/stm32cubeide/plugins/com.st.stm32cube.ide.mcu.externaltools.gnu-tools-for-stm32.7-2018-q2-update.win32_1.4.0.202007081208/tools/bin/../lib/gcc/arm-none-eabi/7.3.1/../../../../arm-none-eabi/lib/thumb/v7-m\libc_nano.a(lib_a-init.o)
                              c:/st/stm32cubeide_1.4.0/stm32cubeide/plugins/com.st.stm32cube.ide.mcu.externaltools.gnu-tools-for-stm32.7-2018-q2-update.win32_1.4.0.202007081208/tools/bin/../lib/gcc/arm-none-eabi/7.3.1/../../../../arm-none-eabi/lib/thumb/v7-m/crt0.o (__libc_init_array)
c:/st/stm32cubeide_1.4.0/stm32cubeide/plugins/com.st.stm32cube.ide.mcu.externaltools.gnu-tools-for-stm32.7-2018-q2-update.win32_1.4.0.202007081208/tools/bin/../lib/gcc/arm-none-eabi/7.3.1/../../../../arm-none-eabi/lib/thumb/v7-m\libc_nano.a(lib_a-memset.o)
                              c:/st/stm32cubeide_1.4.0/stm32cubeide/plugins/com.st.stm32cube.ide.mcu.externaltools.gnu-tools-for-stm32.7-2018-q2-update.win32_1.4.0.202007081208/tools/bin/../lib/gcc/arm-none-eabi/7.3.1/../../../../arm-none-eabi/lib/thumb/v7-m/crt0.o (memset)

Allocating common symbols
Common symbol       size              file

channel             0x2               Src/main.o
PinCfg              0x4               HAL/KeyPad/keypad.o
GP_IRQ_CallBack     0x3c              stm32f103x6_Drivers/EXTI/stm32f103x6_EXTI_driver.o

Discarded input sections

 .text          0x0000000000000000        0x0 c:/st/stm32cubeide_1.4.0/stm32cubeide/plugins/com.st.stm32cube.ide.mcu.externaltools.gnu-tools-for-stm32.7-2018-q2-update.win32_1.4.0.202007081208/tools/bin/../lib/gcc/arm-none-eabi/7.3.1/thumb/v7-m/crti.o
 .data          0x0000000000000000        0x0 c:/st/stm32cubeide_1.4.0/stm32cubeide/plugins/com.st.stm32cube.ide.mcu.externaltools.gnu-tools-for-stm32.7-2018-q2-update.win32_1.4.0.202007081208/tools/bin/../lib/gcc/arm-none-eabi/7.3.1/thumb/v7-m/crti.o
 .bss           0x0000000000000000        0x0 c:/st/stm32cubeide_1.4.0/stm32cubeide/plugins/com.st.stm32cube.ide.mcu.externaltools.gnu-tools-for-stm32.7-2018-q2-update.win32_1.4.0.202007081208/tools/bin/../lib/gcc/arm-none-eabi/7.3.1/thumb/v7-m/crti.o
 .data          0x0000000000000000        0x4 c:/st/stm32cubeide_1.4.0/stm32cubeide/plugins/com.st.stm32cube.ide.mcu.externaltools.gnu-tools-for-stm32.7-2018-q2-update.win32_1.4.0.202007081208/tools/bin/../lib/gcc/arm-none-eabi/7.3.1/thumb/v7-m/crtbegin.o
 .text          0x0000000000000000       0x74 c:/st/stm32cubeide_1.4.0/stm32cubeide/plugins/com.st.stm32cube.ide.mcu.externaltools.gnu-tools-for-stm32.7-2018-q2-update.win32_1.4.0.202007081208/tools/bin/../lib/gcc/arm-none-eabi/7.3.1/../../../../arm-none-eabi/lib/thumb/v7-m/crt0.o
 .data          0x0000000000000000        0x0 c:/st/stm32cubeide_1.4.0/stm32cubeide/plugins/com.st.stm32cube.ide.mcu.externaltools.gnu-tools-for-stm32.7-2018-q2-update.win32_1.4.0.202007081208/tools/bin/../lib/gcc/arm-none-eabi/7.3.1/../../../../arm-none-eabi/lib/thumb/v7-m/crt0.o
 .bss           0x0000000000000000        0x0 c:/st/stm32cubeide_1.4.0/stm32cubeide/plugins/com.st.stm32cube.ide.mcu.externaltools.gnu-tools-for-stm32.7-2018-q2-update.win32_1.4.0.202007081208/tools/bin/../lib/gcc/arm-none-eabi/7.3.1/../../../../arm-none-eabi/lib/thumb/v7-m/crt0.o
 .ARM.extab     0x0000000000000000        0x0 c:/st/stm32cubeide_1.4.0/stm32cubeide/plugins/com.st.stm32cube.ide.mcu.externaltools.gnu-tools-for-stm32.7-2018-q2-update.win32_1.4.0.202007081208/tools/bin/../lib/gcc/arm-none-eabi/7.3.1/../../../../arm-none-eabi/lib/thumb/v7-m/crt0.o
[...]
Memory Configuration

Name             Origin             Length             Attributes
RAM              0x0000000020000000 0x0000000000002800 xrw
ROM              0x0000000008000000 0x0000000000008000 xr
*default*        0x0000000000000000 0xffffffffffffffff

Linker script and memory map

LOAD c:/st/stm32cubeide_1.4.0/stm32cubeide/plugins/com.st.stm32cube.ide.mcu.externaltools.gnu-tools-for-stm32.7-2018-q2-update.win32_1.4.0.202007081208/tools/bin/../lib/gcc/arm-none-eabi/7.3.1/thumb/v7-m/crti.o
LOAD c:/st/stm32cubeide_1.4.0/stm32cubeide/plugins/com.st.stm32cube.ide.mcu.externaltools.gnu-tools-for-stm32.7-2018-q2-update.win32_1.4.0.202007081208/tools/bin/../lib/gcc/arm-none-eabi/7.3.1/thumb/v7-m/crtbegin.o
LOAD c:/st/stm32cubeide_1.4.0/stm32cubeide/plugins/com.st.stm32cube.ide.mcu.externaltools.gnu-tools-for-stm32.7-2018-q2-update.win32_1.4.0.202007081208/tools/bin/../lib/gcc/arm-none-eabi/7.3.1/../../../../arm-none-eabi/lib/thumb/v7-m/crt0.o
LOAD HAL/KeyPad/keypad.o
LOAD HAL/LCD/lcd.o
LOAD Src/main.o
LOAD Src/syscalls.o
LOAD Src/sysmem.o
LOAD Startup/startup_stm32f103c6tx.o
LOAD stm32f103x6_Drivers/EXTI/stm32f103x6_EXTI_driver.o
LOAD stm32f103x6_Drivers/GPIO/stm32f103x6_gpio_driver.o
LOAD stm32f103x6_Drivers/RCC/stm32f103x6_RCC_driver.o
LOAD stm32f103x6_Drivers/SPI/stm32f103x6_SPI_driver.o
LOAD stm32f103x6_Drivers/USART/stm32f103x6_USART_driver.o
START GROUP
LOAD c:/st/stm32cubeide_1.4.0/stm32cubeide/plugins/com.st.stm32cube.ide.mcu.externaltools.gnu-tools-for-stm32.7-2018-q2-update.win32_1.4.0.202007081208/tools/bin/../lib/gcc/arm-none-eabi/7.3.1/../../../../arm-none-eabi/lib/thumb/v7-m\libc_nano.a
LOAD c:/st/stm32cubeide_1.4.0/stm32cubeide/plugins/com.st.stm32cube.ide.mcu.externaltools.gnu-tools-for-stm32.7-2018-q2-update.win32_1.4.0.202007081208/tools/bin/../lib/gcc/arm-none-eabi/7.3.1/../../../../arm-none-eabi/lib/thumb/v7-m\libm.a
END GROUP
START GROUP
LOAD c:/st/stm32cubeide_1.4.0/stm32cubeide/plugins/com.st.stm32cube.ide.mcu.externaltools.gnu-tools-for-stm32.7-2018-q2-update.win32_1.4.0.202007081208/tools/bin/../lib/gcc/arm-none-eabi/7.3.1/thumb/v7-m\libgcc.a
LOAD c:/st/stm32cubeide_1.4.0/stm32cubeide/plugins/com.st.stm32cube.ide.mcu.externaltools.gnu-tools-for-stm32.7-2018-q2-update.win32_1.4.0.202007081208/tools/bin/../lib/gcc/arm-none-eabi/7.3.1/../../../../arm-none-eabi/lib/thumb/v7-m\libg_nano.a
LOAD c:/st/stm32cubeide_1.4.0/stm32cubeide/plugins/com.st.stm32cube.ide.mcu.externaltools.gnu-tools-for-stm32.7-2018-q2-update.win32_1.4.0.202007081208/tools/bin/../lib/gcc/arm-none-eabi/7.3.1/../../../../arm-none-eabi/lib/thumb/v7-m\libc_nano.a
END GROUP
START GROUP
LOAD c:/st/stm32cubeide_1.4.0/stm32cubeide/plugins/com.st.stm32cube.ide.mcu.externaltools.gnu-tools-for-stm32.7-2018-q2-update.win32_1.4.0.202007081208/tools/bin/../lib/gcc/arm-none-eabi/7.3.1/thumb/v7-m\libgcc.a
LOAD c:/st/stm32cubeide_1.4.0/stm32cubeide/plugins/com.st.stm32cube.ide.mcu.externaltools.gnu-tools-for-stm32.7-2018-q2-update.win32_1.4.0.202007081208/tools/bin/../lib/gcc/arm-none-eabi/7.3.1/../../../../arm-none-eabi/lib/thumb/v7-m\libc_nano.a
LOAD c:/st/stm32cubeide_1.4.0/stm32cubeide/plugins/com.st.stm32cube.ide.mcu.externaltools.gnu-tools-for-stm32.7-2018-q2-update.win32_1.4.0.202007081208/tools/bin/../lib/gcc/arm-none-eabi/7.3.1/../../../../arm-none-eabi/lib/thumb/v7-m\libnosys.a
END GROUP
START GROUP
LOAD c:/st/stm32cubeide_1.4.0/stm32cubeide/plugins/com.st.stm32cube.ide.mcu.externaltools.gnu-tools-for-stm32.7-2018-q2-update.win32_1.4.0.202007081208/tools/bin/../lib/gcc/arm-none-eabi/7.3.1/thumb/v7-m\libgcc.a
LOAD c:/st/stm32cubeide_1.4.0/stm32cubeide/plugins/com.st.stm32cube.ide.mcu.externaltools.gnu-tools-for-stm32.7-2018-q2-update.win32_1.4.0.202007081208/tools/bin/../lib/gcc/arm-none-eabi/7.3.1/../../../../arm-none-eabi/lib/thumb/v7-m\libc_nano.a
LOAD c:/st/stm32cubeide_1.4.0/stm32cubeide/plugins/com.st.stm32cube.ide.mcu.externaltools.gnu-tools-for-stm32.7-2018-q2-update.win32_1.4.0.202007081208/tools/bin/../lib/gcc/arm-none-eabi/7.3.1/../../../../arm-none-eabi/lib/thumb/v7-m\libnosys.a
END GROUP
LOAD c:/st/stm32cubeide_1.4.0/stm32cubeide/plugins/com.st.stm32cube.ide.mcu.externaltools.gnu-tools-for-stm32.7-2018-q2-update.win32_1.4.0.202007081208/tools/bin/../lib/gcc/arm-none-eabi/7.3.1/thumb/v7-m/crtend.o
LOAD c:/st/stm32cubeide_1.4.0/stm32cubeide/plugins/com.st.stm32cube.ide.mcu.externaltools.gnu-tools-for-stm32.7-2018-q2-update.win32_1.4.0.202007081208/tools/bin/../lib/gcc/arm-none-eabi/7.3.1/thumb/v7-m/crtn.o
                0x0000000020002800                _estack = (ORIGIN (RAM) + LENGTH (RAM))
                0x0000000000000200                _Min_Heap_Size = 0x200
                0x0000000000000400                _Min_Stack_Size = 0x400

.isr_vector     0x0000000008000000      0x130
                0x0000000008000000                . = ALIGN (0x4)
 *(.isr_vector)
 .isr_vector    0x0000000008000000      0x130 Startup/startup_stm32f103c6tx.o
                0x0000000008000000                g_pfnVectors
                0x0000000008000130                . = ALIGN (0x4)

.text           0x0000000008000130      0xe0c
                0x0000000008000130                . = ALIGN (0x4)
 *(.text)
 .text          0x0000000008000130       0x40 c:/st/stm32cubeide_1.4.0/stm32cubeide/plugins/com.st.stm32cube.ide.mcu.externaltools.gnu-tools-for-stm32.7-2018-q2-update.win32_1.4.0.202007081208/tools/bin/../lib/gcc/arm-none-eabi/7.3.1/thumb/v7-m/crtbegin.o
 *(.text*)
 .text.clk_init
                0x0000000008000170       0x34 Src/main.o
                0x0000000008000170                clk_init
 .text.SPI_IRQ_CallBack
                0x00000000080001a4       0x3c Src/main.o
                0x00000000080001a4                SPI_IRQ_CallBack
 .text.USART_IRQ_CallBack
                0x00000000080001e0        0xc Src/main.o
                0x00000000080001e0                USART_IRQ_CallBack
 .text.main     0x00000000080001ec       0x94 Src/main.o
                0x00000000080001ec                main
 .text.Reset_Handler
                0x0000000008000280       0x50 Startup/startup_stm32f103c6tx.o
                0x0000000008000280                Reset_Handler
 .text.Default_Handler
                0x00000000080002d0        0x2 Startup/startup_stm32f103c6tx.o
                0x00000000080002d0                TIM8_TRG_COM_IRQHandler
                0x00000000080002d0                TIM8_CC_IRQHandler
                0x00000000080002d0                DebugMon_Handler
                0x00000000080002d0                TIM1_CC_IRQHandler
                0x00000000080002d0                HardFault_Handler
                0x00000000080002d0                TIM6_IRQHandler
                0x00000000080002d0                SysTick_Handler
                0x00000000080002d0                PVD_IRQHandler
                0x00000000080002d0                SDIO_IRQHandler
                0x00000000080002d0                PendSV_Handler
                0x00000000080002d0                NMI_Handler
                0x00000000080002d0                USB_HP_CAN_TX_IRQHandler
                0x00000000080002d0                I2C2_EV_IRQHandler
                0x00000000080002d0                UsageFault_Handler
                0x00000000080002d0                ADC1_2_IRQHandler
                0x00000000080002d0                CAN_SCE_IRQHandler
                0x00000000080002d0                TAMPER_IRQHandler
                0x00000000080002d0                TIM8_UP_IRQHandler
                0x00000000080002d0                DMA2_Channel2_IRQHandler
                0x00000000080002d0                DMA1_Channel4_IRQHandler
                0x00000000080002d0                RTC_IRQHandler
                0x00000000080002d0                DMA1_Channel7_IRQHandler
                0x00000000080002d0                UART5_IRQHandler
                0x00000000080002d0                ADC3_IRQHandler
                0x00000000080002d0                TIM4_IRQHandler
                0x00000000080002d0                CAN_RX1_IRQHandler
                0x00000000080002d0                DMA2_Channel1_IRQHandler
                0x00000000080002d0                I2C1_EV_IRQHandler
                0x00000000080002d0                DMA1_Channel6_IRQHandler
                0x00000000080002d0                UART4_IRQHandler
                0x00000000080002d0                TIM3_IRQHandler
                0x00000000080002d0                RCC_IRQHandler
                0x00000000080002d0                TIM1_TRG_COM_IRQHandler
                0x00000000080002d0                DMA1_Channel1_IRQHandler
                0x00000000080002d0                Default_Handler
                0x00000000080002d0                TIM7_IRQHandler
                0x00000000080002d0                TIM5_IRQHandler
                0x00000000080002d0                USB_LP_CAN_RX0_IRQHandler
                0x00000000080002d0                MemManage_Handler
                0x00000000080002d0                SVC_Handler
                0x00000000080002d0                DMA1_Channel5_IRQHandler
                0x00000000080002d0                DMA1_Channel3_IRQHandler
                0x00000000080002d0                FSMC_IRQHandler
                0x00000000080002d0                TIM1_UP_IRQHandler
                0x00000000080002d0                WWDG_IRQHandler
                0x00000000080002d0                TIM2_IRQHandler
                0x00000000080002d0                TIM1_BRK_IRQHandler
                0x00000000080002d0                RTCAlarm_IRQHandler
                0x00000000080002d0                DMA2_Channel4_5_IRQHandler
                0x00000000080002d0                I2C2_ER_IRQHandler
                0x00000000080002d0                DMA1_Channel2_IRQHandler
                0x00000000080002d0                TIM8_BRK_IRQHandler
                0x00000000080002d0                FLASH_IRQHandler
                0x00000000080002d0                BusFault_Handler
                0x00000000080002d0                SPI3_IRQHandler
                0x00000000080002d0                I2C1_ER_IRQHandler
                0x00000000080002d0                DMA2_Channel3_IRQHandler
 *fill*         0x00000000080002d2        0x2 
 .text.EXTI0_IRQHandler
                0x00000000080002d4       0x24 stm32f103x6_Drivers/EXTI/stm32f103x6_EXTI_driver.o
                0x00000000080002d4                EXTI0_IRQHandler
 .text.EXTI1_IRQHandler
                0x00000000080002f8       0x24 stm32f103x6_Drivers/EXTI/stm32f103x6_EXTI_driver.o
                0x00000000080002f8                EXTI1_IRQHandler
 .text.EXTI2_IRQHandler
                0x000000000800031c       0x24 stm32f103x6_Drivers/EXTI/stm32f103x6_EXTI_driver.o
                0x000000000800031c                EXTI2_IRQHandler
 .text.EXTI3_IRQHandler
                0x0000000008000340       0x24 stm32f103x6_Drivers/EXTI/stm32f103x6_EXTI_driver.o
                0x0000000008000340                EXTI3_IRQHandler
 .text.EXTI4_IRQHandler
                0x0000000008000364       0x24 stm32f103x6_Drivers/EXTI/stm32f103x6_EXTI_driver.o
                0x0000000008000364                EXTI4_IRQHandler
 .text.EXTI9_5_IRQHandler
                0x0000000008000388       0xa8 stm32f103x6_Drivers/EXTI/stm32f103x6_EXTI_driver.o
                0x0000000008000388                EXTI9_5_IRQHandler
 .text.EXTI15_10_IRQHandler
                0x0000000008000430       0xc4 stm32f103x6_Drivers/EXTI/stm32f103x6_EXTI_driver.o
                0x0000000008000430                EXTI15_10_IRQHandler
 .text.Get_CRHL_Position
                0x00000000080004f4       0xc6 stm32f103x6_Drivers/GPIO/stm32f103x6_gpio_driver.o
                0x00000000080004f4                Get_CRHL_Position
 .text.MCAL_GPIO_Init
                0x00000000080005ba       0xf6 stm32f103x6_Drivers/GPIO/stm32f103x6_gpio_driver.o
                0x00000000080005ba                MCAL_GPIO_Init
 .text.MCAL_RCC_GetSYS_ClkFreq
                0x00000000080006b0       0x40 stm32f103x6_Drivers/RCC/stm32f103x6_RCC_driver.o
                0x00000000080006b0                MCAL_RCC_GetSYS_ClkFreq
 .text.MCAL_RCC_GetHClkFreq
                0x00000000080006f0       0x28 stm32f103x6_Drivers/RCC/stm32f103x6_RCC_driver.o
                0x00000000080006f0                MCAL_RCC_GetHClkFreq
 .text.MCAL_RCC_GetPClk1Freq
                0x0000000008000718       0x28 stm32f103x6_Drivers/RCC/stm32f103x6_RCC_driver.o
                0x0000000008000718                MCAL_RCC_GetPClk1Freq
 .text.MCAL_RCC_GetPClk2Freq
                0x0000000008000740       0x28 stm32f103x6_Drivers/RCC/stm32f103x6_RCC_driver.o
                0x0000000008000740                MCAL_RCC_GetPClk2Freq
 .text.SPI1_IRQHandler
                0x0000000008000768       0x5c stm32f103x6_Drivers/SPI/stm32f103x6_SPI_driver.o
                0x0000000008000768                SPI1_IRQHandler
 .text.SPI2_IRQHandler
                0x00000000080007c4       0x5c stm32f103x6_Drivers/SPI/stm32f103x6_SPI_driver.o
                0x00000000080007c4                SPI2_IRQHandler
 .text.MCAL_SPI_Init
                0x0000000008000820      0x120 stm32f103x6_Drivers/SPI/stm32f103x6_SPI_driver.o
                0x0000000008000820                MCAL_SPI_Init
 .text.MCAL_SPI_SendData
                0x0000000008000940       0x36 stm32f103x6_Drivers/SPI/stm32f103x6_SPI_driver.o
                0x0000000008000940                MCAL_SPI_SendData
 .text.MCAL_SPI_ReciveData
                0x0000000008000976       0x36 stm32f103x6_Drivers/SPI/stm32f103x6_SPI_driver.o
                0x0000000008000976                MCAL_SPI_ReciveData
 .text.MCAL_SPI_Tx_Rx
                0x00000000080009ac       0x2e stm32f103x6_Drivers/SPI/stm32f103x6_SPI_driver.o
                0x00000000080009ac                MCAL_SPI_Tx_Rx
 *fill*         0x00000000080009da        0x2 
 .text.MCAL_SPI_SetPin
                0x00000000080009dc      0x1e8 stm32f103x6_Drivers/SPI/stm32f103x6_SPI_driver.o
                0x00000000080009dc                MCAL_SPI_SetPin
 .text.USART1_IRQHandler
                0x0000000008000bc4       0x14 stm32f103x6_Drivers/USART/stm32f103x6_USART_driver.o
                0x0000000008000bc4                USART1_IRQHandler
 .text.USART2_IRQHandler
                0x0000000008000bd8       0x14 stm32f103x6_Drivers/USART/stm32f103x6_USART_driver.o
                0x0000000008000bd8                USART2_IRQHandler
 .text.USART3_IRQHandler
                0x0000000008000bec       0x14 stm32f103x6_Drivers/USART/stm32f103x6_USART_driver.o
                0x0000000008000bec                USART3_IRQHandler
 .text.MCAL_USART_Init
                0x0000000008000c00      0x19c stm32f103x6_Drivers/USART/stm32f103x6_USART_driver.o
                0x0000000008000c00                MCAL_USART_Init
 .text.MCAL_USART_SendData
                0x0000000008000d9c       0x74 stm32f103x6_Drivers/USART/stm32f103x6_USART_driver.o
                0x0000000008000d9c                MCAL_USART_SendData
 .text.MCAL_USART_SetPins
                0x0000000008000e10       0xcc stm32f103x6_Drivers/USART/stm32f103x6_USART_driver.o
                0x0000000008000e10                MCAL_USART_SetPins
 .text.__libc_init_array
                0x0000000008000edc       0x48 c:/st/stm32cubeide_1.4.0/stm32cubeide/plugins/com.st.stm32cube.ide.mcu.externaltools.gnu-tools-for-stm32.7-2018-q2-update.win32_1.4.0.202007081208/tools/bin/../lib/gcc/arm-none-eabi/7.3.1/../../../../arm-none-eabi/lib/thumb/v7-m\libc_nano.a(lib_a-init.o)
                0x0000000008000edc                __libc_init_array
 *(.glue_7)
 .glue_7        0x0000000008000f24        0x0 linker stubs
 *(.glue_7t)
 .glue_7t       0x0000000008000f24        0x0 linker stubs
 *(.eh_frame)
 .eh_frame      0x0000000008000f24        0x0 c:/st/stm32cubeide_1.4.0/stm32cubeide/plugins/com.st.stm32cube.ide.mcu.externaltools.gnu-tools-for-stm32.7-2018-q2-update.win32_1.4.0.202007081208/tools/bin/../lib/gcc/arm-none-eabi/7.3.1/thumb/v7-m/crtbegin.o
 *(.init)
 .init          0x0000000008000f24        0x4 c:/st/stm32cubeide_1.4.0/stm32cubeide/plugins/com.st.stm32cube.ide.mcu.externaltools.gnu-tools-for-stm32.7-2018-q2-update.win32_1.4.0.202007081208/tools/bin/../lib/gcc/arm-none-eabi/7.3.1/thumb/v7-m/crti.o
                0x0000000008000f24                _init
 .init          0x0000000008000f28        0x8 c:/st/stm32cubeide_1.4.0/stm32cubeide/plugins/com.st.stm32cube.ide.mcu.externaltools.gnu-tools-for-stm32.7-2018-q2-update.win32_1.4.0.202007081208/tools/bin/../lib/gcc/arm-none-eabi/7.3.1/thumb/v7-m/crtn.o
 *(.fini)
 .fini          0x0000000008000f30        0x4 c:/st/stm32cubeide_1.4.0/stm32cubeide/plugins/com.st.stm32cube.ide.mcu.externaltools.gnu-tools-for-stm32.7-2018-q2-update.win32_1.4.0.202007081208/tools/bin/../lib/gcc/arm-none-eabi/7.3.1/thumb/v7-m/crti.o
                0x0000000008000f30                _fini
 .fini          0x0000000008000f34        0x8 c:/st/stm32cubeide_1.4.0/stm32cubeide/plugins/com.st.stm32cube.ide.mcu.externaltools.gnu-tools-for-stm32.7-2018-q2-update.win32_1.4.0.202007081208/tools/bin/../lib/gcc/arm-none-eabi/7.3.1/thumb/v7-m/crtn.o
                0x0000000008000f3c                . = ALIGN (0x4)
                0x0000000008000f3c                _etext = .

.vfp11_veneer   0x0000000008000f3c        0x0
 .vfp11_veneer  0x0000000008000f3c        0x0 linker stubs

.v4_bx          0x0000000008000f3c        0x0
 .v4_bx         0x0000000008000f3c        0x0 linker stubs

.iplt           0x0000000008000f3c        0x0
 .iplt          0x0000000008000f3c        0x0 c:/st/stm32cubeide_1.4.0/stm32cubeide/plugins/com.st.stm32cube.ide.mcu.externaltools.gnu-tools-for-stm32.7-2018-q2-update.win32_1.4.0.202007081208/tools/bin/../lib/gcc/arm-none-eabi/7.3.1/thumb/v7-m/crtbegin.o

.rodata         0x0000000008000f3c       0x18
                0x0000000008000f3c                . = ALIGN (0x4)
 *(.rodata)
 *(.rodata*)
 .rodata.AHBPreSc_Table
                0x0000000008000f3c       0x10 stm32f103x6_Drivers/RCC/stm32f103x6_RCC_driver.o
                0x0000000008000f3c                AHBPreSc_Table
 .rodata.APBPreSc_Table
                0x0000000008000f4c        0x8 stm32f103x6_Drivers/RCC/stm32f103x6_RCC_driver.o
                0x0000000008000f4c                APBPreSc_Table
                0x0000000008000f54                . = ALIGN (0x4)

.rel.dyn        0x0000000008000f54        0x0
 .rel.iplt      0x0000000008000f54        0x0 c:/st/stm32cubeide_1.4.0/stm32cubeide/plugins/com.st.stm32cube.ide.mcu.externaltools.gnu-tools-for-stm32.7-2018-q2-update.win32_1.4.0.202007081208/tools/bin/../lib/gcc/arm-none-eabi/7.3.1/thumb/v7-m/crtbegin.o

.ARM.extab      0x0000000008000f54        0x0
                0x0000000008000f54                . = ALIGN (0x4)
 *(.ARM.extab* .gnu.linkonce.armextab.*)
                0x0000000008000f54                . = ALIGN (0x4)

.ARM            0x0000000008000f54        0x0
                0x0000000008000f54                . = ALIGN (0x4)
                0x0000000008000f54                __exidx_start = .
 *(.ARM.exidx*)
                0x0000000008000f54                __exidx_end = .
                0x0000000008000f54                . = ALIGN (0x4)

.preinit_array  0x0000000008000f54        0x0
                0x0000000008000f54                . = ALIGN (0x4)
                0x0000000008000f54                PROVIDE (__preinit_array_start = .)
 *(.preinit_array*)
                0x0000000008000f54                PROVIDE (__preinit_array_end = .)
                0x0000000008000f54                . = ALIGN (0x4)

.init_array     0x0000000008000f54        0x4
                0x0000000008000f54                . = ALIGN (0x4)
                0x0000000008000f54                PROVIDE (__init_array_start = .)
 *(SORT_BY_NAME(.init_array.*))
 *(.init_array*)
 .init_array    0x0000000008000f54        0x4 c:/st/stm32cubeide_1.4.0/stm32cubeide/plugins/com.st.stm32cube.ide.mcu.externaltools.gnu-tools-for-stm32.7-2018-q2-update.win32_1.4.0.202007081208/tools/bin/../lib/gcc/arm-none-eabi/7.3.1/thumb/v7-m/crtbegin.o
                0x0000000008000f58                PROVIDE (__init_array_end = .)
                0x0000000008000f58                . = ALIGN (0x4)

.fini_array     0x0000000008000f58        0x4
                0x0000000008000f58                . = ALIGN (0x4)
                [!provide]                        PROVIDE (__fini_array_start = .)
 *(SORT_BY_NAME(.fini_array.*))
 *(.fini_array*)
 .fini_array    0x0000000008000f58        0x4 c:/st/stm32cubeide_1.4.0/stm32cubeide/plugins/com.st.stm32cube.ide.mcu.externaltools.gnu-tools-for-stm32.7-2018-q2-update.win32_1.4.0.202007081208/tools/bin/../lib/gcc/arm-none-eabi/7.3.1/thumb/v7-m/crtbegin.o
                [!provide]                        PROVIDE (__fini_array_end = .)
                0x0000000008000f5c                . = ALIGN (0x4)
                0x0000000008000f5c                _sidata = LOADADDR (.data)

.data           0x0000000020000000        0x0 load address 0x0000000008000f5c
                0x0000000020000000                . = ALIGN (0x4)
                0x0000000020000000                _sdata = .
 *(.data)
 *(.data*)
                0x0000000020000000                . = ALIGN (0x4)
                0x0000000020000000                _edata = .

.igot.plt       0x0000000020000000        0x0 load address 0x0000000008000f5c
 .igot.plt      0x0000000020000000        0x0 c:/st/stm32cubeide_1.4.0/stm32cubeide/plugins/com.st.stm32cube.ide.mcu.externaltools.gnu-tools-for-stm32.7-2018-q2-update.win32_1.4.0.202007081208/tools/bin/../lib/gcc/arm-none-eabi/7.3.1/thumb/v7-m/crtbegin.o
                0x0000000020000000                . = ALIGN (0x4)

.bss            0x0000000020000000       0x74 load address 0x0000000008000f5c
                0x0000000020000000                _sbss = .
                0x0000000020000000                __bss_start__ = _sbss
 *(.bss)
 .bss           0x0000000020000000       0x1c c:/st/stm32cubeide_1.4.0/stm32cubeide/plugins/com.st.stm32cube.ide.mcu.externaltools.gnu-tools-for-stm32.7-2018-q2-update.win32_1.4.0.202007081208/tools/bin/../lib/gcc/arm-none-eabi/7.3.1/thumb/v7-m/crtbegin.o
 *(.bss*)
 .bss.P_SPI_Cfg
                0x000000002000001c        0xc stm32f103x6_Drivers/SPI/stm32f103x6_SPI_driver.o
                0x000000002000001c                P_SPI_Cfg
 .bss.P_UART_Cfg
                0x0000000020000028        0xc stm32f103x6_Drivers/USART/stm32f103x6_USART_driver.o
                0x0000000020000028                P_UART_Cfg
 *(COMMON)
 COMMON         0x0000000020000034        0x2 Src/main.o
                0x0000000020000034                channel
 *fill*         0x0000000020000036        0x2 
 COMMON         0x0000000020000038       0x3c stm32f103x6_Drivers/EXTI/stm32f103x6_EXTI_driver.o
                0x0000000020000038                GP_IRQ_CallBack
                0x0000000020000074                . = ALIGN (0x4)
                0x0000000020000074                _ebss = .
                0x0000000020000074                __bss_end__ = _ebss

._user_heap_stack
                0x0000000020000074      0x604 load address 0x0000000008000f5c
                0x0000000020000078                . = ALIGN (0x8)
 *fill*         0x0000000020000074        0x4 
                [!provide]                        PROVIDE (end = .)
                0x0000000020000078                PROVIDE (_end = .)
                0x0000000020000278                . = (. + _Min_Heap_Size)
 *fill*         0x0000000020000078      0x200 
                0x0000000020000678                . = (. + _Min_Stack_Size)
 *fill*         0x0000000020000278      0x400 
                0x0000000020000678                . = ALIGN (0x8)

/DISCARD/
 libc.a(*)
 libm.a(*)
 libgcc.a(*)

.ARM.attributes
                0x0000000000000000       0x29
 *(.ARM.attributes)
 .ARM.attributes
                0x0000000000000000       0x1d c:/st/stm32cubeide_1.4.0/stm32cubeide/plugins/com.st.stm32cube.ide.mcu.externaltools.gnu-tools-for-stm32.7-2018-q2-update.win32_1.4.0.202007081208/tools/bin/../lib/gcc/arm-none-eabi/7.3.1/thumb/v7-m/crti.o
 .ARM.attributes
                0x000000000000001d       0x2d c:/st/stm32cubeide_1.4.0/stm32cubeide/plugins/com.st.stm32cube.ide.mcu.externaltools.gnu-tools-for-stm32.7-2018-q2-update.win32_1.4.0.202007081208/tools/bin/../lib/gcc/arm-none-eabi/7.3.1/thumb/v7-m/crtbegin.o
 .ARM.attributes
                0x000000000000004a       0x33 Src/main.o
 .ARM.attributes
                0x000000000000007d       0x21 Startup/startup_stm32f103c6tx.o
 .ARM.attributes
                0x000000000000009e       0x33 stm32f103x6_Drivers/EXTI/stm32f103x6_EXTI_driver.o
 .ARM.attributes
                0x00000000000000d1       0x33 stm32f103x6_Drivers/GPIO/stm32f103x6_gpio_driver.o
 .ARM.attributes
                0x0000000000000104       0x33 stm32f103x6_Drivers/RCC/stm32f103x6_RCC_driver.o
 .ARM.attributes
                0x0000000000000137       0x33 stm32f103x6_Drivers/SPI/stm32f103x6_SPI_driver.o
 .ARM.attributes
                0x000000000000016a       0x33 stm32f103x6_Drivers/USART/stm32f103x6_USART_driver.o
 .ARM.attributes
                0x000000000000019d       0x2d c:/st/stm32cubeide_1.4.0/stm32cubeide/plugins/com.st.stm32cube.ide.mcu.externaltools.gnu-tools-for-stm32.7-2018-q2-update.win32_1.4.0.202007081208/tools/bin/../lib/gcc/arm-none-eabi/7.3.1/../../../../arm-none-eabi/lib/thumb/v7-m\libc_nano.a(lib_a-init.o)
 .ARM.attributes
                0x00000000000001ca       0x1d c:/st/stm32cubeide_1.4.0/stm32cubeide/plugins/com.st.stm32cube.ide.mcu.externaltools.gnu-tools-for-stm32.7-2018-q2-update.win32_1.4.0.202007081208/tools/bin/../lib/gcc/arm-none-eabi/7.3.1/thumb/v7-m/crtn.o
OUTPUT(Drivers.elf elf32-littlearm)

.debug_info     0x0000000000000000     0x51a8
 .debug_info    0x0000000000000000      0xe31 Src/main.o
 .debug_info    0x0000000000000e31       0x22 Startup/startup_stm32f103c6tx.o
 .debug_info    0x0000000000000e53      0xd94 stm32f103x6_Drivers/EXTI/stm32f103x6_EXTI_driver.o
 .debug_info    0x0000000000001be7      0xd64 stm32f103x6_Drivers/GPIO/stm32f103x6_gpio_driver.o
 .debug_info    0x000000000000294b      0xb21 stm32f103x6_Drivers/RCC/stm32f103x6_RCC_driver.o
 .debug_info    0x000000000000346c      0xefb stm32f103x6_Drivers/SPI/stm32f103x6_SPI_driver.o
 .debug_info    0x0000000000004367      0xe41 stm32f103x6_Drivers/USART/stm32f103x6_USART_driver.o

.debug_abbrev   0x0000000000000000      0xc4c
 .debug_abbrev  0x0000000000000000      0x22d Src/main.o
 .debug_abbrev  0x000000000000022d       0x12 Startup/startup_stm32f103c6tx.o
 .debug_abbrev  0x000000000000023f      0x21f stm32f103x6_Drivers/EXTI/stm32f103x6_EXTI_driver.o
 .debug_abbrev  0x000000000000045e      0x232 stm32f103x6_Drivers/GPIO/stm32f103x6_gpio_driver.o
 .debug_abbrev  0x0000000000000690      0x197 stm32f103x6_Drivers/RCC/stm32f103x6_RCC_driver.o
 .debug_abbrev  0x0000000000000827      0x22b stm32f103x6_Drivers/SPI/stm32f103x6_SPI_driver.o
 .debug_abbrev  0x0000000000000a52      0x1fa stm32f103x6_Drivers/USART/stm32f103x6_USART_driver.o

.debug_loc      0x0000000000000000      0xd1c
 .debug_loc     0x0000000000000000      0x110 Src/main.o
 .debug_loc     0x0000000000000110      0x2d0 stm32f103x6_Drivers/EXTI/stm32f103x6_EXTI_driver.o
 .debug_loc     0x00000000000003e0      0x330 stm32f103x6_Drivers/GPIO/stm32f103x6_gpio_driver.o
 .debug_loc     0x0000000000000710       0xc8 stm32f103x6_Drivers/RCC/stm32f103x6_RCC_driver.o
 .debug_loc     0x00000000000007d8      0x2b0 stm32f103x6_Drivers/SPI/stm32f103x6_SPI_driver.o
 .debug_loc     0x0000000000000a88      0x294 stm32f103x6_Drivers/USART/stm32f103x6_USART_driver.o

.debug_aranges  0x0000000000000000      0x228
 .debug_aranges
                0x0000000000000000       0x38 Src/main.o
 .debug_aranges
                0x0000000000000038       0x28 Startup/startup_stm32f103c6tx.o
 .debug_aranges
                0x0000000000000060       0x78 stm32f103x6_Drivers/EXTI/stm32f103x6_EXTI_driver.o
 .debug_aranges
                0x00000000000000d8       0x60 stm32f103x6_Drivers/GPIO/stm32f103x6_gpio_driver.o
 .debug_aranges
                0x0000000000000138       0x38 stm32f103x6_Drivers/RCC/stm32f103x6_RCC_driver.o
 .debug_aranges
                0x0000000000000170       0x58 stm32f103x6_Drivers/SPI/stm32f103x6_SPI_driver.o
 .debug_aranges
                0x00000000000001c8       0x60 stm32f103x6_Drivers/USART/stm32f103x6_USART_driver.o

.debug_ranges   0x0000000000000000      0x1c0
 .debug_ranges  0x0000000000000000       0x28 Src/main.o
 .debug_ranges  0x0000000000000028       0x20 Startup/startup_stm32f103c6tx.o
 .debug_ranges  0x0000000000000048       0x68 stm32f103x6_Drivers/EXTI/stm32f103x6_EXTI_driver.o
 .debug_ranges  0x00000000000000b0       0x50 stm32f103x6_Drivers/GPIO/stm32f103x6_gpio_driver.o
 .debug_ranges  0x0000000000000100       0x28 stm32f103x6_Drivers/RCC/stm32f103x6_RCC_driver.o
 .debug_ranges  0x0000000000000128       0x48 stm32f103x6_Drivers/SPI/stm32f103x6_SPI_driver.o
 .debug_ranges  0x0000000000000170       0x50 stm32f103x6_Drivers/USART/stm32f103x6_USART_driver.o

.debug_macro    0x0000000000000000      0xd6b
 .debug_macro   0x0000000000000000      0x16e Src/main.o
 .debug_macro   0x000000000000016e       0x1c Src/main.o
 .debug_macro   0x000000000000018a       0xd6 Src/main.o
 .debug_macro   0x0000000000000260       0xc4 Src/main.o
 .debug_macro   0x0000000000000324      0x14e stm32f103x6_Drivers/EXTI/stm32f103x6_EXTI_driver.o
 .debug_macro   0x0000000000000472       0xd6 stm32f103x6_Drivers/EXTI/stm32f103x6_EXTI_driver.o
 .debug_macro   0x0000000000000548      0x223 stm32f103x6_Drivers/EXTI/stm32f103x6_EXTI_driver.o
 .debug_macro   0x000000000000076b      0x13f stm32f103x6_Drivers/GPIO/stm32f103x6_gpio_driver.o
 .debug_macro   0x00000000000008aa      0x148 stm32f103x6_Drivers/RCC/stm32f103x6_RCC_driver.o
 .debug_macro   0x00000000000009f2       0x16 stm32f103x6_Drivers/RCC/stm32f103x6_RCC_driver.o
 .debug_macro   0x0000000000000a08      0x154 stm32f103x6_Drivers/SPI/stm32f103x6_SPI_driver.o
 .debug_macro   0x0000000000000b5c       0xbe stm32f103x6_Drivers/SPI/stm32f103x6_SPI_driver.o
 .debug_macro   0x0000000000000c1a      0x151 stm32f103x6_Drivers/USART/stm32f103x6_USART_driver.o

.debug_line     0x0000000000000000     0x276f
 .debug_line    0x0000000000000000      0x5f0 Src/main.o
 .debug_line    0x00000000000005f0       0x84 Startup/startup_stm32f103c6tx.o
 .debug_line    0x0000000000000674      0x727 stm32f103x6_Drivers/EXTI/stm32f103x6_EXTI_driver.o
 .debug_line    0x0000000000000d9b      0x680 stm32f103x6_Drivers/GPIO/stm32f103x6_gpio_driver.o
 .debug_line    0x000000000000141b      0x5c1 stm32f103x6_Drivers/RCC/stm32f103x6_RCC_driver.o
 .debug_line    0x00000000000019dc      0x68d stm32f103x6_Drivers/SPI/stm32f103x6_SPI_driver.o
 .debug_line    0x0000000000002069      0x706 stm32f103x6_Drivers/USART/stm32f103x6_USART_driver.o

.debug_str      0x0000000000000000     0xa57c
 .debug_str     0x0000000000000000     0x8cd8 Src/main.o
                                       0x8f5c (size before relaxing)
 .debug_str     0x0000000000008cd8       0x31 Startup/startup_stm32f103c6tx.o
                                         0x67 (size before relaxing)
 .debug_str     0x0000000000008d09     0x144a stm32f103x6_Drivers/EXTI/stm32f103x6_EXTI_driver.o
                                       0x96fb (size before relaxing)
 .debug_str     0x000000000000a153      0x113 stm32f103x6_Drivers/GPIO/stm32f103x6_gpio_driver.o
                                       0x841a (size before relaxing)
 .debug_str     0x000000000000a266       0xab stm32f103x6_Drivers/RCC/stm32f103x6_RCC_driver.o
                                       0x83b6 (size before relaxing)
 .debug_str     0x000000000000a311      0x145 stm32f103x6_Drivers/SPI/stm32f103x6_SPI_driver.o
                                       0x8976 (size before relaxing)
 .debug_str     0x000000000000a456      0x126 stm32f103x6_Drivers/USART/stm32f103x6_USART_driver.o
                                       0x8b2c (size before relaxing)

.comment        0x0000000000000000       0x7b
 .comment       0x0000000000000000       0x7b Src/main.o
                                         0x7c (size before relaxing)
 .comment       0x000000000000007b       0x7c stm32f103x6_Drivers/EXTI/stm32f103x6_EXTI_driver.o
 .comment       0x000000000000007b       0x7c stm32f103x6_Drivers/GPIO/stm32f103x6_gpio_driver.o
 .comment       0x000000000000007b       0x7c stm32f103x6_Drivers/RCC/stm32f103x6_RCC_driver.o
 .comment       0x000000000000007b       0x7c stm32f103x6_Drivers/SPI/stm32f103x6_SPI_driver.o
 .comment       0x000000000000007b       0x7c stm32f103x6_Drivers/USART/stm32f103x6_USART_driver.o

.debug_frame    0x0000000000000000      0x6d0
 .debug_frame   0x0000000000000000       0x94 Src/main.o
 .debug_frame   0x0000000000000094      0x18c stm32f103x6_Drivers/EXTI/stm32f103x6_EXTI_driver.o
 .debug_frame   0x0000000000000220      0x174 stm32f103x6_Drivers/GPIO/stm32f103x6_gpio_driver.o
 .debug_frame   0x0000000000000394       0x84 stm32f103x6_Drivers/RCC/stm32f103x6_RCC_driver.o
 .debug_frame   0x0000000000000418      0x140 stm32f103x6_Drivers/SPI/stm32f103x6_SPI_driver.o
 .debug_frame   0x0000000000000558      0x14c stm32f103x6_Drivers/USART/stm32f103x6_USART_driver.o
 .debug_frame   0x00000000000006a4       0x2c c:/st/stm32cubeide_1.4.0/stm32cubeide/plugins/com.st.stm32cube.ide.mcu.externaltools.gnu-tools-for-stm32.7-2018-q2-update.win32_1.4.0.202007081208/tools/bin/../lib/gcc/arm-none-eabi/7.3.1/../../../../arm-none-eabi/lib/thumb/v7-m\libc_nano.a(lib_a-init.o)
