stm32f103x6_EXTI_driver.c:33:6:EXTI0_IRQHandler	8	static
stm32f103x6_EXTI_driver.c:40:6:EXTI1_IRQHandler	8	static
stm32f103x6_EXTI_driver.c:47:6:EXTI2_IRQHandler	8	static
stm32f103x6_EXTI_driver.c:54:6:EXTI3_IRQHandler	8	static
stm32f103x6_EXTI_driver.c:61:6:EXTI4_IRQHandler	8	static
stm32f103x6_EXTI_driver.c:68:6:EXTI9_5_IRQHandler	8	static
stm32f103x6_EXTI_driver.c:77:6:EXTI15_10_IRQHandler	8	static
stm32f103x6_EXTI_driver.c:87:6:Enable_NVIC	16	static
stm32f103x6_EXTI_driver.c:123:6:Disable_NVIC	16	static
stm32f103x6_EXTI_driver.c:171:6:MCAL_EXTI_GPIO_Init	24	static
stm32f103x6_EXTI_driver.c:227:6:MCAL_EXTI_GPIO_Deinit	4	static
stm32f103x6_EXTI_driver.c:257:6:MCAL_EXTI_GPIO_Update	16	static
