
Allocating common symbols
Common symbol       size              file

PS_Pval             0x4               PS_Driver.o
PS_state            0x4               PS_Driver.o
PS_state_id         0x1               main.o
Alarm_state         0x4               Alarm.o
Alarm_state_id      0x1               Alarm.o

Memory Configuration

Name             Origin             Length             Attributes
flash            0x08000000         0x00020000         xr
sram             0x20000000         0x00005000         xrw
*default*        0x00000000         0xffffffff

Linker script and memory map


.text           0x08000000      0x394
 *(.vectors*)
 .vectors       0x08000000       0x1c startup.o
                0x08000000                vectors
 *(.text*)
 .text          0x0800001c       0xe0 Alarm.o
                0x0800001c                Pres_val
                0x08000064                ST_High_Pressure
                0x080000b0                ST_Norm_Pressure
 .text          0x080000fc      0x10c driver.o
                0x080000fc                Delay
                0x08000120                getPressureVal
                0x08000138                Set_Alarm_actuator
                0x08000188                GPIO_INITIALIZATION
 .text          0x08000208       0x54 main.o
                0x08000208                setup
                0x08000238                main
 .text          0x0800025c       0x7c PS_Driver.o
                0x0800025c                ST_PS_reading
                0x080002a4                ST_PS_waiting
 .text          0x080002d8       0xbc startup.o
                0x080002d8                Bus_fault_Handler
                0x080002d8                MM_fault_Handler
                0x080002d8                Usage_fault_Handler
                0x080002d8                H_fault_Handler
                0x080002d8                Default_Handler
                0x080002d8                NMI_Handler
                0x080002e4                Reset_Handler
 *(.rodata)
                0x08000394                _E_text = .

.glue_7         0x08000394        0x0
 .glue_7        0x00000000        0x0 linker stubs

.glue_7t        0x08000394        0x0
 .glue_7t       0x00000000        0x0 linker stubs

.vfp11_veneer   0x08000394        0x0
 .vfp11_veneer  0x00000000        0x0 linker stubs

.v4_bx          0x08000394        0x0
 .v4_bx         0x00000000        0x0 linker stubs

.iplt           0x08000394        0x0
 .iplt          0x00000000        0x0 Alarm.o

.rel.dyn        0x08000394        0x0
 .rel.iplt      0x00000000        0x0 Alarm.o

.data           0x20000000        0x4 load address 0x08000394
                0x20000000                _S_DATA = .
 *(.data)
 .data          0x20000000        0x4 Alarm.o
                0x20000000                Al_Pval
 .data          0x20000004        0x0 driver.o
 .data          0x20000004        0x0 main.o
 .data          0x20000004        0x0 PS_Driver.o
 .data          0x20000004        0x0 startup.o
                0x20000004                _E_DATA = .

.igot.plt       0x20000004        0x0 load address 0x08000398
 .igot.plt      0x00000000        0x0 Alarm.o

.bss            0x20000004     0x1014 load address 0x08000398
                0x20000004                _S_bss = .
 *(.bss*)
 .bss           0x20000004        0x4 Alarm.o
                0x20000004                Al_Signal
 .bss           0x20000008        0x0 driver.o
 .bss           0x20000008        0x0 main.o
 .bss           0x20000008        0x0 PS_Driver.o
 .bss           0x20000008        0x0 startup.o
                0x20000008                . = ALIGN (0x4)
                0x20000008                _E_bss = .
                0x20000008                . = ALIGN (0x4)
                0x20001008                . = (. + 0x1000)
 *fill*         0x20000008     0x1000 
                0x20001008                SP_top = .
 COMMON         0x20001008        0x5 Alarm.o
                0x20001008                Alarm_state
                0x2000100c                Alarm_state_id
 COMMON         0x2000100d        0x1 main.o
                0x2000100d                PS_state_id
 *fill*         0x2000100e        0x2 
 COMMON         0x20001010        0x8 PS_Driver.o
                0x20001010                PS_Pval
                0x20001014                PS_state
LOAD Alarm.o
LOAD driver.o
LOAD main.o
LOAD PS_Driver.o
LOAD startup.o
OUTPUT(Final_Project1.elf elf32-littlearm)

.debug_info     0x00000000      0x5a9
 .debug_info    0x00000000      0x135 Alarm.o
 .debug_info    0x00000135      0x103 driver.o
 .debug_info    0x00000238      0x11d main.o
 .debug_info    0x00000355       0xfc PS_Driver.o
 .debug_info    0x00000451      0x158 startup.o

.debug_abbrev   0x00000000      0x325
 .debug_abbrev  0x00000000       0xa5 Alarm.o
 .debug_abbrev  0x000000a5       0x9d driver.o
 .debug_abbrev  0x00000142       0xa5 main.o
 .debug_abbrev  0x000001e7       0x7c PS_Driver.o
 .debug_abbrev  0x00000263       0xc2 startup.o

.debug_loc      0x00000000      0x26c
 .debug_loc     0x00000000       0x90 Alarm.o
 .debug_loc     0x00000090       0xc8 driver.o
 .debug_loc     0x00000158       0x58 main.o
 .debug_loc     0x000001b0       0x58 PS_Driver.o
 .debug_loc     0x00000208       0x64 startup.o

.debug_aranges  0x00000000       0xa0
 .debug_aranges
                0x00000000       0x20 Alarm.o
 .debug_aranges
                0x00000020       0x20 driver.o
 .debug_aranges
                0x00000040       0x20 main.o
 .debug_aranges
                0x00000060       0x20 PS_Driver.o
 .debug_aranges
                0x00000080       0x20 startup.o

.debug_line     0x00000000      0x256
 .debug_line    0x00000000       0x71 Alarm.o
 .debug_line    0x00000071       0x99 driver.o
 .debug_line    0x0000010a       0x6e main.o
 .debug_line    0x00000178       0x5d PS_Driver.o
 .debug_line    0x000001d5       0x81 startup.o

.debug_str      0x00000000      0x231
 .debug_str     0x00000000      0x103 Alarm.o
                                0x158 (size before relaxing)
 .debug_str     0x00000103       0x55 driver.o
                                0x131 (size before relaxing)
 .debug_str     0x00000158       0x27 main.o
                                0x150 (size before relaxing)
 .debug_str     0x0000017f       0x30 PS_Driver.o
                                0x137 (size before relaxing)
 .debug_str     0x000001af       0x82 startup.o
                                0x13e (size before relaxing)

.comment        0x00000000       0x11
 .comment       0x00000000       0x11 Alarm.o
                                 0x12 (size before relaxing)
 .comment       0x00000000       0x12 driver.o
 .comment       0x00000000       0x12 main.o
 .comment       0x00000000       0x12 PS_Driver.o
 .comment       0x00000000       0x12 startup.o

.ARM.attributes
                0x00000000       0x33
 .ARM.attributes
                0x00000000       0x33 Alarm.o
 .ARM.attributes
                0x00000033       0x33 driver.o
 .ARM.attributes
                0x00000066       0x33 main.o
 .ARM.attributes
                0x00000099       0x33 PS_Driver.o
 .ARM.attributes
                0x000000cc       0x33 startup.o

.debug_frame    0x00000000      0x1b8
 .debug_frame   0x00000000       0x64 Alarm.o
 .debug_frame   0x00000064       0x78 driver.o
 .debug_frame   0x000000dc       0x48 main.o
 .debug_frame   0x00000124       0x48 PS_Driver.o
 .debug_frame   0x0000016c       0x4c startup.o
