Archive member included to satisfy reference by file (symbol)

c:/st/stm32cubeide_1.4.0/stm32cubeide/plugins/com.st.stm32cube.ide.mcu.externaltools.gnu-tools-for-stm32.7-2018-q2-update.win32_1.4.0.202007081208/tools/bin/../lib/gcc/arm-none-eabi/7.3.1/../../../../arm-none-eabi/lib/thumb/v7-m\libc_nano.a(lib_a-errno.o)
                              Src/syscalls.o (__errno)
c:/st/stm32cubeide_1.4.0/stm32cubeide/plugins/com.st.stm32cube.ide.mcu.externaltools.gnu-tools-for-stm32.7-2018-q2-update.win32_1.4.0.202007081208/tools/bin/../lib/gcc/arm-none-eabi/7.3.1/../../../../arm-none-eabi/lib/thumb/v7-m\libc_nano.a(lib_a-exit.o)
                              c:/st/stm32cubeide_1.4.0/stm32cubeide/plugins/com.st.stm32cube.ide.mcu.externaltools.gnu-tools-for-stm32.7-2018-q2-update.win32_1.4.0.202007081208/tools/bin/../lib/gcc/arm-none-eabi/7.3.1/../../../../arm-none-eabi/lib/thumb/v7-m/crt0.o (exit)
c:/st/stm32cubeide_1.4.0/stm32cubeide/plugins/com.st.stm32cube.ide.mcu.externaltools.gnu-tools-for-stm32.7-2018-q2-update.win32_1.4.0.202007081208/tools/bin/../lib/gcc/arm-none-eabi/7.3.1/../../../../arm-none-eabi/lib/thumb/v7-m\libc_nano.a(lib_a-impure.o)
                              c:/st/stm32cubeide_1.4.0/stm32cubeide/plugins/com.st.stm32cube.ide.mcu.externaltools.gnu-tools-for-stm32.7-2018-q2-update.win32_1.4.0.202007081208/tools/bin/../lib/gcc/arm-none-eabi/7.3.1/../../../../arm-none-eabi/lib/thumb/v7-m\libc_nano.a(lib_a-exit.o) (_global_impure_ptr)
c:/st/stm32cubeide_1.4.0/stm32cubeide/plugins/com.st.stm32cube.ide.mcu.externaltools.gnu-tools-for-stm32.7-2018-q2-update.win32_1.4.0.202007081208/tools/bin/../lib/gcc/arm-none-eabi/7.3.1/../../../../arm-none-eabi/lib/thumb/v7-m\libc_nano.a(lib_a-init.o)
                              c:/st/stm32cubeide_1.4.0/stm32cubeide/plugins/com.st.stm32cube.ide.mcu.externaltools.gnu-tools-for-stm32.7-2018-q2-update.win32_1.4.0.202007081208/tools/bin/../lib/gcc/arm-none-eabi/7.3.1/../../../../arm-none-eabi/lib/thumb/v7-m/crt0.o (__libc_init_array)
c:/st/stm32cubeide_1.4.0/stm32cubeide/plugins/com.st.stm32cube.ide.mcu.externaltools.gnu-tools-for-stm32.7-2018-q2-update.win32_1.4.0.202007081208/tools/bin/../lib/gcc/arm-none-eabi/7.3.1/../../../../arm-none-eabi/lib/thumb/v7-m\libc_nano.a(lib_a-memset.o)
                              c:/st/stm32cubeide_1.4.0/stm32cubeide/plugins/com.st.stm32cube.ide.mcu.externaltools.gnu-tools-for-stm32.7-2018-q2-update.win32_1.4.0.202007081208/tools/bin/../lib/gcc/arm-none-eabi/7.3.1/../../../../arm-none-eabi/lib/thumb/v7-m/crt0.o (memset)

Allocating common symbols
Common symbol       size              file

PinCfg              0x4               HAL/KeyPad/keypad.o
IRQ_flag            0x1               Src/main.o
GP_IRQ_CallBack     0x3c              stm32f103x6_Drivers/EXTI/stm32f103x6_EXTI_driver.o

Discarded input sections

 .text          0x0000000000000000        0x0 c:/st/stm32cubeide_1.4.0/stm32cubeide/plugins/com.st.stm32cube.ide.mcu.externaltools.gnu-tools-for-stm32.7-2018-q2-update.win32_1.4.0.202007081208/tools/bin/../lib/gcc/arm-none-eabi/7.3.1/thumb/v7-m/crti.o
 .data          0x0000000000000000        0x0 c:/st/stm32cubeide_1.4.0/stm32cubeide/plugins/com.st.stm32cube.ide.mcu.externaltools.gnu-tools-for-stm32.7-2018-q2-update.win32_1.4.0.202007081208/tools/bin/../lib/gcc/arm-none-eabi/7.3.1/thumb/v7-m/crti.o
 .bss           0x0000000000000000        0x0 c:/st/stm32cubeide_1.4.0/stm32cubeide/plugins/com.st.stm32cube.ide.mcu.externaltools.gnu-tools-for-stm32.7-2018-q2-update.win32_1.4.0.202007081208/tools/bin/../lib/gcc/arm-none-eabi/7.3.1/thumb/v7-m/crti.o
 .data          0x0000000000000000        0x4 c:/st/stm32cubeide_1.4.0/stm32cubeide/plugins/com.st.stm32cube.ide.mcu.externaltools.gnu-tools-for-stm32.7-2018-q2-update.win32_1.4.0.202007081208/tools/bin/../lib/gcc/arm-none-eabi/7.3.1/thumb/v7-m/crtbegin.o
 .text          0x0000000000000000       0x74 c:/st/stm32cubeide_1.4.0/stm32cubeide/plugins/com.st.stm32cube.ide.mcu.externaltools.gnu-tools-for-stm32.7-2018-q2-update.win32_1.4.0.202007081208/tools/bin/../lib/gcc/arm-none-eabi/7.3.1/../../../../arm-none-eabi/lib/thumb/v7-m/crt0.o
 .data          0x0000000000000000        0x0 c:/st/stm32cubeide_1.4.0/stm32cubeide/plugins/com.st.stm32cube.ide.mcu.externaltools.gnu-tools-for-stm32.7-2018-q2-update.win32_1.4.0.202007081208/tools/bin/../lib/gcc/arm-none-eabi/7.3.1/../../../../arm-none-eabi/lib/thumb/v7-m/crt0.o
 .bss           0x0000000000000000        0x0 c:/st/stm32cubeide_1.4.0/stm32cubeide/plugins/com.st.stm32cube.ide.mcu.externaltools.gnu-tools-for-stm32.7-2018-q2-update.win32_1.4.0.202007081208/tools/bin/../lib/gcc/arm-none-eabi/7.3.1/../../../../arm-none-eabi/lib/thumb/v7-m/crt0.o
 .ARM.extab     0x0000000000000000        0x0 c:/st/stm32cubeide_1.4.0/stm32cubeide/plugins/com.st.stm32cube.ide.mcu.externaltools.gnu-tools-for-stm32.7-2018-q2-update.win32_1.4.0.202007081208/tools/bin/../lib/gcc/arm-none-eabi/7.3.1/../../../../arm-none-eabi/lib/thumb/v7-m/crt0.o
 .ARM.exidx     0x0000000000000000        0x8 c:/st/stm32cubeide_1.4.0/stm32cubeide/plugins/com.st.stm32cube.ide.mcu.externaltools.gnu-tools-for-stm32.7-2018-q2-update.win32_1.4.0.202007081208/tools/bin/../lib/gcc/arm-none-eabi/7.3.1/../../../../arm-none-eabi/lib/thumb/v7-m/crt0.o
 .ARM.attributes
                0x0000000000000000       0x1b c:/st/stm32cubeide_1.4.0/stm32cubeide/plugins/com.st.stm32cube.ide.mcu.externaltools.gnu-tools-for-stm32.7-2018-q2-update.win32_1.4.0.202007081208/tools/bin/../lib/gcc/arm-none-eabi/7.3.1/../../../../arm-none-eabi/lib/thumb/v7-m/crt0.o
 .group         0x0000000000000000        0xc HAL/KeyPad/keypad.o
 .group         0x0000000000000000        0xc HAL/KeyPad/keypad.o
 .group         0x0000000000000000        0xc HAL/KeyPad/keypad.o
 .group         0x0000000000000000        0xc HAL/KeyPad/keypad.o
 .group         0x0000000000000000        0xc HAL/KeyPad/keypad.o
 .group         0x0000000000000000        0xc HAL/KeyPad/keypad.o
 .group         0x0000000000000000        0xc HAL/KeyPad/keypad.o
 .group         0x0000000000000000        0xc HAL/KeyPad/keypad.o
 .group         0x0000000000000000        0xc HAL/KeyPad/keypad.o
 .group         0x0000000000000000        0xc HAL/KeyPad/keypad.o
 .group         0x0000000000000000        0xc HAL/KeyPad/keypad.o
 .group         0x0000000000000000        0xc HAL/KeyPad/keypad.o
 .group         0x0000000000000000        0xc HAL/KeyPad/keypad.o
 .group         0x0000000000000000        0xc HAL/KeyPad/keypad.o
 .group         0x0000000000000000        0xc HAL/KeyPad/keypad.o
 .group         0x0000000000000000        0xc HAL/KeyPad/keypad.o
 .group         0x0000000000000000        0xc HAL/KeyPad/keypad.o
 .group         0x0000000000000000        0xc HAL/KeyPad/keypad.o
 .group         0x0000000000000000        0xc HAL/KeyPad/keypad.o
 .group         0x0000000000000000        0xc HAL/KeyPad/keypad.o
 .group         0x0000000000000000        0xc HAL/KeyPad/keypad.o
 .group         0x0000000000000000        0xc HAL/KeyPad/keypad.o
 .group         0x0000000000000000        0xc HAL/KeyPad/keypad.o
 .group         0x0000000000000000        0xc HAL/KeyPad/keypad.o
 .group         0x0000000000000000        0xc HAL/KeyPad/keypad.o
 .text          0x0000000000000000        0x0 HAL/KeyPad/keypad.o
 .data          0x0000000000000000        0x0 HAL/KeyPad/keypad.o
 .bss           0x0000000000000000        0x0 HAL/KeyPad/keypad.o
 .data.Key_padRow
                0x0000000000000000       0x10 HAL/KeyPad/keypad.o
 .data.Key_padCol
                0x0000000000000000       0x10 HAL/KeyPad/keypad.o
 .text.Keypad_init
                0x0000000000000000       0xec HAL/KeyPad/keypad.o
 .text.Keypad_getkey
                0x0000000000000000      0x194 HAL/KeyPad/keypad.o
 .group         0x0000000000000000        0xc HAL/LCD/lcd.o
 .group         0x0000000000000000        0xc HAL/LCD/lcd.o
 .group         0x0000000000000000        0xc HAL/LCD/lcd.o
 .group         0x0000000000000000        0xc HAL/LCD/lcd.o
 .group         0x0000000000000000        0xc HAL/LCD/lcd.o
 .group         0x0000000000000000        0xc HAL/LCD/lcd.o
 .group         0x0000000000000000        0xc HAL/LCD/lcd.o
 .group         0x0000000000000000        0xc HAL/LCD/lcd.o
 .group         0x0000000000000000        0xc HAL/LCD/lcd.o
 .group         0x0000000000000000        0xc HAL/LCD/lcd.o
 .group         0x0000000000000000        0xc HAL/LCD/lcd.o
 .group         0x0000000000000000        0xc HAL/LCD/lcd.o
 .group         0x0000000000000000        0xc HAL/LCD/lcd.o
 .group         0x0000000000000000        0xc HAL/LCD/lcd.o
 .group         0x0000000000000000        0xc HAL/LCD/lcd.o
 .group         0x0000000000000000        0xc HAL/LCD/lcd.o
 .group         0x0000000000000000        0xc HAL/LCD/lcd.o
 .group         0x0000000000000000        0xc HAL/LCD/lcd.o
 .group         0x0000000000000000        0xc HAL/LCD/lcd.o
 .group         0x0000000000000000        0xc HAL/LCD/lcd.o
 .group         0x0000000000000000        0xc HAL/LCD/lcd.o
 .group         0x0000000000000000        0xc HAL/LCD/lcd.o
 .group         0x0000000000000000        0xc HAL/LCD/lcd.o
 .group         0x0000000000000000        0xc HAL/LCD/lcd.o
 .group         0x0000000000000000        0xc HAL/LCD/lcd.o
 .text          0x0000000000000000        0x0 HAL/LCD/lcd.o
 .data          0x0000000000000000        0x0 HAL/LCD/lcd.o
 .bss           0x0000000000000000        0x0 HAL/LCD/lcd.o
 .text.LCD_check_lcd_isbusy
                0x0000000000000000       0xd8 HAL/LCD/lcd.o
 .debug_macro   0x0000000000000000      0xa60 HAL/LCD/lcd.o
 .debug_macro   0x0000000000000000       0x18 HAL/LCD/lcd.o
 .debug_macro   0x0000000000000000       0x22 HAL/LCD/lcd.o
 .debug_macro   0x0000000000000000       0x40 HAL/LCD/lcd.o
 .debug_macro   0x0000000000000000       0x94 HAL/LCD/lcd.o
 .debug_macro   0x0000000000000000       0x3c HAL/LCD/lcd.o
 .debug_macro   0x0000000000000000       0x34 HAL/LCD/lcd.o
 .debug_macro   0x0000000000000000       0x16 HAL/LCD/lcd.o
 .debug_macro   0x0000000000000000      0x10e HAL/LCD/lcd.o
 .debug_macro   0x0000000000000000       0x8d HAL/LCD/lcd.o
 .debug_macro   0x0000000000000000       0x57 HAL/LCD/lcd.o
 .debug_macro   0x0000000000000000       0x52 HAL/LCD/lcd.o
 .debug_macro   0x0000000000000000       0x1f HAL/LCD/lcd.o
 .debug_macro   0x0000000000000000       0x43 HAL/LCD/lcd.o
 .debug_macro   0x0000000000000000       0x20 HAL/LCD/lcd.o
 .debug_macro   0x0000000000000000      0x1a3 HAL/LCD/lcd.o
 .debug_macro   0x0000000000000000      0x330 HAL/LCD/lcd.o
 .debug_macro   0x0000000000000000       0x16 HAL/LCD/lcd.o
 .debug_macro   0x0000000000000000       0x29 HAL/LCD/lcd.o
 .debug_macro   0x0000000000000000       0xef HAL/LCD/lcd.o
 .debug_macro   0x0000000000000000       0x6a HAL/LCD/lcd.o
 .debug_macro   0x0000000000000000      0x1df HAL/LCD/lcd.o
 .debug_macro   0x0000000000000000      0x14e HAL/LCD/lcd.o
 .debug_macro   0x0000000000000000       0xd0 HAL/LCD/lcd.o
 .group         0x0000000000000000        0xc Src/main.o
 .group         0x0000000000000000        0xc Src/main.o
 .group         0x0000000000000000        0xc Src/main.o
 .group         0x0000000000000000        0xc Src/main.o
 .group         0x0000000000000000        0xc Src/main.o
 .group         0x0000000000000000        0xc Src/main.o
 .group         0x0000000000000000        0xc Src/main.o
 .group         0x0000000000000000        0xc Src/main.o
 .group         0x0000000000000000        0xc Src/main.o
 .group         0x0000000000000000        0xc Src/main.o
 .group         0x0000000000000000        0xc Src/main.o
 .group         0x0000000000000000        0xc Src/main.o
 .group         0x0000000000000000        0xc Src/main.o
 .group         0x0000000000000000        0xc Src/main.o
 .group         0x0000000000000000        0xc Src/main.o
 .group         0x0000000000000000        0xc Src/main.o
 .group         0x0000000000000000        0xc Src/main.o
 .group         0x0000000000000000        0xc Src/main.o
 .group         0x0000000000000000        0xc Src/main.o
 .group         0x0000000000000000        0xc Src/main.o
 .group         0x0000000000000000        0xc Src/main.o
 .group         0x0000000000000000        0xc Src/main.o
 .group         0x0000000000000000        0xc Src/main.o
 .group         0x0000000000000000        0xc Src/main.o
 .group         0x0000000000000000        0xc Src/main.o
 .group         0x0000000000000000        0xc Src/main.o
 .group         0x0000000000000000        0xc Src/main.o
 .text          0x0000000000000000        0x0 Src/main.o
 .data          0x0000000000000000        0x0 Src/main.o
 .bss           0x0000000000000000        0x0 Src/main.o
 .debug_macro   0x0000000000000000      0xa60 Src/main.o
 .debug_macro   0x0000000000000000       0x18 Src/main.o
 .debug_macro   0x0000000000000000       0x22 Src/main.o
 .debug_macro   0x0000000000000000       0x40 Src/main.o
 .debug_macro   0x0000000000000000       0x94 Src/main.o
 .debug_macro   0x0000000000000000       0x3c Src/main.o
 .debug_macro   0x0000000000000000       0x34 Src/main.o
 .debug_macro   0x0000000000000000       0x16 Src/main.o
 .debug_macro   0x0000000000000000      0x10e Src/main.o
 .debug_macro   0x0000000000000000       0x8d Src/main.o
 .debug_macro   0x0000000000000000       0x57 Src/main.o
 .debug_macro   0x0000000000000000       0x52 Src/main.o
 .debug_macro   0x0000000000000000       0x1f Src/main.o
 .debug_macro   0x0000000000000000       0x43 Src/main.o
 .debug_macro   0x0000000000000000       0x20 Src/main.o
 .debug_macro   0x0000000000000000      0x1a3 Src/main.o
 .debug_macro   0x0000000000000000      0x330 Src/main.o
 .debug_macro   0x0000000000000000       0x16 Src/main.o
 .debug_macro   0x0000000000000000       0x29 Src/main.o
 .debug_macro   0x0000000000000000       0xef Src/main.o
 .debug_macro   0x0000000000000000       0x6a Src/main.o
 .debug_macro   0x0000000000000000      0x1df Src/main.o
 .debug_macro   0x0000000000000000      0x14e Src/main.o
 .debug_macro   0x0000000000000000       0xd0 Src/main.o
 .group         0x0000000000000000        0xc Src/syscalls.o
 .group         0x0000000000000000        0xc Src/syscalls.o
 .group         0x0000000000000000        0xc Src/syscalls.o
 .group         0x0000000000000000        0xc Src/syscalls.o
 .group         0x0000000000000000        0xc Src/syscalls.o
 .group         0x0000000000000000        0xc Src/syscalls.o
 .group         0x0000000000000000        0xc Src/syscalls.o
 .group         0x0000000000000000        0xc Src/syscalls.o
 .group         0x0000000000000000        0xc Src/syscalls.o
 .group         0x0000000000000000        0xc Src/syscalls.o
 .group         0x0000000000000000        0xc Src/syscalls.o
 .group         0x0000000000000000        0xc Src/syscalls.o
 .group         0x0000000000000000        0xc Src/syscalls.o
 .group         0x0000000000000000        0xc Src/syscalls.o
 .group         0x0000000000000000        0xc Src/syscalls.o
 .group         0x0000000000000000        0xc Src/syscalls.o
 .group         0x0000000000000000        0xc Src/syscalls.o
 .group         0x0000000000000000        0xc Src/syscalls.o
 .group         0x0000000000000000        0xc Src/syscalls.o
 .group         0x0000000000000000        0xc Src/syscalls.o
 .group         0x0000000000000000        0xc Src/syscalls.o
 .group         0x0000000000000000        0xc Src/syscalls.o
 .group         0x0000000000000000        0xc Src/syscalls.o
 .group         0x0000000000000000        0xc Src/syscalls.o
 .group         0x0000000000000000        0xc Src/syscalls.o
 .group         0x0000000000000000        0xc Src/syscalls.o
 .group         0x0000000000000000        0xc Src/syscalls.o
 .group         0x0000000000000000        0xc Src/syscalls.o
 .group         0x0000000000000000        0xc Src/syscalls.o
 .group         0x0000000000000000        0xc Src/syscalls.o
 .group         0x0000000000000000        0xc Src/syscalls.o
 .group         0x0000000000000000        0xc Src/syscalls.o
 .group         0x0000000000000000        0xc Src/syscalls.o
 .group         0x0000000000000000        0xc Src/syscalls.o
 .group         0x0000000000000000        0xc Src/syscalls.o
 .group         0x0000000000000000        0xc Src/syscalls.o
 .group         0x0000000000000000        0xc Src/syscalls.o
 .group         0x0000000000000000        0xc Src/syscalls.o
 .group         0x0000000000000000        0xc Src/syscalls.o
 .group         0x0000000000000000        0xc Src/syscalls.o
 .group         0x0000000000000000        0xc Src/syscalls.o
 .group         0x0000000000000000        0xc Src/syscalls.o
 .group         0x0000000000000000        0xc Src/syscalls.o
 .group         0x0000000000000000        0xc Src/syscalls.o
 .text          0x0000000000000000        0x0 Src/syscalls.o
 .data          0x0000000000000000        0x0 Src/syscalls.o
 .bss           0x0000000000000000        0x0 Src/syscalls.o
 .bss.__env     0x0000000000000000        0x4 Src/syscalls.o
 .data.environ  0x0000000000000000        0x4 Src/syscalls.o
 .text.initialise_monitor_handles
                0x0000000000000000        0xc Src/syscalls.o
 .text._getpid  0x0000000000000000        0xe Src/syscalls.o
 .text._kill    0x0000000000000000       0x20 Src/syscalls.o
 .text._exit    0x0000000000000000       0x14 Src/syscalls.o
 .text._read    0x0000000000000000       0x3a Src/syscalls.o
 .text._write   0x0000000000000000       0x38 Src/syscalls.o
 .text._close   0x0000000000000000       0x16 Src/syscalls.o
 .text._fstat   0x0000000000000000       0x1e Src/syscalls.o
 .text._isatty  0x0000000000000000       0x14 Src/syscalls.o
 .text._lseek   0x0000000000000000       0x18 Src/syscalls.o
 .text._open    0x0000000000000000       0x1a Src/syscalls.o
 .text._wait    0x0000000000000000       0x1e Src/syscalls.o
 .text._unlink  0x0000000000000000       0x1e Src/syscalls.o
 .text._times   0x0000000000000000       0x16 Src/syscalls.o
 .text._stat    0x0000000000000000       0x1e Src/syscalls.o
 .text._link    0x0000000000000000       0x20 Src/syscalls.o
 .text._fork    0x0000000000000000       0x16 Src/syscalls.o
 .text._execve  0x0000000000000000       0x22 Src/syscalls.o
 .debug_info    0x0000000000000000     0x1038 Src/syscalls.o
 .debug_abbrev  0x0000000000000000      0x254 Src/syscalls.o
 .debug_loc     0x0000000000000000      0x5b8 Src/syscalls.o
 .debug_aranges
                0x0000000000000000       0xa8 Src/syscalls.o
 .debug_ranges  0x0000000000000000       0x98 Src/syscalls.o
 .debug_macro   0x0000000000000000      0x243 Src/syscalls.o
 .debug_macro   0x0000000000000000      0xa60 Src/syscalls.o
 .debug_macro   0x0000000000000000       0x22 Src/syscalls.o
 .debug_macro   0x0000000000000000       0x40 Src/syscalls.o
 .debug_macro   0x0000000000000000       0x18 Src/syscalls.o
 .debug_macro   0x0000000000000000       0x94 Src/syscalls.o
 .debug_macro   0x0000000000000000       0x3c Src/syscalls.o
 .debug_macro   0x0000000000000000       0x34 Src/syscalls.o
 .debug_macro   0x0000000000000000       0x57 Src/syscalls.o
 .debug_macro   0x0000000000000000      0x174 Src/syscalls.o
 .debug_macro   0x0000000000000000      0x330 Src/syscalls.o
 .debug_macro   0x0000000000000000       0x52 Src/syscalls.o
 .debug_macro   0x0000000000000000       0x1f Src/syscalls.o
 .debug_macro   0x0000000000000000       0x43 Src/syscalls.o
 .debug_macro   0x0000000000000000       0x20 Src/syscalls.o
 .debug_macro   0x0000000000000000      0x1a3 Src/syscalls.o
 .debug_macro   0x0000000000000000       0x10 Src/syscalls.o
 .debug_macro   0x0000000000000000       0x35 Src/syscalls.o
 .debug_macro   0x0000000000000000       0x10 Src/syscalls.o
 .debug_macro   0x0000000000000000       0x10 Src/syscalls.o
 .debug_macro   0x0000000000000000       0x10 Src/syscalls.o
 .debug_macro   0x0000000000000000       0x6a Src/syscalls.o
 .debug_macro   0x0000000000000000       0x1c Src/syscalls.o
 .debug_macro   0x0000000000000000       0x52 Src/syscalls.o
 .debug_macro   0x0000000000000000       0x40 Src/syscalls.o
 .debug_macro   0x0000000000000000       0x10 Src/syscalls.o
 .debug_macro   0x0000000000000000       0x40 Src/syscalls.o
 .debug_macro   0x0000000000000000       0xd7 Src/syscalls.o
 .debug_macro   0x0000000000000000       0x1c Src/syscalls.o
 .debug_macro   0x0000000000000000       0x3d Src/syscalls.o
 .debug_macro   0x0000000000000000       0x35 Src/syscalls.o
 .debug_macro   0x0000000000000000      0x122 Src/syscalls.o
 .debug_macro   0x0000000000000000       0x16 Src/syscalls.o
 .debug_macro   0x0000000000000000       0x16 Src/syscalls.o
 .debug_macro   0x0000000000000000       0x29 Src/syscalls.o
 .debug_macro   0x0000000000000000       0x10 Src/syscalls.o
 .debug_macro   0x0000000000000000      0x241 Src/syscalls.o
 .debug_macro   0x0000000000000000       0x1c Src/syscalls.o
 .debug_macro   0x0000000000000000       0x10 Src/syscalls.o
 .debug_macro   0x0000000000000000       0x10 Src/syscalls.o
 .debug_macro   0x0000000000000000       0x16 Src/syscalls.o
 .debug_macro   0x0000000000000000      0x145 Src/syscalls.o
 .debug_macro   0x0000000000000000      0x189 Src/syscalls.o
 .debug_macro   0x0000000000000000       0x16 Src/syscalls.o
 .debug_macro   0x0000000000000000       0x88 Src/syscalls.o
 .debug_line    0x0000000000000000      0x739 Src/syscalls.o
 .debug_str     0x0000000000000000     0x8876 Src/syscalls.o
 .comment       0x0000000000000000       0x7c Src/syscalls.o
 .debug_frame   0x0000000000000000      0x2ac Src/syscalls.o
 .ARM.attributes
                0x0000000000000000       0x33 Src/syscalls.o
 .group         0x0000000000000000        0xc Src/sysmem.o
 .group         0x0000000000000000        0xc Src/sysmem.o
 .group         0x0000000000000000        0xc Src/sysmem.o
 .group         0x0000000000000000        0xc Src/sysmem.o
 .group         0x0000000000000000        0xc Src/sysmem.o
 .group         0x0000000000000000        0xc Src/sysmem.o
 .group         0x0000000000000000        0xc Src/sysmem.o
 .group         0x0000000000000000        0xc Src/sysmem.o
 .group         0x0000000000000000        0xc Src/sysmem.o
 .group         0x0000000000000000        0xc Src/sysmem.o
 .group         0x0000000000000000        0xc Src/sysmem.o
 .group         0x0000000000000000        0xc Src/sysmem.o
 .group         0x0000000000000000        0xc Src/sysmem.o
 .group         0x0000000000000000        0xc Src/sysmem.o
 .group         0x0000000000000000        0xc Src/sysmem.o
 .group         0x0000000000000000        0xc Src/sysmem.o
 .group         0x0000000000000000        0xc Src/sysmem.o
 .group         0x0000000000000000        0xc Src/sysmem.o
 .group         0x0000000000000000        0xc Src/sysmem.o
 .text          0x0000000000000000        0x0 Src/sysmem.o
 .data          0x0000000000000000        0x0 Src/sysmem.o
 .bss           0x0000000000000000        0x0 Src/sysmem.o
 .bss.__sbrk_heap_end
                0x0000000000000000        0x4 Src/sysmem.o
 .text._sbrk    0x0000000000000000       0x6c Src/sysmem.o
 .debug_info    0x0000000000000000      0xa7c Src/sysmem.o
 .debug_abbrev  0x0000000000000000      0x18e Src/sysmem.o
 .debug_loc     0x0000000000000000       0x50 Src/sysmem.o
 .debug_aranges
                0x0000000000000000       0x20 Src/sysmem.o
 .debug_ranges  0x0000000000000000       0x10 Src/sysmem.o
 .debug_macro   0x0000000000000000       0xee Src/sysmem.o
 .debug_macro   0x0000000000000000      0xa60 Src/sysmem.o
 .debug_macro   0x0000000000000000       0x10 Src/sysmem.o
 .debug_macro   0x0000000000000000       0x22 Src/sysmem.o
 .debug_macro   0x0000000000000000       0x40 Src/sysmem.o
 .debug_macro   0x0000000000000000       0x18 Src/sysmem.o
 .debug_macro   0x0000000000000000       0x94 Src/sysmem.o
 .debug_macro   0x0000000000000000       0x3c Src/sysmem.o
 .debug_macro   0x0000000000000000       0x34 Src/sysmem.o
 .debug_macro   0x0000000000000000      0x174 Src/sysmem.o
 .debug_macro   0x0000000000000000       0x57 Src/sysmem.o
 .debug_macro   0x0000000000000000       0x52 Src/sysmem.o
 .debug_macro   0x0000000000000000       0x1f Src/sysmem.o
 .debug_macro   0x0000000000000000       0x43 Src/sysmem.o
 .debug_macro   0x0000000000000000       0x20 Src/sysmem.o
 .debug_macro   0x0000000000000000      0x1a3 Src/sysmem.o
 .debug_macro   0x0000000000000000      0x23b Src/sysmem.o
 .debug_macro   0x0000000000000000       0xef Src/sysmem.o
 .debug_macro   0x0000000000000000       0x6a Src/sysmem.o
 .debug_macro   0x0000000000000000      0x1df Src/sysmem.o
 .debug_line    0x0000000000000000      0x4c2 Src/sysmem.o
 .debug_str     0x0000000000000000     0x5f44 Src/sysmem.o
 .comment       0x0000000000000000       0x7c Src/sysmem.o
 .debug_frame   0x0000000000000000       0x34 Src/sysmem.o
 .ARM.attributes
                0x0000000000000000       0x33 Src/sysmem.o
 .text          0x0000000000000000       0x14 Startup/startup_stm32f103c6tx.o
 .data          0x0000000000000000        0x0 Startup/startup_stm32f103c6tx.o
 .bss           0x0000000000000000        0x0 Startup/startup_stm32f103c6tx.o
 .group         0x0000000000000000        0xc stm32f103x6_Drivers/EXTI/stm32f103x6_EXTI_driver.o
 .group         0x0000000000000000        0xc stm32f103x6_Drivers/EXTI/stm32f103x6_EXTI_driver.o
 .group         0x0000000000000000        0xc stm32f103x6_Drivers/EXTI/stm32f103x6_EXTI_driver.o
 .group         0x0000000000000000        0xc stm32f103x6_Drivers/EXTI/stm32f103x6_EXTI_driver.o
 .group         0x0000000000000000        0xc stm32f103x6_Drivers/EXTI/stm32f103x6_EXTI_driver.o
 .group         0x0000000000000000        0xc stm32f103x6_Drivers/EXTI/stm32f103x6_EXTI_driver.o
 .group         0x0000000000000000        0xc stm32f103x6_Drivers/EXTI/stm32f103x6_EXTI_driver.o
 .group         0x0000000000000000        0xc stm32f103x6_Drivers/EXTI/stm32f103x6_EXTI_driver.o
 .group         0x0000000000000000        0xc stm32f103x6_Drivers/EXTI/stm32f103x6_EXTI_driver.o
 .group         0x0000000000000000        0xc stm32f103x6_Drivers/EXTI/stm32f103x6_EXTI_driver.o
 .group         0x0000000000000000        0xc stm32f103x6_Drivers/EXTI/stm32f103x6_EXTI_driver.o
 .group         0x0000000000000000        0xc stm32f103x6_Drivers/EXTI/stm32f103x6_EXTI_driver.o
 .group         0x0000000000000000        0xc stm32f103x6_Drivers/EXTI/stm32f103x6_EXTI_driver.o
 .group         0x0000000000000000        0xc stm32f103x6_Drivers/EXTI/stm32f103x6_EXTI_driver.o
 .group         0x0000000000000000        0xc stm32f103x6_Drivers/EXTI/stm32f103x6_EXTI_driver.o
 .group         0x0000000000000000        0xc stm32f103x6_Drivers/EXTI/stm32f103x6_EXTI_driver.o
 .group         0x0000000000000000        0xc stm32f103x6_Drivers/EXTI/stm32f103x6_EXTI_driver.o
 .group         0x0000000000000000        0xc stm32f103x6_Drivers/EXTI/stm32f103x6_EXTI_driver.o
 .group         0x0000000000000000        0xc stm32f103x6_Drivers/EXTI/stm32f103x6_EXTI_driver.o
 .group         0x0000000000000000        0xc stm32f103x6_Drivers/EXTI/stm32f103x6_EXTI_driver.o
 .group         0x0000000000000000        0xc stm32f103x6_Drivers/EXTI/stm32f103x6_EXTI_driver.o
 .group         0x0000000000000000        0xc stm32f103x6_Drivers/EXTI/stm32f103x6_EXTI_driver.o
 .group         0x0000000000000000        0xc stm32f103x6_Drivers/EXTI/stm32f103x6_EXTI_driver.o
 .group         0x0000000000000000        0xc stm32f103x6_Drivers/EXTI/stm32f103x6_EXTI_driver.o
 .group         0x0000000000000000        0xc stm32f103x6_Drivers/EXTI/stm32f103x6_EXTI_driver.o
 .text          0x0000000000000000        0x0 stm32f103x6_Drivers/EXTI/stm32f103x6_EXTI_driver.o
 .data          0x0000000000000000        0x0 stm32f103x6_Drivers/EXTI/stm32f103x6_EXTI_driver.o
 .bss           0x0000000000000000        0x0 stm32f103x6_Drivers/EXTI/stm32f103x6_EXTI_driver.o
 .text.MCAL_EXTI_GPIO_Deinit
                0x0000000000000000       0x94 stm32f103x6_Drivers/EXTI/stm32f103x6_EXTI_driver.o
 .text.MCAL_EXTI_GPIO_Update
                0x0000000000000000       0x16 stm32f103x6_Drivers/EXTI/stm32f103x6_EXTI_driver.o
 .debug_macro   0x0000000000000000      0xa60 stm32f103x6_Drivers/EXTI/stm32f103x6_EXTI_driver.o
 .debug_macro   0x0000000000000000       0x18 stm32f103x6_Drivers/EXTI/stm32f103x6_EXTI_driver.o
 .debug_macro   0x0000000000000000       0x22 stm32f103x6_Drivers/EXTI/stm32f103x6_EXTI_driver.o
 .debug_macro   0x0000000000000000       0x40 stm32f103x6_Drivers/EXTI/stm32f103x6_EXTI_driver.o
 .debug_macro   0x0000000000000000       0x94 stm32f103x6_Drivers/EXTI/stm32f103x6_EXTI_driver.o
 .debug_macro   0x0000000000000000       0x3c stm32f103x6_Drivers/EXTI/stm32f103x6_EXTI_driver.o
 .debug_macro   0x0000000000000000       0x34 stm32f103x6_Drivers/EXTI/stm32f103x6_EXTI_driver.o
 .debug_macro   0x0000000000000000       0x16 stm32f103x6_Drivers/EXTI/stm32f103x6_EXTI_driver.o
 .debug_macro   0x0000000000000000      0x10e stm32f103x6_Drivers/EXTI/stm32f103x6_EXTI_driver.o
 .debug_macro   0x0000000000000000       0x8d stm32f103x6_Drivers/EXTI/stm32f103x6_EXTI_driver.o
 .debug_macro   0x0000000000000000       0x57 stm32f103x6_Drivers/EXTI/stm32f103x6_EXTI_driver.o
 .debug_macro   0x0000000000000000       0x52 stm32f103x6_Drivers/EXTI/stm32f103x6_EXTI_driver.o
 .debug_macro   0x0000000000000000       0x1f stm32f103x6_Drivers/EXTI/stm32f103x6_EXTI_driver.o
 .debug_macro   0x0000000000000000       0x43 stm32f103x6_Drivers/EXTI/stm32f103x6_EXTI_driver.o
 .debug_macro   0x0000000000000000       0x20 stm32f103x6_Drivers/EXTI/stm32f103x6_EXTI_driver.o
 .debug_macro   0x0000000000000000      0x1a3 stm32f103x6_Drivers/EXTI/stm32f103x6_EXTI_driver.o
 .debug_macro   0x0000000000000000      0x330 stm32f103x6_Drivers/EXTI/stm32f103x6_EXTI_driver.o
 .debug_macro   0x0000000000000000       0x16 stm32f103x6_Drivers/EXTI/stm32f103x6_EXTI_driver.o
 .debug_macro   0x0000000000000000       0x29 stm32f103x6_Drivers/EXTI/stm32f103x6_EXTI_driver.o
 .debug_macro   0x0000000000000000       0xef stm32f103x6_Drivers/EXTI/stm32f103x6_EXTI_driver.o
 .debug_macro   0x0000000000000000       0x6a stm32f103x6_Drivers/EXTI/stm32f103x6_EXTI_driver.o
 .debug_macro   0x0000000000000000      0x1df stm32f103x6_Drivers/EXTI/stm32f103x6_EXTI_driver.o
 .debug_macro   0x0000000000000000      0x14e stm32f103x6_Drivers/EXTI/stm32f103x6_EXTI_driver.o
 .debug_macro   0x0000000000000000      0x285 stm32f103x6_Drivers/EXTI/stm32f103x6_EXTI_driver.o
 .group         0x0000000000000000        0xc stm32f103x6_Drivers/GPIO/stm32f103x6_gpio_driver.o
 .group         0x0000000000000000        0xc stm32f103x6_Drivers/GPIO/stm32f103x6_gpio_driver.o
 .group         0x0000000000000000        0xc stm32f103x6_Drivers/GPIO/stm32f103x6_gpio_driver.o
 .group         0x0000000000000000        0xc stm32f103x6_Drivers/GPIO/stm32f103x6_gpio_driver.o
 .group         0x0000000000000000        0xc stm32f103x6_Drivers/GPIO/stm32f103x6_gpio_driver.o
 .group         0x0000000000000000        0xc stm32f103x6_Drivers/GPIO/stm32f103x6_gpio_driver.o
 .group         0x0000000000000000        0xc stm32f103x6_Drivers/GPIO/stm32f103x6_gpio_driver.o
 .group         0x0000000000000000        0xc stm32f103x6_Drivers/GPIO/stm32f103x6_gpio_driver.o
 .group         0x0000000000000000        0xc stm32f103x6_Drivers/GPIO/stm32f103x6_gpio_driver.o
 .group         0x0000000000000000        0xc stm32f103x6_Drivers/GPIO/stm32f103x6_gpio_driver.o
 .group         0x0000000000000000        0xc stm32f103x6_Drivers/GPIO/stm32f103x6_gpio_driver.o
 .group         0x0000000000000000        0xc stm32f103x6_Drivers/GPIO/stm32f103x6_gpio_driver.o
 .group         0x0000000000000000        0xc stm32f103x6_Drivers/GPIO/stm32f103x6_gpio_driver.o
 .group         0x0000000000000000        0xc stm32f103x6_Drivers/GPIO/stm32f103x6_gpio_driver.o
 .group         0x0000000000000000        0xc stm32f103x6_Drivers/GPIO/stm32f103x6_gpio_driver.o
 .group         0x0000000000000000        0xc stm32f103x6_Drivers/GPIO/stm32f103x6_gpio_driver.o
 .group         0x0000000000000000        0xc stm32f103x6_Drivers/GPIO/stm32f103x6_gpio_driver.o
 .group         0x0000000000000000        0xc stm32f103x6_Drivers/GPIO/stm32f103x6_gpio_driver.o
 .group         0x0000000000000000        0xc stm32f103x6_Drivers/GPIO/stm32f103x6_gpio_driver.o
 .group         0x0000000000000000        0xc stm32f103x6_Drivers/GPIO/stm32f103x6_gpio_driver.o
 .group         0x0000000000000000        0xc stm32f103x6_Drivers/GPIO/stm32f103x6_gpio_driver.o
 .group         0x0000000000000000        0xc stm32f103x6_Drivers/GPIO/stm32f103x6_gpio_driver.o
 .group         0x0000000000000000        0xc stm32f103x6_Drivers/GPIO/stm32f103x6_gpio_driver.o
 .group         0x0000000000000000        0xc stm32f103x6_Drivers/GPIO/stm32f103x6_gpio_driver.o
 .text          0x0000000000000000        0x0 stm32f103x6_Drivers/GPIO/stm32f103x6_gpio_driver.o
 .data          0x0000000000000000        0x0 stm32f103x6_Drivers/GPIO/stm32f103x6_gpio_driver.o
 .bss           0x0000000000000000        0x0 stm32f103x6_Drivers/GPIO/stm32f103x6_gpio_driver.o
 .text.MCAL_GPIO_DeInit
                0x0000000000000000       0xd4 stm32f103x6_Drivers/GPIO/stm32f103x6_gpio_driver.o
 .text.MCAL_GPIO_ReadPin
                0x0000000000000000       0x2e stm32f103x6_Drivers/GPIO/stm32f103x6_gpio_driver.o
 .text.MCAL_GPIO_ReadPort
                0x0000000000000000       0x18 stm32f103x6_Drivers/GPIO/stm32f103x6_gpio_driver.o
 .text.MCAL_GPIO_TogglePin
                0x0000000000000000       0x22 stm32f103x6_Drivers/GPIO/stm32f103x6_gpio_driver.o
 .text.MCAL_GPIO_LockPin
                0x0000000000000000       0x4e stm32f103x6_Drivers/GPIO/stm32f103x6_gpio_driver.o
 .debug_macro   0x0000000000000000      0xa60 stm32f103x6_Drivers/GPIO/stm32f103x6_gpio_driver.o
 .debug_macro   0x0000000000000000       0x18 stm32f103x6_Drivers/GPIO/stm32f103x6_gpio_driver.o
 .debug_macro   0x0000000000000000       0x22 stm32f103x6_Drivers/GPIO/stm32f103x6_gpio_driver.o
 .debug_macro   0x0000000000000000       0x40 stm32f103x6_Drivers/GPIO/stm32f103x6_gpio_driver.o
 .debug_macro   0x0000000000000000       0x94 stm32f103x6_Drivers/GPIO/stm32f103x6_gpio_driver.o
 .debug_macro   0x0000000000000000       0x3c stm32f103x6_Drivers/GPIO/stm32f103x6_gpio_driver.o
 .debug_macro   0x0000000000000000       0x34 stm32f103x6_Drivers/GPIO/stm32f103x6_gpio_driver.o
 .debug_macro   0x0000000000000000       0x16 stm32f103x6_Drivers/GPIO/stm32f103x6_gpio_driver.o
 .debug_macro   0x0000000000000000      0x10e stm32f103x6_Drivers/GPIO/stm32f103x6_gpio_driver.o
 .debug_macro   0x0000000000000000       0x8d stm32f103x6_Drivers/GPIO/stm32f103x6_gpio_driver.o
 .debug_macro   0x0000000000000000       0x57 stm32f103x6_Drivers/GPIO/stm32f103x6_gpio_driver.o
 .debug_macro   0x0000000000000000       0x52 stm32f103x6_Drivers/GPIO/stm32f103x6_gpio_driver.o
 .debug_macro   0x0000000000000000       0x1f stm32f103x6_Drivers/GPIO/stm32f103x6_gpio_driver.o
 .debug_macro   0x0000000000000000       0x43 stm32f103x6_Drivers/GPIO/stm32f103x6_gpio_driver.o
 .debug_macro   0x0000000000000000       0x20 stm32f103x6_Drivers/GPIO/stm32f103x6_gpio_driver.o
 .debug_macro   0x0000000000000000      0x1a3 stm32f103x6_Drivers/GPIO/stm32f103x6_gpio_driver.o
 .debug_macro   0x0000000000000000      0x330 stm32f103x6_Drivers/GPIO/stm32f103x6_gpio_driver.o
 .debug_macro   0x0000000000000000       0x16 stm32f103x6_Drivers/GPIO/stm32f103x6_gpio_driver.o
 .debug_macro   0x0000000000000000       0x29 stm32f103x6_Drivers/GPIO/stm32f103x6_gpio_driver.o
 .debug_macro   0x0000000000000000       0xef stm32f103x6_Drivers/GPIO/stm32f103x6_gpio_driver.o
 .debug_macro   0x0000000000000000       0x6a stm32f103x6_Drivers/GPIO/stm32f103x6_gpio_driver.o
 .debug_macro   0x0000000000000000      0x1df stm32f103x6_Drivers/GPIO/stm32f103x6_gpio_driver.o
 .debug_macro   0x0000000000000000      0x14e stm32f103x6_Drivers/GPIO/stm32f103x6_gpio_driver.o
 .debug_macro   0x0000000000000000       0xd0 stm32f103x6_Drivers/GPIO/stm32f103x6_gpio_driver.o
 .text          0x0000000000000000        0x0 c:/st/stm32cubeide_1.4.0/stm32cubeide/plugins/com.st.stm32cube.ide.mcu.externaltools.gnu-tools-for-stm32.7-2018-q2-update.win32_1.4.0.202007081208/tools/bin/../lib/gcc/arm-none-eabi/7.3.1/../../../../arm-none-eabi/lib/thumb/v7-m\libc_nano.a(lib_a-errno.o)
 .data          0x0000000000000000        0x0 c:/st/stm32cubeide_1.4.0/stm32cubeide/plugins/com.st.stm32cube.ide.mcu.externaltools.gnu-tools-for-stm32.7-2018-q2-update.win32_1.4.0.202007081208/tools/bin/../lib/gcc/arm-none-eabi/7.3.1/../../../../arm-none-eabi/lib/thumb/v7-m\libc_nano.a(lib_a-errno.o)
 .bss           0x0000000000000000        0x0 c:/st/stm32cubeide_1.4.0/stm32cubeide/plugins/com.st.stm32cube.ide.mcu.externaltools.gnu-tools-for-stm32.7-2018-q2-update.win32_1.4.0.202007081208/tools/bin/../lib/gcc/arm-none-eabi/7.3.1/../../../../arm-none-eabi/lib/thumb/v7-m\libc_nano.a(lib_a-errno.o)
 .text.__errno  0x0000000000000000        0xc c:/st/stm32cubeide_1.4.0/stm32cubeide/plugins/com.st.stm32cube.ide.mcu.externaltools.gnu-tools-for-stm32.7-2018-q2-update.win32_1.4.0.202007081208/tools/bin/../lib/gcc/arm-none-eabi/7.3.1/../../../../arm-none-eabi/lib/thumb/v7-m\libc_nano.a(lib_a-errno.o)
 .debug_frame   0x0000000000000000       0x20 c:/st/stm32cubeide_1.4.0/stm32cubeide/plugins/com.st.stm32cube.ide.mcu.externaltools.gnu-tools-for-stm32.7-2018-q2-update.win32_1.4.0.202007081208/tools/bin/../lib/gcc/arm-none-eabi/7.3.1/../../../../arm-none-eabi/lib/thumb/v7-m\libc_nano.a(lib_a-errno.o)
 .ARM.attributes
                0x0000000000000000       0x2d c:/st/stm32cubeide_1.4.0/stm32cubeide/plugins/com.st.stm32cube.ide.mcu.externaltools.gnu-tools-for-stm32.7-2018-q2-update.win32_1.4.0.202007081208/tools/bin/../lib/gcc/arm-none-eabi/7.3.1/../../../../arm-none-eabi/lib/thumb/v7-m\libc_nano.a(lib_a-errno.o)
 .text          0x0000000000000000        0x0 c:/st/stm32cubeide_1.4.0/stm32cubeide/plugins/com.st.stm32cube.ide.mcu.externaltools.gnu-tools-for-stm32.7-2018-q2-update.win32_1.4.0.202007081208/tools/bin/../lib/gcc/arm-none-eabi/7.3.1/../../../../arm-none-eabi/lib/thumb/v7-m\libc_nano.a(lib_a-exit.o)
 .data          0x0000000000000000        0x0 c:/st/stm32cubeide_1.4.0/stm32cubeide/plugins/com.st.stm32cube.ide.mcu.externaltools.gnu-tools-for-stm32.7-2018-q2-update.win32_1.4.0.202007081208/tools/bin/../lib/gcc/arm-none-eabi/7.3.1/../../../../arm-none-eabi/lib/thumb/v7-m\libc_nano.a(lib_a-exit.o)
 .bss           0x0000000000000000        0x0 c:/st/stm32cubeide_1.4.0/stm32cubeide/plugins/com.st.stm32cube.ide.mcu.externaltools.gnu-tools-for-stm32.7-2018-q2-update.win32_1.4.0.202007081208/tools/bin/../lib/gcc/arm-none-eabi/7.3.1/../../../../arm-none-eabi/lib/thumb/v7-m\libc_nano.a(lib_a-exit.o)
 .text.exit     0x0000000000000000       0x28 c:/st/stm32cubeide_1.4.0/stm32cubeide/plugins/com.st.stm32cube.ide.mcu.externaltools.gnu-tools-for-stm32.7-2018-q2-update.win32_1.4.0.202007081208/tools/bin/../lib/gcc/arm-none-eabi/7.3.1/../../../../arm-none-eabi/lib/thumb/v7-m\libc_nano.a(lib_a-exit.o)
 .debug_frame   0x0000000000000000       0x28 c:/st/stm32cubeide_1.4.0/stm32cubeide/plugins/com.st.stm32cube.ide.mcu.externaltools.gnu-tools-for-stm32.7-2018-q2-update.win32_1.4.0.202007081208/tools/bin/../lib/gcc/arm-none-eabi/7.3.1/../../../../arm-none-eabi/lib/thumb/v7-m\libc_nano.a(lib_a-exit.o)
 .ARM.attributes
                0x0000000000000000       0x2d c:/st/stm32cubeide_1.4.0/stm32cubeide/plugins/com.st.stm32cube.ide.mcu.externaltools.gnu-tools-for-stm32.7-2018-q2-update.win32_1.4.0.202007081208/tools/bin/../lib/gcc/arm-none-eabi/7.3.1/../../../../arm-none-eabi/lib/thumb/v7-m\libc_nano.a(lib_a-exit.o)
 .text          0x0000000000000000        0x0 c:/st/stm32cubeide_1.4.0/stm32cubeide/plugins/com.st.stm32cube.ide.mcu.externaltools.gnu-tools-for-stm32.7-2018-q2-update.win32_1.4.0.202007081208/tools/bin/../lib/gcc/arm-none-eabi/7.3.1/../../../../arm-none-eabi/lib/thumb/v7-m\libc_nano.a(lib_a-impure.o)
 .data          0x0000000000000000        0x0 c:/st/stm32cubeide_1.4.0/stm32cubeide/plugins/com.st.stm32cube.ide.mcu.externaltools.gnu-tools-for-stm32.7-2018-q2-update.win32_1.4.0.202007081208/tools/bin/../lib/gcc/arm-none-eabi/7.3.1/../../../../arm-none-eabi/lib/thumb/v7-m\libc_nano.a(lib_a-impure.o)
 .bss           0x0000000000000000        0x0 c:/st/stm32cubeide_1.4.0/stm32cubeide/plugins/com.st.stm32cube.ide.mcu.externaltools.gnu-tools-for-stm32.7-2018-q2-update.win32_1.4.0.202007081208/tools/bin/../lib/gcc/arm-none-eabi/7.3.1/../../../../arm-none-eabi/lib/thumb/v7-m\libc_nano.a(lib_a-impure.o)
 .data._impure_ptr
                0x0000000000000000        0x4 c:/st/stm32cubeide_1.4.0/stm32cubeide/plugins/com.st.stm32cube.ide.mcu.externaltools.gnu-tools-for-stm32.7-2018-q2-update.win32_1.4.0.202007081208/tools/bin/../lib/gcc/arm-none-eabi/7.3.1/../../../../arm-none-eabi/lib/thumb/v7-m\libc_nano.a(lib_a-impure.o)
 .data.impure_data
                0x0000000000000000       0x60 c:/st/stm32cubeide_1.4.0/stm32cubeide/plugins/com.st.stm32cube.ide.mcu.externaltools.gnu-tools-for-stm32.7-2018-q2-update.win32_1.4.0.202007081208/tools/bin/../lib/gcc/arm-none-eabi/7.3.1/../../../../arm-none-eabi/lib/thumb/v7-m\libc_nano.a(lib_a-impure.o)
 .rodata._global_impure_ptr
                0x0000000000000000        0x4 c:/st/stm32cubeide_1.4.0/stm32cubeide/plugins/com.st.stm32cube.ide.mcu.externaltools.gnu-tools-for-stm32.7-2018-q2-update.win32_1.4.0.202007081208/tools/bin/../lib/gcc/arm-none-eabi/7.3.1/../../../../arm-none-eabi/lib/thumb/v7-m\libc_nano.a(lib_a-impure.o)
 .ARM.attributes
                0x0000000000000000       0x2d c:/st/stm32cubeide_1.4.0/stm32cubeide/plugins/com.st.stm32cube.ide.mcu.externaltools.gnu-tools-for-stm32.7-2018-q2-update.win32_1.4.0.202007081208/tools/bin/../lib/gcc/arm-none-eabi/7.3.1/../../../../arm-none-eabi/lib/thumb/v7-m\libc_nano.a(lib_a-impure.o)
 .text          0x0000000000000000        0x0 c:/st/stm32cubeide_1.4.0/stm32cubeide/plugins/com.st.stm32cube.ide.mcu.externaltools.gnu-tools-for-stm32.7-2018-q2-update.win32_1.4.0.202007081208/tools/bin/../lib/gcc/arm-none-eabi/7.3.1/../../../../arm-none-eabi/lib/thumb/v7-m\libc_nano.a(lib_a-init.o)
 .data          0x0000000000000000        0x0 c:/st/stm32cubeide_1.4.0/stm32cubeide/plugins/com.st.stm32cube.ide.mcu.externaltools.gnu-tools-for-stm32.7-2018-q2-update.win32_1.4.0.202007081208/tools/bin/../lib/gcc/arm-none-eabi/7.3.1/../../../../arm-none-eabi/lib/thumb/v7-m\libc_nano.a(lib_a-init.o)
 .bss           0x0000000000000000        0x0 c:/st/stm32cubeide_1.4.0/stm32cubeide/plugins/com.st.stm32cube.ide.mcu.externaltools.gnu-tools-for-stm32.7-2018-q2-update.win32_1.4.0.202007081208/tools/bin/../lib/gcc/arm-none-eabi/7.3.1/../../../../arm-none-eabi/lib/thumb/v7-m\libc_nano.a(lib_a-init.o)
 .text          0x0000000000000000        0x0 c:/st/stm32cubeide_1.4.0/stm32cubeide/plugins/com.st.stm32cube.ide.mcu.externaltools.gnu-tools-for-stm32.7-2018-q2-update.win32_1.4.0.202007081208/tools/bin/../lib/gcc/arm-none-eabi/7.3.1/../../../../arm-none-eabi/lib/thumb/v7-m\libc_nano.a(lib_a-memset.o)
 .data          0x0000000000000000        0x0 c:/st/stm32cubeide_1.4.0/stm32cubeide/plugins/com.st.stm32cube.ide.mcu.externaltools.gnu-tools-for-stm32.7-2018-q2-update.win32_1.4.0.202007081208/tools/bin/../lib/gcc/arm-none-eabi/7.3.1/../../../../arm-none-eabi/lib/thumb/v7-m\libc_nano.a(lib_a-memset.o)
 .bss           0x0000000000000000        0x0 c:/st/stm32cubeide_1.4.0/stm32cubeide/plugins/com.st.stm32cube.ide.mcu.externaltools.gnu-tools-for-stm32.7-2018-q2-update.win32_1.4.0.202007081208/tools/bin/../lib/gcc/arm-none-eabi/7.3.1/../../../../arm-none-eabi/lib/thumb/v7-m\libc_nano.a(lib_a-memset.o)
 .text.memset   0x0000000000000000       0x10 c:/st/stm32cubeide_1.4.0/stm32cubeide/plugins/com.st.stm32cube.ide.mcu.externaltools.gnu-tools-for-stm32.7-2018-q2-update.win32_1.4.0.202007081208/tools/bin/../lib/gcc/arm-none-eabi/7.3.1/../../../../arm-none-eabi/lib/thumb/v7-m\libc_nano.a(lib_a-memset.o)
 .debug_frame   0x0000000000000000       0x20 c:/st/stm32cubeide_1.4.0/stm32cubeide/plugins/com.st.stm32cube.ide.mcu.externaltools.gnu-tools-for-stm32.7-2018-q2-update.win32_1.4.0.202007081208/tools/bin/../lib/gcc/arm-none-eabi/7.3.1/../../../../arm-none-eabi/lib/thumb/v7-m\libc_nano.a(lib_a-memset.o)
 .ARM.attributes
                0x0000000000000000       0x2d c:/st/stm32cubeide_1.4.0/stm32cubeide/plugins/com.st.stm32cube.ide.mcu.externaltools.gnu-tools-for-stm32.7-2018-q2-update.win32_1.4.0.202007081208/tools/bin/../lib/gcc/arm-none-eabi/7.3.1/../../../../arm-none-eabi/lib/thumb/v7-m\libc_nano.a(lib_a-memset.o)
 .text          0x0000000000000000        0x0 c:/st/stm32cubeide_1.4.0/stm32cubeide/plugins/com.st.stm32cube.ide.mcu.externaltools.gnu-tools-for-stm32.7-2018-q2-update.win32_1.4.0.202007081208/tools/bin/../lib/gcc/arm-none-eabi/7.3.1/thumb/v7-m/crtend.o
 .data          0x0000000000000000        0x0 c:/st/stm32cubeide_1.4.0/stm32cubeide/plugins/com.st.stm32cube.ide.mcu.externaltools.gnu-tools-for-stm32.7-2018-q2-update.win32_1.4.0.202007081208/tools/bin/../lib/gcc/arm-none-eabi/7.3.1/thumb/v7-m/crtend.o
 .bss           0x0000000000000000        0x0 c:/st/stm32cubeide_1.4.0/stm32cubeide/plugins/com.st.stm32cube.ide.mcu.externaltools.gnu-tools-for-stm32.7-2018-q2-update.win32_1.4.0.202007081208/tools/bin/../lib/gcc/arm-none-eabi/7.3.1/thumb/v7-m/crtend.o
 .eh_frame      0x0000000000000000        0x4 c:/st/stm32cubeide_1.4.0/stm32cubeide/plugins/com.st.stm32cube.ide.mcu.externaltools.gnu-tools-for-stm32.7-2018-q2-update.win32_1.4.0.202007081208/tools/bin/../lib/gcc/arm-none-eabi/7.3.1/thumb/v7-m/crtend.o
 .ARM.attributes
                0x0000000000000000       0x2d c:/st/stm32cubeide_1.4.0/stm32cubeide/plugins/com.st.stm32cube.ide.mcu.externaltools.gnu-tools-for-stm32.7-2018-q2-update.win32_1.4.0.202007081208/tools/bin/../lib/gcc/arm-none-eabi/7.3.1/thumb/v7-m/crtend.o
 .text          0x0000000000000000        0x0 c:/st/stm32cubeide_1.4.0/stm32cubeide/plugins/com.st.stm32cube.ide.mcu.externaltools.gnu-tools-for-stm32.7-2018-q2-update.win32_1.4.0.202007081208/tools/bin/../lib/gcc/arm-none-eabi/7.3.1/thumb/v7-m/crtn.o
 .data          0x0000000000000000        0x0 c:/st/stm32cubeide_1.4.0/stm32cubeide/plugins/com.st.stm32cube.ide.mcu.externaltools.gnu-tools-for-stm32.7-2018-q2-update.win32_1.4.0.202007081208/tools/bin/../lib/gcc/arm-none-eabi/7.3.1/thumb/v7-m/crtn.o
 .bss           0x0000000000000000        0x0 c:/st/stm32cubeide_1.4.0/stm32cubeide/plugins/com.st.stm32cube.ide.mcu.externaltools.gnu-tools-for-stm32.7-2018-q2-update.win32_1.4.0.202007081208/tools/bin/../lib/gcc/arm-none-eabi/7.3.1/thumb/v7-m/crtn.o

Memory Configuration

Name             Origin             Length             Attributes
RAM              0x0000000020000000 0x0000000000002800 xrw
ROM              0x0000000008000000 0x0000000000008000 xr
*default*        0x0000000000000000 0xffffffffffffffff

Linker script and memory map

LOAD c:/st/stm32cubeide_1.4.0/stm32cubeide/plugins/com.st.stm32cube.ide.mcu.externaltools.gnu-tools-for-stm32.7-2018-q2-update.win32_1.4.0.202007081208/tools/bin/../lib/gcc/arm-none-eabi/7.3.1/thumb/v7-m/crti.o
LOAD c:/st/stm32cubeide_1.4.0/stm32cubeide/plugins/com.st.stm32cube.ide.mcu.externaltools.gnu-tools-for-stm32.7-2018-q2-update.win32_1.4.0.202007081208/tools/bin/../lib/gcc/arm-none-eabi/7.3.1/thumb/v7-m/crtbegin.o
LOAD c:/st/stm32cubeide_1.4.0/stm32cubeide/plugins/com.st.stm32cube.ide.mcu.externaltools.gnu-tools-for-stm32.7-2018-q2-update.win32_1.4.0.202007081208/tools/bin/../lib/gcc/arm-none-eabi/7.3.1/../../../../arm-none-eabi/lib/thumb/v7-m/crt0.o
LOAD HAL/KeyPad/keypad.o
LOAD HAL/LCD/lcd.o
LOAD Src/main.o
LOAD Src/syscalls.o
LOAD Src/sysmem.o
LOAD Startup/startup_stm32f103c6tx.o
LOAD stm32f103x6_Drivers/EXTI/stm32f103x6_EXTI_driver.o
LOAD stm32f103x6_Drivers/GPIO/stm32f103x6_gpio_driver.o
START GROUP
LOAD c:/st/stm32cubeide_1.4.0/stm32cubeide/plugins/com.st.stm32cube.ide.mcu.externaltools.gnu-tools-for-stm32.7-2018-q2-update.win32_1.4.0.202007081208/tools/bin/../lib/gcc/arm-none-eabi/7.3.1/../../../../arm-none-eabi/lib/thumb/v7-m\libc_nano.a
LOAD c:/st/stm32cubeide_1.4.0/stm32cubeide/plugins/com.st.stm32cube.ide.mcu.externaltools.gnu-tools-for-stm32.7-2018-q2-update.win32_1.4.0.202007081208/tools/bin/../lib/gcc/arm-none-eabi/7.3.1/../../../../arm-none-eabi/lib/thumb/v7-m\libm.a
END GROUP
START GROUP
LOAD c:/st/stm32cubeide_1.4.0/stm32cubeide/plugins/com.st.stm32cube.ide.mcu.externaltools.gnu-tools-for-stm32.7-2018-q2-update.win32_1.4.0.202007081208/tools/bin/../lib/gcc/arm-none-eabi/7.3.1/thumb/v7-m\libgcc.a
LOAD c:/st/stm32cubeide_1.4.0/stm32cubeide/plugins/com.st.stm32cube.ide.mcu.externaltools.gnu-tools-for-stm32.7-2018-q2-update.win32_1.4.0.202007081208/tools/bin/../lib/gcc/arm-none-eabi/7.3.1/../../../../arm-none-eabi/lib/thumb/v7-m\libg_nano.a
LOAD c:/st/stm32cubeide_1.4.0/stm32cubeide/plugins/com.st.stm32cube.ide.mcu.externaltools.gnu-tools-for-stm32.7-2018-q2-update.win32_1.4.0.202007081208/tools/bin/../lib/gcc/arm-none-eabi/7.3.1/../../../../arm-none-eabi/lib/thumb/v7-m\libc_nano.a
END GROUP
START GROUP
LOAD c:/st/stm32cubeide_1.4.0/stm32cubeide/plugins/com.st.stm32cube.ide.mcu.externaltools.gnu-tools-for-stm32.7-2018-q2-update.win32_1.4.0.202007081208/tools/bin/../lib/gcc/arm-none-eabi/7.3.1/thumb/v7-m\libgcc.a
LOAD c:/st/stm32cubeide_1.4.0/stm32cubeide/plugins/com.st.stm32cube.ide.mcu.externaltools.gnu-tools-for-stm32.7-2018-q2-update.win32_1.4.0.202007081208/tools/bin/../lib/gcc/arm-none-eabi/7.3.1/../../../../arm-none-eabi/lib/thumb/v7-m\libc_nano.a
LOAD c:/st/stm32cubeide_1.4.0/stm32cubeide/plugins/com.st.stm32cube.ide.mcu.externaltools.gnu-tools-for-stm32.7-2018-q2-update.win32_1.4.0.202007081208/tools/bin/../lib/gcc/arm-none-eabi/7.3.1/../../../../arm-none-eabi/lib/thumb/v7-m\libnosys.a
END GROUP
START GROUP
LOAD c:/st/stm32cubeide_1.4.0/stm32cubeide/plugins/com.st.stm32cube.ide.mcu.externaltools.gnu-tools-for-stm32.7-2018-q2-update.win32_1.4.0.202007081208/tools/bin/../lib/gcc/arm-none-eabi/7.3.1/thumb/v7-m\libgcc.a
LOAD c:/st/stm32cubeide_1.4.0/stm32cubeide/plugins/com.st.stm32cube.ide.mcu.externaltools.gnu-tools-for-stm32.7-2018-q2-update.win32_1.4.0.202007081208/tools/bin/../lib/gcc/arm-none-eabi/7.3.1/../../../../arm-none-eabi/lib/thumb/v7-m\libc_nano.a
LOAD c:/st/stm32cubeide_1.4.0/stm32cubeide/plugins/com.st.stm32cube.ide.mcu.externaltools.gnu-tools-for-stm32.7-2018-q2-update.win32_1.4.0.202007081208/tools/bin/../lib/gcc/arm-none-eabi/7.3.1/../../../../arm-none-eabi/lib/thumb/v7-m\libnosys.a
END GROUP
LOAD c:/st/stm32cubeide_1.4.0/stm32cubeide/plugins/com.st.stm32cube.ide.mcu.externaltools.gnu-tools-for-stm32.7-2018-q2-update.win32_1.4.0.202007081208/tools/bin/../lib/gcc/arm-none-eabi/7.3.1/thumb/v7-m/crtend.o
LOAD c:/st/stm32cubeide_1.4.0/stm32cubeide/plugins/com.st.stm32cube.ide.mcu.externaltools.gnu-tools-for-stm32.7-2018-q2-update.win32_1.4.0.202007081208/tools/bin/../lib/gcc/arm-none-eabi/7.3.1/thumb/v7-m/crtn.o
                0x0000000020002800                _estack = (ORIGIN (RAM) + LENGTH (RAM))
                0x0000000000000200                _Min_Heap_Size = 0x200
                0x0000000000000400                _Min_Stack_Size = 0x400

.isr_vector     0x0000000008000000      0x130
                0x0000000008000000                . = ALIGN (0x4)
 *(.isr_vector)
 .isr_vector    0x0000000008000000      0x130 Startup/startup_stm32f103c6tx.o
                0x0000000008000000                g_pfnVectors
                0x0000000008000130                . = ALIGN (0x4)

.text           0x0000000008000130      0xc54
                0x0000000008000130                . = ALIGN (0x4)
 *(.text)
 .text          0x0000000008000130       0x40 c:/st/stm32cubeide_1.4.0/stm32cubeide/plugins/com.st.stm32cube.ide.mcu.externaltools.gnu-tools-for-stm32.7-2018-q2-update.win32_1.4.0.202007081208/tools/bin/../lib/gcc/arm-none-eabi/7.3.1/thumb/v7-m/crtbegin.o
 *(.text*)
 .text.wait_ms  0x0000000008000170       0x38 HAL/LCD/lcd.o
                0x0000000008000170                wait_ms
 .text.LCD_lcd_kick
                0x00000000080001a8       0x2c HAL/LCD/lcd.o
                0x00000000080001a8                LCD_lcd_kick
 .text.LCD_clear_screen
                0x00000000080001d4        0xe HAL/LCD/lcd.o
                0x00000000080001d4                LCD_clear_screen
 .text.LCD_GOTO_XY
                0x00000000080001e2       0x48 HAL/LCD/lcd.o
                0x00000000080001e2                LCD_GOTO_XY
 *fill*         0x000000000800022a        0x2 
 .text.LCD_INIT
                0x000000000800022c      0x180 HAL/LCD/lcd.o
                0x000000000800022c                LCD_INIT
 .text.LCD_WRITE_COMMAND
                0x00000000080003ac       0x44 HAL/LCD/lcd.o
                0x00000000080003ac                LCD_WRITE_COMMAND
 .text.LCD_WRITE_CHAR
                0x00000000080003f0       0x44 HAL/LCD/lcd.o
                0x00000000080003f0                LCD_WRITE_CHAR
 .text.LCD_WRITE_STRING
                0x0000000008000434       0x58 HAL/LCD/lcd.o
                0x0000000008000434                LCD_WRITE_STRING
 .text.clk_init
                0x000000000800048c       0x34 Src/main.o
                0x000000000800048c                clk_init
 .text.EXTI9_Callback
                0x00000000080004c0       0x24 Src/main.o
                0x00000000080004c0                EXTI9_Callback
 .text.main     0x00000000080004e4       0x58 Src/main.o
                0x00000000080004e4                main
 .text.Reset_Handler
                0x000000000800053c       0x50 Startup/startup_stm32f103c6tx.o
                0x000000000800053c                Reset_Handler
 .text.Default_Handler
                0x000000000800058c        0x2 Startup/startup_stm32f103c6tx.o
                0x000000000800058c                TIM8_TRG_COM_IRQHandler
                0x000000000800058c                TIM8_CC_IRQHandler
                0x000000000800058c                DebugMon_Handler
                0x000000000800058c                TIM1_CC_IRQHandler
                0x000000000800058c                HardFault_Handler
                0x000000000800058c                TIM6_IRQHandler
                0x000000000800058c                SysTick_Handler
                0x000000000800058c                PVD_IRQHandler
                0x000000000800058c                SDIO_IRQHandler
                0x000000000800058c                PendSV_Handler
                0x000000000800058c                NMI_Handler
                0x000000000800058c                USB_HP_CAN_TX_IRQHandler
                0x000000000800058c                I2C2_EV_IRQHandler
                0x000000000800058c                UsageFault_Handler
                0x000000000800058c                ADC1_2_IRQHandler
                0x000000000800058c                SPI1_IRQHandler
                0x000000000800058c                CAN_SCE_IRQHandler
                0x000000000800058c                TAMPER_IRQHandler
                0x000000000800058c                TIM8_UP_IRQHandler
                0x000000000800058c                DMA2_Channel2_IRQHandler
                0x000000000800058c                DMA1_Channel4_IRQHandler
                0x000000000800058c                USART3_IRQHandler
                0x000000000800058c                RTC_IRQHandler
                0x000000000800058c                DMA1_Channel7_IRQHandler
                0x000000000800058c                UART5_IRQHandler
                0x000000000800058c                ADC3_IRQHandler
                0x000000000800058c                TIM4_IRQHandler
                0x000000000800058c                CAN_RX1_IRQHandler
                0x000000000800058c                DMA2_Channel1_IRQHandler
                0x000000000800058c                I2C1_EV_IRQHandler
                0x000000000800058c                DMA1_Channel6_IRQHandler
                0x000000000800058c                UART4_IRQHandler
                0x000000000800058c                TIM3_IRQHandler
                0x000000000800058c                RCC_IRQHandler
                0x000000000800058c                TIM1_TRG_COM_IRQHandler
                0x000000000800058c                DMA1_Channel1_IRQHandler
                0x000000000800058c                Default_Handler
                0x000000000800058c                TIM7_IRQHandler
                0x000000000800058c                TIM5_IRQHandler
                0x000000000800058c                SPI2_IRQHandler
                0x000000000800058c                USB_LP_CAN_RX0_IRQHandler
                0x000000000800058c                MemManage_Handler
                0x000000000800058c                SVC_Handler
                0x000000000800058c                DMA1_Channel5_IRQHandler
                0x000000000800058c                DMA1_Channel3_IRQHandler
                0x000000000800058c                FSMC_IRQHandler
                0x000000000800058c                TIM1_UP_IRQHandler
                0x000000000800058c                WWDG_IRQHandler
                0x000000000800058c                TIM2_IRQHandler
                0x000000000800058c                TIM1_BRK_IRQHandler
                0x000000000800058c                RTCAlarm_IRQHandler
                0x000000000800058c                DMA2_Channel4_5_IRQHandler
                0x000000000800058c                USART2_IRQHandler
                0x000000000800058c                I2C2_ER_IRQHandler
                0x000000000800058c                DMA1_Channel2_IRQHandler
                0x000000000800058c                TIM8_BRK_IRQHandler
                0x000000000800058c                FLASH_IRQHandler
                0x000000000800058c                BusFault_Handler
                0x000000000800058c                USART1_IRQHandler
                0x000000000800058c                SPI3_IRQHandler
                0x000000000800058c                I2C1_ER_IRQHandler
                0x000000000800058c                DMA2_Channel3_IRQHandler
 *fill*         0x000000000800058e        0x2 
 .text.EXTI0_IRQHandler
                0x0000000008000590       0x24 stm32f103x6_Drivers/EXTI/stm32f103x6_EXTI_driver.o
                0x0000000008000590                EXTI0_IRQHandler
 .text.EXTI1_IRQHandler
                0x00000000080005b4       0x24 stm32f103x6_Drivers/EXTI/stm32f103x6_EXTI_driver.o
                0x00000000080005b4                EXTI1_IRQHandler
 .text.EXTI2_IRQHandler
                0x00000000080005d8       0x24 stm32f103x6_Drivers/EXTI/stm32f103x6_EXTI_driver.o
                0x00000000080005d8                EXTI2_IRQHandler
 .text.EXTI3_IRQHandler
                0x00000000080005fc       0x24 stm32f103x6_Drivers/EXTI/stm32f103x6_EXTI_driver.o
                0x00000000080005fc                EXTI3_IRQHandler
 .text.EXTI4_IRQHandler
                0x0000000008000620       0x24 stm32f103x6_Drivers/EXTI/stm32f103x6_EXTI_driver.o
                0x0000000008000620                EXTI4_IRQHandler
 .text.EXTI9_5_IRQHandler
                0x0000000008000644       0xa8 stm32f103x6_Drivers/EXTI/stm32f103x6_EXTI_driver.o
                0x0000000008000644                EXTI9_5_IRQHandler
 .text.EXTI15_10_IRQHandler
                0x00000000080006ec       0xc4 stm32f103x6_Drivers/EXTI/stm32f103x6_EXTI_driver.o
                0x00000000080006ec                EXTI15_10_IRQHandler
 .text.Enable_NVIC
                0x00000000080007b0       0xcc stm32f103x6_Drivers/EXTI/stm32f103x6_EXTI_driver.o
                0x00000000080007b0                Enable_NVIC
 .text.Disable_NVIC
                0x000000000800087c       0xcc stm32f103x6_Drivers/EXTI/stm32f103x6_EXTI_driver.o
                0x000000000800087c                Disable_NVIC
 .text.MCAL_EXTI_GPIO_Init
                0x0000000008000948      0x1d4 stm32f103x6_Drivers/EXTI/stm32f103x6_EXTI_driver.o
                0x0000000008000948                MCAL_EXTI_GPIO_Init
 .text.Get_CRHL_Position
                0x0000000008000b1c       0xc6 stm32f103x6_Drivers/GPIO/stm32f103x6_gpio_driver.o
                0x0000000008000b1c                Get_CRHL_Position
 .text.MCAL_GPIO_Init
                0x0000000008000be2       0xf6 stm32f103x6_Drivers/GPIO/stm32f103x6_gpio_driver.o
                0x0000000008000be2                MCAL_GPIO_Init
 .text.MCAL_GPIO_WritePin
                0x0000000008000cd8       0x2e stm32f103x6_Drivers/GPIO/stm32f103x6_gpio_driver.o
                0x0000000008000cd8                MCAL_GPIO_WritePin
 .text.MCAL_GPIO_WritePort
                0x0000000008000d06       0x1c stm32f103x6_Drivers/GPIO/stm32f103x6_gpio_driver.o
                0x0000000008000d06                MCAL_GPIO_WritePort
 *fill*         0x0000000008000d22        0x2 
 .text.__libc_init_array
                0x0000000008000d24       0x48 c:/st/stm32cubeide_1.4.0/stm32cubeide/plugins/com.st.stm32cube.ide.mcu.externaltools.gnu-tools-for-stm32.7-2018-q2-update.win32_1.4.0.202007081208/tools/bin/../lib/gcc/arm-none-eabi/7.3.1/../../../../arm-none-eabi/lib/thumb/v7-m\libc_nano.a(lib_a-init.o)
                0x0000000008000d24                __libc_init_array
 *(.glue_7)
 .glue_7        0x0000000008000d6c        0x0 linker stubs
 *(.glue_7t)
 .glue_7t       0x0000000008000d6c        0x0 linker stubs
 *(.eh_frame)
 .eh_frame      0x0000000008000d6c        0x0 c:/st/stm32cubeide_1.4.0/stm32cubeide/plugins/com.st.stm32cube.ide.mcu.externaltools.gnu-tools-for-stm32.7-2018-q2-update.win32_1.4.0.202007081208/tools/bin/../lib/gcc/arm-none-eabi/7.3.1/thumb/v7-m/crtbegin.o
 *(.init)
 .init          0x0000000008000d6c        0x4 c:/st/stm32cubeide_1.4.0/stm32cubeide/plugins/com.st.stm32cube.ide.mcu.externaltools.gnu-tools-for-stm32.7-2018-q2-update.win32_1.4.0.202007081208/tools/bin/../lib/gcc/arm-none-eabi/7.3.1/thumb/v7-m/crti.o
                0x0000000008000d6c                _init
 .init          0x0000000008000d70        0x8 c:/st/stm32cubeide_1.4.0/stm32cubeide/plugins/com.st.stm32cube.ide.mcu.externaltools.gnu-tools-for-stm32.7-2018-q2-update.win32_1.4.0.202007081208/tools/bin/../lib/gcc/arm-none-eabi/7.3.1/thumb/v7-m/crtn.o
 *(.fini)
 .fini          0x0000000008000d78        0x4 c:/st/stm32cubeide_1.4.0/stm32cubeide/plugins/com.st.stm32cube.ide.mcu.externaltools.gnu-tools-for-stm32.7-2018-q2-update.win32_1.4.0.202007081208/tools/bin/../lib/gcc/arm-none-eabi/7.3.1/thumb/v7-m/crti.o
                0x0000000008000d78                _fini
 .fini          0x0000000008000d7c        0x8 c:/st/stm32cubeide_1.4.0/stm32cubeide/plugins/com.st.stm32cube.ide.mcu.externaltools.gnu-tools-for-stm32.7-2018-q2-update.win32_1.4.0.202007081208/tools/bin/../lib/gcc/arm-none-eabi/7.3.1/thumb/v7-m/crtn.o
                0x0000000008000d84                . = ALIGN (0x4)
                0x0000000008000d84                _etext = .

.vfp11_veneer   0x0000000008000d84        0x0
 .vfp11_veneer  0x0000000008000d84        0x0 linker stubs

.v4_bx          0x0000000008000d84        0x0
 .v4_bx         0x0000000008000d84        0x0 linker stubs

.iplt           0x0000000008000d84        0x0
 .iplt          0x0000000008000d84        0x0 c:/st/stm32cubeide_1.4.0/stm32cubeide/plugins/com.st.stm32cube.ide.mcu.externaltools.gnu-tools-for-stm32.7-2018-q2-update.win32_1.4.0.202007081208/tools/bin/../lib/gcc/arm-none-eabi/7.3.1/thumb/v7-m/crtbegin.o

.rodata         0x0000000008000d84       0x1c
                0x0000000008000d84                . = ALIGN (0x4)
 *(.rodata)
 .rodata        0x0000000008000d84       0x1c Src/main.o
 *(.rodata*)
                0x0000000008000da0                . = ALIGN (0x4)

.rel.dyn        0x0000000008000da0        0x0
 .rel.iplt      0x0000000008000da0        0x0 c:/st/stm32cubeide_1.4.0/stm32cubeide/plugins/com.st.stm32cube.ide.mcu.externaltools.gnu-tools-for-stm32.7-2018-q2-update.win32_1.4.0.202007081208/tools/bin/../lib/gcc/arm-none-eabi/7.3.1/thumb/v7-m/crtbegin.o

.ARM.extab      0x0000000008000da0        0x0
                0x0000000008000da0                . = ALIGN (0x4)
 *(.ARM.extab* .gnu.linkonce.armextab.*)
                0x0000000008000da0                . = ALIGN (0x4)

.ARM            0x0000000008000da0        0x0
                0x0000000008000da0                . = ALIGN (0x4)
                0x0000000008000da0                __exidx_start = .
 *(.ARM.exidx*)
                0x0000000008000da0                __exidx_end = .
                0x0000000008000da0                . = ALIGN (0x4)

.preinit_array  0x0000000008000da0        0x0
                0x0000000008000da0                . = ALIGN (0x4)
                0x0000000008000da0                PROVIDE (__preinit_array_start = .)
 *(.preinit_array*)
                0x0000000008000da0                PROVIDE (__preinit_array_end = .)
                0x0000000008000da0                . = ALIGN (0x4)

.init_array     0x0000000008000da0        0x4
                0x0000000008000da0                . = ALIGN (0x4)
                0x0000000008000da0                PROVIDE (__init_array_start = .)
 *(SORT_BY_NAME(.init_array.*))
 *(.init_array*)
 .init_array    0x0000000008000da0        0x4 c:/st/stm32cubeide_1.4.0/stm32cubeide/plugins/com.st.stm32cube.ide.mcu.externaltools.gnu-tools-for-stm32.7-2018-q2-update.win32_1.4.0.202007081208/tools/bin/../lib/gcc/arm-none-eabi/7.3.1/thumb/v7-m/crtbegin.o
                0x0000000008000da4                PROVIDE (__init_array_end = .)
                0x0000000008000da4                . = ALIGN (0x4)

.fini_array     0x0000000008000da4        0x4
                0x0000000008000da4                . = ALIGN (0x4)
                [!provide]                        PROVIDE (__fini_array_start = .)
 *(SORT_BY_NAME(.fini_array.*))
 *(.fini_array*)
 .fini_array    0x0000000008000da4        0x4 c:/st/stm32cubeide_1.4.0/stm32cubeide/plugins/com.st.stm32cube.ide.mcu.externaltools.gnu-tools-for-stm32.7-2018-q2-update.win32_1.4.0.202007081208/tools/bin/../lib/gcc/arm-none-eabi/7.3.1/thumb/v7-m/crtbegin.o
                [!provide]                        PROVIDE (__fini_array_end = .)
                0x0000000008000da8                . = ALIGN (0x4)
                0x0000000008000da8                _sidata = LOADADDR (.data)

.data           0x0000000020000000        0x0 load address 0x0000000008000da8
                0x0000000020000000                . = ALIGN (0x4)
                0x0000000020000000                _sdata = .
 *(.data)
 *(.data*)
                0x0000000020000000                . = ALIGN (0x4)
                0x0000000020000000                _edata = .

.igot.plt       0x0000000020000000        0x0 load address 0x0000000008000da8
 .igot.plt      0x0000000020000000        0x0 c:/st/stm32cubeide_1.4.0/stm32cubeide/plugins/com.st.stm32cube.ide.mcu.externaltools.gnu-tools-for-stm32.7-2018-q2-update.win32_1.4.0.202007081208/tools/bin/../lib/gcc/arm-none-eabi/7.3.1/thumb/v7-m/crtbegin.o
                0x0000000020000000                . = ALIGN (0x4)

.bss            0x0000000020000000       0x60 load address 0x0000000008000da8
                0x0000000020000000                _sbss = .
                0x0000000020000000                __bss_start__ = _sbss
 *(.bss)
 .bss           0x0000000020000000       0x1c c:/st/stm32cubeide_1.4.0/stm32cubeide/plugins/com.st.stm32cube.ide.mcu.externaltools.gnu-tools-for-stm32.7-2018-q2-update.win32_1.4.0.202007081208/tools/bin/../lib/gcc/arm-none-eabi/7.3.1/thumb/v7-m/crtbegin.o
 *(.bss*)
 *(COMMON)
 COMMON         0x000000002000001c        0x4 HAL/KeyPad/keypad.o
                0x000000002000001c                PinCfg
 COMMON         0x0000000020000020        0x1 Src/main.o
                0x0000000020000020                IRQ_flag
 *fill*         0x0000000020000021        0x3 
 COMMON         0x0000000020000024       0x3c stm32f103x6_Drivers/EXTI/stm32f103x6_EXTI_driver.o
                0x0000000020000024                GP_IRQ_CallBack
                0x0000000020000060                . = ALIGN (0x4)
                0x0000000020000060                _ebss = .
                0x0000000020000060                __bss_end__ = _ebss

._user_heap_stack
                0x0000000020000060      0x600 load address 0x0000000008000da8
                0x0000000020000060                . = ALIGN (0x8)
                [!provide]                        PROVIDE (end = .)
                0x0000000020000060                PROVIDE (_end = .)
                0x0000000020000260                . = (. + _Min_Heap_Size)
 *fill*         0x0000000020000060      0x200 
                0x0000000020000660                . = (. + _Min_Stack_Size)
 *fill*         0x0000000020000260      0x400 
                0x0000000020000660                . = ALIGN (0x8)

/DISCARD/
 libc.a(*)
 libm.a(*)
 libgcc.a(*)

.ARM.attributes
                0x0000000000000000       0x29
 *(.ARM.attributes)
 .ARM.attributes
                0x0000000000000000       0x1d c:/st/stm32cubeide_1.4.0/stm32cubeide/plugins/com.st.stm32cube.ide.mcu.externaltools.gnu-tools-for-stm32.7-2018-q2-update.win32_1.4.0.202007081208/tools/bin/../lib/gcc/arm-none-eabi/7.3.1/thumb/v7-m/crti.o
 .ARM.attributes
                0x000000000000001d       0x2d c:/st/stm32cubeide_1.4.0/stm32cubeide/plugins/com.st.stm32cube.ide.mcu.externaltools.gnu-tools-for-stm32.7-2018-q2-update.win32_1.4.0.202007081208/tools/bin/../lib/gcc/arm-none-eabi/7.3.1/thumb/v7-m/crtbegin.o
 .ARM.attributes
                0x000000000000004a       0x33 HAL/KeyPad/keypad.o
 .ARM.attributes
                0x000000000000007d       0x33 HAL/LCD/lcd.o
 .ARM.attributes
                0x00000000000000b0       0x33 Src/main.o
 .ARM.attributes
                0x00000000000000e3       0x21 Startup/startup_stm32f103c6tx.o
 .ARM.attributes
                0x0000000000000104       0x33 stm32f103x6_Drivers/EXTI/stm32f103x6_EXTI_driver.o
 .ARM.attributes
                0x0000000000000137       0x33 stm32f103x6_Drivers/GPIO/stm32f103x6_gpio_driver.o
 .ARM.attributes
                0x000000000000016a       0x2d c:/st/stm32cubeide_1.4.0/stm32cubeide/plugins/com.st.stm32cube.ide.mcu.externaltools.gnu-tools-for-stm32.7-2018-q2-update.win32_1.4.0.202007081208/tools/bin/../lib/gcc/arm-none-eabi/7.3.1/../../../../arm-none-eabi/lib/thumb/v7-m\libc_nano.a(lib_a-init.o)
 .ARM.attributes
                0x0000000000000197       0x1d c:/st/stm32cubeide_1.4.0/stm32cubeide/plugins/com.st.stm32cube.ide.mcu.externaltools.gnu-tools-for-stm32.7-2018-q2-update.win32_1.4.0.202007081208/tools/bin/../lib/gcc/arm-none-eabi/7.3.1/thumb/v7-m/crtn.o
OUTPUT(Drivers.elf elf32-littlearm)

.debug_info     0x0000000000000000     0x3dfc
 .debug_info    0x0000000000000000      0xb0a HAL/KeyPad/keypad.o
 .debug_info    0x0000000000000b0a      0xbdd HAL/LCD/lcd.o
 .debug_info    0x00000000000016e7      0xbfe Src/main.o
 .debug_info    0x00000000000022e5       0x22 Startup/startup_stm32f103c6tx.o
 .debug_info    0x0000000000002307      0xd94 stm32f103x6_Drivers/EXTI/stm32f103x6_EXTI_driver.o
 .debug_info    0x000000000000309b      0xd61 stm32f103x6_Drivers/GPIO/stm32f103x6_gpio_driver.o

.debug_abbrev   0x0000000000000000      0x9a3
 .debug_abbrev  0x0000000000000000      0x1a6 HAL/KeyPad/keypad.o
 .debug_abbrev  0x00000000000001a6      0x1f4 HAL/LCD/lcd.o
 .debug_abbrev  0x000000000000039a      0x1c0 Src/main.o
 .debug_abbrev  0x000000000000055a       0x12 Startup/startup_stm32f103c6tx.o
 .debug_abbrev  0x000000000000056c      0x21f stm32f103x6_Drivers/EXTI/stm32f103x6_EXTI_driver.o
 .debug_abbrev  0x000000000000078b      0x218 stm32f103x6_Drivers/GPIO/stm32f103x6_gpio_driver.o

.debug_loc      0x0000000000000000      0x970
 .debug_loc     0x0000000000000000       0x7c HAL/KeyPad/keypad.o
 .debug_loc     0x000000000000007c      0x24c HAL/LCD/lcd.o
 .debug_loc     0x00000000000002c8       0xa8 Src/main.o
 .debug_loc     0x0000000000000370      0x2d0 stm32f103x6_Drivers/EXTI/stm32f103x6_EXTI_driver.o
 .debug_loc     0x0000000000000640      0x330 stm32f103x6_Drivers/GPIO/stm32f103x6_gpio_driver.o

.debug_aranges  0x0000000000000000      0x1b8
 .debug_aranges
                0x0000000000000000       0x28 HAL/KeyPad/keypad.o
 .debug_aranges
                0x0000000000000028       0x60 HAL/LCD/lcd.o
 .debug_aranges
                0x0000000000000088       0x30 Src/main.o
 .debug_aranges
                0x00000000000000b8       0x28 Startup/startup_stm32f103c6tx.o
 .debug_aranges
                0x00000000000000e0       0x78 stm32f103x6_Drivers/EXTI/stm32f103x6_EXTI_driver.o
 .debug_aranges
                0x0000000000000158       0x60 stm32f103x6_Drivers/GPIO/stm32f103x6_gpio_driver.o

.debug_ranges   0x0000000000000000      0x160
 .debug_ranges  0x0000000000000000       0x18 HAL/KeyPad/keypad.o
 .debug_ranges  0x0000000000000018       0x50 HAL/LCD/lcd.o
 .debug_ranges  0x0000000000000068       0x20 Src/main.o
 .debug_ranges  0x0000000000000088       0x20 Startup/startup_stm32f103c6tx.o
 .debug_ranges  0x00000000000000a8       0x68 stm32f103x6_Drivers/EXTI/stm32f103x6_EXTI_driver.o
 .debug_ranges  0x0000000000000110       0x50 stm32f103x6_Drivers/GPIO/stm32f103x6_gpio_driver.o

.debug_macro    0x0000000000000000     0x24d6
 .debug_macro   0x0000000000000000      0x152 HAL/KeyPad/keypad.o
 .debug_macro   0x0000000000000152      0xa60 HAL/KeyPad/keypad.o
 .debug_macro   0x0000000000000bb2       0x18 HAL/KeyPad/keypad.o
 .debug_macro   0x0000000000000bca       0x22 HAL/KeyPad/keypad.o
 .debug_macro   0x0000000000000bec       0x40 HAL/KeyPad/keypad.o
 .debug_macro   0x0000000000000c2c       0x94 HAL/KeyPad/keypad.o
 .debug_macro   0x0000000000000cc0       0x3c HAL/KeyPad/keypad.o
 .debug_macro   0x0000000000000cfc       0x34 HAL/KeyPad/keypad.o
 .debug_macro   0x0000000000000d30       0x16 HAL/KeyPad/keypad.o
 .debug_macro   0x0000000000000d46      0x10e HAL/KeyPad/keypad.o
 .debug_macro   0x0000000000000e54       0x8d HAL/KeyPad/keypad.o
 .debug_macro   0x0000000000000ee1       0x57 HAL/KeyPad/keypad.o
 .debug_macro   0x0000000000000f38       0x52 HAL/KeyPad/keypad.o
 .debug_macro   0x0000000000000f8a       0x1f HAL/KeyPad/keypad.o
 .debug_macro   0x0000000000000fa9       0x43 HAL/KeyPad/keypad.o
 .debug_macro   0x0000000000000fec       0x20 HAL/KeyPad/keypad.o
 .debug_macro   0x000000000000100c      0x1a3 HAL/KeyPad/keypad.o
 .debug_macro   0x00000000000011af      0x330 HAL/KeyPad/keypad.o
 .debug_macro   0x00000000000014df       0x16 HAL/KeyPad/keypad.o
 .debug_macro   0x00000000000014f5       0x29 HAL/KeyPad/keypad.o
 .debug_macro   0x000000000000151e       0xef HAL/KeyPad/keypad.o
 .debug_macro   0x000000000000160d       0x6a HAL/KeyPad/keypad.o
 .debug_macro   0x0000000000001677      0x1df HAL/KeyPad/keypad.o
 .debug_macro   0x0000000000001856      0x14e HAL/KeyPad/keypad.o
 .debug_macro   0x00000000000019a4       0xd0 HAL/KeyPad/keypad.o
 .debug_macro   0x0000000000001a74       0x3a HAL/KeyPad/keypad.o
 .debug_macro   0x0000000000001aae      0x152 HAL/LCD/lcd.o
 .debug_macro   0x0000000000001c00       0xa0 HAL/LCD/lcd.o
 .debug_macro   0x0000000000001ca0      0x168 Src/main.o
 .debug_macro   0x0000000000001e08       0xa6 Src/main.o
 .debug_macro   0x0000000000001eae       0x40 Src/main.o
 .debug_macro   0x0000000000001eee      0x285 Src/main.o
 .debug_macro   0x0000000000002173      0x14e stm32f103x6_Drivers/EXTI/stm32f103x6_EXTI_driver.o
 .debug_macro   0x00000000000022c1       0xd6 stm32f103x6_Drivers/EXTI/stm32f103x6_EXTI_driver.o
 .debug_macro   0x0000000000002397      0x13f stm32f103x6_Drivers/GPIO/stm32f103x6_gpio_driver.o

.debug_line     0x0000000000000000     0x20de
 .debug_line    0x0000000000000000      0x656 HAL/KeyPad/keypad.o
 .debug_line    0x0000000000000656      0x67c HAL/LCD/lcd.o
 .debug_line    0x0000000000000cd2      0x5e1 Src/main.o
 .debug_line    0x00000000000012b3       0x84 Startup/startup_stm32f103c6tx.o
 .debug_line    0x0000000000001337      0x727 stm32f103x6_Drivers/EXTI/stm32f103x6_EXTI_driver.o
 .debug_line    0x0000000000001a5e      0x680 stm32f103x6_Drivers/GPIO/stm32f103x6_gpio_driver.o

.debug_str      0x0000000000000000     0x935c
 .debug_str     0x0000000000000000     0x77a3 HAL/KeyPad/keypad.o
                                       0x7a04 (size before relaxing)
 .debug_str     0x00000000000077a3      0x32d HAL/LCD/lcd.o
                                       0x7c6c (size before relaxing)
 .debug_str     0x0000000000007ad0     0x1559 Src/main.o
                                       0x915c (size before relaxing)
 .debug_str     0x0000000000009029       0x31 Startup/startup_stm32f103c6tx.o
                                         0x67 (size before relaxing)
 .debug_str     0x000000000000905a      0x1ef stm32f103x6_Drivers/EXTI/stm32f103x6_EXTI_driver.o
                                       0x8ffe (size before relaxing)
 .debug_str     0x0000000000009249      0x113 stm32f103x6_Drivers/GPIO/stm32f103x6_gpio_driver.o
                                       0x7a98 (size before relaxing)

.comment        0x0000000000000000       0x7b
 .comment       0x0000000000000000       0x7b HAL/KeyPad/keypad.o
                                         0x7c (size before relaxing)
 .comment       0x000000000000007b       0x7c HAL/LCD/lcd.o
 .comment       0x000000000000007b       0x7c Src/main.o
 .comment       0x000000000000007b       0x7c stm32f103x6_Drivers/EXTI/stm32f103x6_EXTI_driver.o
 .comment       0x000000000000007b       0x7c stm32f103x6_Drivers/GPIO/stm32f103x6_gpio_driver.o

.debug_frame    0x0000000000000000      0x520
 .debug_frame   0x0000000000000000       0x50 HAL/KeyPad/keypad.o
 .debug_frame   0x0000000000000050      0x138 HAL/LCD/lcd.o
 .debug_frame   0x0000000000000188       0x6c Src/main.o
 .debug_frame   0x00000000000001f4      0x18c stm32f103x6_Drivers/EXTI/stm32f103x6_EXTI_driver.o
 .debug_frame   0x0000000000000380      0x174 stm32f103x6_Drivers/GPIO/stm32f103x6_gpio_driver.o
 .debug_frame   0x00000000000004f4       0x2c c:/st/stm32cubeide_1.4.0/stm32cubeide/plugins/com.st.stm32cube.ide.mcu.externaltools.gnu-tools-for-stm32.7-2018-q2-update.win32_1.4.0.202007081208/tools/bin/../lib/gcc/arm-none-eabi/7.3.1/../../../../arm-none-eabi/lib/thumb/v7-m\libc_nano.a(lib_a-init.o)
